64.233.173.38 - - [21/Oct/2019:22:07:40 +0700] "GET / HTTP/1.0" 200 172 "-" "Mozilla/5.0 (Linux; Android 5.1; A1601) AppleWebKit/537.36 (KHTML, like Gecko) Chrome/76.0.3809.89 Mobile Safari/537.36"
64.233.173.36 - - [21/Oct/2019:22:07:40 +0700] "GET /favicon.ico HTTP/1.0" 404 1047 "http://santoaloisius.xyz/" "Mozilla/5.0 (Linux; Android 5.1; A1601) AppleWebKit/537.36 (KHTML, like Gecko) Chrome/76.0.3809.89 Mobile Safari/537.36"
64.233.173.38 - - [21/Oct/2019:22:07:51 +0700] "GET / HTTP/1.0" 200 172 "-" "Mozilla/5.0 (Linux; Android 5.1; A1601) AppleWebKit/537.36 (KHTML, like Gecko) Chrome/76.0.3809.89 Mobile Safari/537.36"
64.233.173.36 - - [21/Oct/2019:22:09:08 +0700] "GET / HTTP/1.0" 200 172 "-" "Mozilla/5.0 (Linux; Android 5.1; A1601) AppleWebKit/537.36 (KHTML, like Gecko) Chrome/76.0.3809.89 Mobile Safari/537.36"
64.233.173.36 - - [21/Oct/2019:22:10:14 +0700] "GET / HTTP/1.0" 200 172 "-" "Mozilla/5.0 (Linux; Android 5.1; A1601) AppleWebKit/537.36 (KHTML, like Gecko) Chrome/76.0.3809.89 Mobile Safari/537.36"
64.233.173.36 - - [21/Oct/2019:22:11:48 +0700] "GET / HTTP/1.0" 200 172 "-" "Mozilla/5.0 (Linux; Android 5.1; A1601) AppleWebKit/537.36 (KHTML, like Gecko) Chrome/76.0.3809.89 Mobile Safari/537.36"
64.233.173.38 - - [21/Oct/2019:22:44:02 +0700] "GET / HTTP/1.0" 200 172 "-" "Mozilla/5.0 (Linux; Android 8.1.0; SM-G610F Build/M1AJQ) AppleWebKit/537.36 (KHTML, like Gecko) Chrome/69.0.3497.100 Mobile Safari/537.36"
64.233.173.36 - - [21/Oct/2019:22:44:02 +0700] "GET /favicon.ico HTTP/1.0" 404 1047 "http://santoaloisius.xyz/" "Mozilla/5.0 (Linux; Android 8.1.0; SM-G610F Build/M1AJQ) AppleWebKit/537.36 (KHTML, like Gecko) Chrome/69.0.3497.100 Mobile Safari/537.36"
66.133.109.36 - - [21/Oct/2019:22:29:25 +0700] "GET /.well-known/acme-challenge/MAUQi9aZZYdYFY0LcfWgCsKEafN0R-KFtdffHhOi5Dc HTTP/1.1" 200 87 "-" "Mozilla/5.0 (compatible; Let's Encrypt validation server; +https://www.letsencrypt.org)"
34.209.232.166 - - [21/Oct/2019:22:29:25 +0700] "GET /.well-known/acme-challenge/MAUQi9aZZYdYFY0LcfWgCsKEafN0R-KFtdffHhOi5Dc HTTP/1.1" 200 87 "-" "Mozilla/5.0 (compatible; Let's Encrypt validation server; +https://www.letsencrypt.org)"
52.15.254.228 - - [21/Oct/2019:22:29:25 +0700] "GET /.well-known/acme-challenge/MAUQi9aZZYdYFY0LcfWgCsKEafN0R-KFtdffHhOi5Dc HTTP/1.1" 200 87 "-" "Mozilla/5.0 (compatible; Let's Encrypt validation server; +https://www.letsencrypt.org)"
34.209.232.166 - - [21/Oct/2019:22:29:29 +0700] "GET /.well-known/acme-challenge/zBguKtonFHehNlkgZR7IeEpv352LGL7kA-2ZQEM3dFE HTTP/1.1" 301 162 "-" "Mozilla/5.0 (compatible; Let's Encrypt validation server; +https://www.letsencrypt.org)"
66.133.109.36 - - [21/Oct/2019:22:29:29 +0700] "GET /.well-known/acme-challenge/zBguKtonFHehNlkgZR7IeEpv352LGL7kA-2ZQEM3dFE HTTP/1.1" 301 162 "-" "Mozilla/5.0 (compatible; Let's Encrypt validation server; +https://www.letsencrypt.org)"
34.209.232.166 - - [21/Oct/2019:22:29:30 +0700] "GET /.well-known/acme-challenge/zBguKtonFHehNlkgZR7IeEpv352LGL7kA-2ZQEM3dFE HTTP/1.1" 200 87 "http://www.santoaloisius.xyz/.well-known/acme-challenge/zBguKtonFHehNlkgZR7IeEpv352LGL7kA-2ZQEM3dFE" "Mozilla/5.0 (compatible; Let's Encrypt validation server; +https://www.letsencrypt.org)"
66.133.109.36 - - [21/Oct/2019:22:29:30 +0700] "GET /.well-known/acme-challenge/zBguKtonFHehNlkgZR7IeEpv352LGL7kA-2ZQEM3dFE HTTP/1.1" 200 87 "http://www.santoaloisius.xyz/.well-known/acme-challenge/zBguKtonFHehNlkgZR7IeEpv352LGL7kA-2ZQEM3dFE" "Mozilla/5.0 (compatible; Let's Encrypt validation server; +https://www.letsencrypt.org)"
180.249.146.163 - - [22/Oct/2019:06:06:07 +0700] "GET / HTTP/1.0" 200 172 "-" "Mozilla/5.0 (Linux; Android 5.1; A1601) AppleWebKit/537.36 (KHTML, like Gecko) Chrome/76.0.3809.89 Mobile Safari/537.36"
180.249.146.163 - - [22/Oct/2019:06:06:08 +0700] "GET /favicon.ico HTTP/1.0" 404 1047 "http://santoaloisius.xyz/" "Mozilla/5.0 (Linux; Android 5.1; A1601) AppleWebKit/537.36 (KHTML, like Gecko) Chrome/76.0.3809.89 Mobile Safari/537.36"
192.210.139.121 - - [22/Oct/2019:08:38:57 +0700] "GET / HTTP/1.0" 200 172 "-" "Mozilla/5.0 (Windows NT 10.0; WOW64; rv:52.0) Gecko/20100101 Firefox/36.0"
93.63.162.100 - - [22/Oct/2019:09:29:02 +0700] "GET / HTTP/1.0" 200 172 "-" "Mozilla/5.0 (Windows NT 10.0; Win64; x64) AppleWebKit/537.36 (KHTML, like Gecko) Chrome/74.0.3729.169 Safari/537.36"
93.63.162.100 - - [22/Oct/2019:10:03:47 +0700] "GET / HTTP/1.0" 200 172 "-" "Mozilla/5.0 (Windows NT 10.0; Win64; x64) AppleWebKit/537.36 (KHTML, like Gecko) Chrome/74.0.3729.169 Safari/537.36"
93.63.162.100 - - [22/Oct/2019:10:31:12 +0700] "GET / HTTP/1.0" 200 172 "-" "Mozilla/5.0 (Windows NT 10.0; Win64; x64) AppleWebKit/537.36 (KHTML, like Gecko) Chrome/74.0.3729.169 Safari/537.36"
35.237.23.151 - - [22/Oct/2019:10:37:46 +0700] "GET / HTTP/1.0" 200 172 "-" "Mozilla/5.0 (Windows NT 10.0; Win64; x64; rv:57.0) Gecko/20100101 Firefox/57.0"
93.63.162.100 - - [22/Oct/2019:11:21:10 +0700] "GET / HTTP/1.0" 200 172 "-" "Mozilla/5.0 (Windows NT 10.0; Win64; x64) AppleWebKit/537.36 (KHTML, like Gecko) Chrome/74.0.3729.169 Safari/537.36"
159.65.168.252 - - [22/Oct/2019:11:40:11 +0700] "GET / HTTP/1.0" 200 172 "-" "Mozilla/5.0 (Windows NT 6.1; WOW64; rv:40.0) Gecko/20100101 Firefox/40.1"
65.154.226.220 - - [22/Oct/2019:14:29:37 +0700] "GET / HTTP/1.0" 200 172 "-" "Mozilla/5.0 (X11; Linux x86_64) AppleWebKit/537.36 (KHTML, like Gecko) HeadlessChrome/74.0.3729.157 Safari/537.36"
65.154.226.100 - - [22/Oct/2019:14:36:02 +0700] "GET / HTTP/1.0" 200 172 "-" "Apache-HttpClient/4.5.6 (Java/1.8.0_222)"
202.94.83.75 - - [22/Oct/2019:15:09:45 +0700] "GET / HTTP/1.0" 200 172 "-" "Mozilla/5.0 (Windows NT 6.1; Win64; x64; rv:68.0) Gecko/20100101 Firefox/68.0"
202.94.83.75 - - [22/Oct/2019:15:09:46 +0700] "GET /favicon.ico HTTP/1.0" 404 1047 "-" "Mozilla/5.0 (Windows NT 6.1; Win64; x64; rv:68.0) Gecko/20100101 Firefox/68.0"
202.94.83.75 - - [22/Oct/2019:15:10:03 +0700] "GET /2019.php/komunitas/ HTTP/1.0" 200 1117 "-" "Mozilla/5.0 (Windows NT 6.1; Win64; x64; rv:68.0) Gecko/20100101 Firefox/68.0"
202.94.83.75 - - [22/Oct/2019:15:10:03 +0700] "GET /2019.php/komunitas/smart.css HTTP/1.0" 200 941 "http://santoaloisius.xyz/2019.php/komunitas/" "Mozilla/5.0 (Windows NT 6.1; Win64; x64; rv:68.0) Gecko/20100101 Firefox/68.0"
202.94.83.75 - - [22/Oct/2019:15:10:27 +0700] "POST /2019.php/komunitas/caripassword.php HTTP/1.0" 302 362 "http://santoaloisius.xyz/2019.php/komunitas/" "Mozilla/5.0 (Windows NT 6.1; Win64; x64; rv:68.0) Gecko/20100101 Firefox/68.0"
202.94.83.75 - - [22/Oct/2019:15:10:27 +0700] "GET /2019.php/komunitas/halamanutama.php HTTP/1.0" 200 3299 "http://santoaloisius.xyz/2019.php/komunitas/" "Mozilla/5.0 (Windows NT 6.1; Win64; x64; rv:68.0) Gecko/20100101 Firefox/68.0"
202.94.83.75 - - [22/Oct/2019:15:10:35 +0700] "GET /2019.php/komunitas/bukujurnal.php HTTP/1.0" 200 250731 "http://santoaloisius.xyz/2019.php/komunitas/halamanutama.php" "Mozilla/5.0 (Windows NT 6.1; Win64; x64; rv:68.0) Gecko/20100101 Firefox/68.0"
202.94.83.75 - - [22/Oct/2019:15:11:13 +0700] "POST /2019.php/komunitas/caripassword.php HTTP/1.0" 302 304 "http://santoaloisius.xyz/2019.php/komunitas/" "Mozilla/5.0 (Windows NT 6.1; Win64; x64; rv:68.0) Gecko/20100101 Firefox/68.0"
202.94.83.75 - - [22/Oct/2019:15:11:13 +0700] "GET /2019.php/komunitas/halamanutama.php HTTP/1.0" 200 3299 "http://santoaloisius.xyz/2019.php/komunitas/" "Mozilla/5.0 (Windows NT 6.1; Win64; x64; rv:68.0) Gecko/20100101 Firefox/68.0"
202.94.83.75 - - [22/Oct/2019:15:12:25 +0700] "GET /2019.php/komunitas/logout.php HTTP/1.0" 200 636 "-" "Mozilla/5.0 (Windows NT 6.1; Win64; x64; rv:68.0) Gecko/20100101 Firefox/68.0"
202.94.83.75 - - [22/Oct/2019:15:12:29 +0700] "GET /2019.php/komunitas/index.html HTTP/1.0" 200 1117 "http://santoaloisius.xyz/2019.php/komunitas/logout.php" "Mozilla/5.0 (Windows NT 6.1; Win64; x64; rv:68.0) Gecko/20100101 Firefox/68.0"
202.94.83.75 - - [22/Oct/2019:15:12:44 +0700] "POST /2019.php/komunitas/caripassword.php HTTP/1.0" 302 304 "http://santoaloisius.xyz/2019.php/komunitas/index.html" "Mozilla/5.0 (Windows NT 6.1; Win64; x64; rv:68.0) Gecko/20100101 Firefox/68.0"
202.94.83.75 - - [22/Oct/2019:15:12:44 +0700] "GET /2019.php/komunitas/halamanutama.php HTTP/1.0" 200 3299 "http://santoaloisius.xyz/2019.php/komunitas/index.html" "Mozilla/5.0 (Windows NT 6.1; Win64; x64; rv:68.0) Gecko/20100101 Firefox/68.0"
202.94.83.75 - - [22/Oct/2019:15:12:49 +0700] "GET /2019.php/komunitas/logout.php HTTP/1.0" 200 636 "http://santoaloisius.xyz/2019.php/komunitas/halamanutama.php" "Mozilla/5.0 (Windows NT 6.1; Win64; x64; rv:68.0) Gecko/20100101 Firefox/68.0"
202.94.83.75 - - [22/Oct/2019:15:12:58 +0700] "GET /2019.php/komunitas/admin/ HTTP/1.0" 200 999 "-" "Mozilla/5.0 (Windows NT 6.1; Win64; x64; rv:68.0) Gecko/20100101 Firefox/68.0"
202.94.83.75 - - [22/Oct/2019:15:12:58 +0700] "GET /2019.php/komunitas/admin/smart.css HTTP/1.0" 200 941 "http://santoaloisius.xyz/2019.php/komunitas/admin/" "Mozilla/5.0 (Windows NT 6.1; Win64; x64; rv:68.0) Gecko/20100101 Firefox/68.0"
202.94.83.75 - - [22/Oct/2019:15:13:07 +0700] "POST /2019.php/komunitas/admin/caripassword.php HTTP/1.0" 200 690 "http://santoaloisius.xyz/2019.php/komunitas/admin/" "Mozilla/5.0 (Windows NT 6.1; Win64; x64; rv:68.0) Gecko/20100101 Firefox/68.0"
202.94.83.75 - - [22/Oct/2019:15:13:20 +0700] "GET /2019.php/komunitas/admin/index.html HTTP/1.0" 200 999 "http://santoaloisius.xyz/2019.php/komunitas/admin/caripassword.php" "Mozilla/5.0 (Windows NT 6.1; Win64; x64; rv:68.0) Gecko/20100101 Firefox/68.0"
202.94.83.75 - - [22/Oct/2019:15:14:02 +0700] "POST /2019.php/komunitas/admin/caripassword.php HTTP/1.0" 302 2616 "http://santoaloisius.xyz/2019.php/komunitas/admin/index.html" "Mozilla/5.0 (Windows NT 6.1; Win64; x64; rv:68.0) Gecko/20100101 Firefox/68.0"
202.94.83.75 - - [22/Oct/2019:15:14:03 +0700] "GET /2019.php/komunitas/listuser.php HTTP/1.0" 200 5233 "http://santoaloisius.xyz/2019.php/komunitas/admin/index.html" "Mozilla/5.0 (Windows NT 6.1; Win64; x64; rv:68.0) Gecko/20100101 Firefox/68.0"
202.94.83.75 - - [22/Oct/2019:15:14:28 +0700] "GET /2019.php/komunitas/neracasaldotgl3.php?tgl1=2019-10-22 HTTP/1.0" 200 17000 "http://santoaloisius.xyz/2019.php/komunitas/listuser.php" "Mozilla/5.0 (Windows NT 6.1; Win64; x64; rv:68.0) Gecko/20100101 Firefox/68.0"
202.94.83.75 - - [22/Oct/2019:15:14:38 +0700] "GET /2019.php/komunitas/halamanutama.php HTTP/1.0" 200 3501 "http://santoaloisius.xyz/2019.php/komunitas/neracasaldotgl3.php?tgl1=2019-10-22" "Mozilla/5.0 (Windows NT 6.1; Win64; x64; rv:68.0) Gecko/20100101 Firefox/68.0"
202.94.83.75 - - [22/Oct/2019:15:14:38 +0700] "GET /2019.php/komunitas/smart.css HTTP/1.0" 200 941 "http://santoaloisius.xyz/2019.php/komunitas/halamanutama.php" "Mozilla/5.0 (Windows NT 6.1; Win64; x64; rv:68.0) Gecko/20100101 Firefox/68.0"
202.94.83.75 - - [22/Oct/2019:15:14:50 +0700] "GET /2019.php/komunitas/logout.php HTTP/1.0" 200 636 "http://santoaloisius.xyz/2019.php/komunitas/halamanutama.php" "Mozilla/5.0 (Windows NT 6.1; Win64; x64; rv:68.0) Gecko/20100101 Firefox/68.0"
202.94.83.75 - - [22/Oct/2019:15:14:50 +0700] "GET /2019.php/komunitas/smart.css HTTP/1.0" 200 941 "http://santoaloisius.xyz/2019.php/komunitas/logout.php" "Mozilla/5.0 (Windows NT 6.1; Win64; x64; rv:68.0) Gecko/20100101 Firefox/68.0"
140.213.28.120 - - [22/Oct/2019:15:15:29 +0700] "GET /2019.php/komunitas/index.html HTTP/1.0" 200 1117 "-" "WhatsApp/2.19.244 A"
140.213.28.120 - - [22/Oct/2019:15:15:48 +0700] "GET /2019.php/komunitas/admin/ HTTP/1.0" 200 999 "-" "WhatsApp/2.19.244 A"
202.94.83.75 - - [22/Oct/2019:15:27:14 +0700] "GET / HTTP/1.0" 200 199 "-" "Mozilla/5.0 (Windows NT 6.1; Win64; x64; rv:68.0) Gecko/20100101 Firefox/68.0"
64.233.173.36 - - [22/Oct/2019:15:59:36 +0700] "GET /2019.php/komunitas/index.html HTTP/1.0" 200 1117 "-" "Mozilla/5.0 (Linux; Android 5.1; A1601) AppleWebKit/537.36 (KHTML, like Gecko) Chrome/76.0.3809.89 Mobile Safari/537.36"
64.233.173.33 - - [22/Oct/2019:15:59:37 +0700] "GET /2019.php/komunitas/smart.css HTTP/1.0" 200 941 "http://santoaloisius.xyz/2019.php/komunitas/index.html" "Mozilla/5.0 (Linux; Android 5.1; A1601) AppleWebKit/537.36 (KHTML, like Gecko) Chrome/76.0.3809.89 Mobile Safari/537.36"
64.233.173.38 - - [22/Oct/2019:15:59:37 +0700] "GET /favicon.ico HTTP/1.0" 404 1047 "http://santoaloisius.xyz/2019.php/komunitas/index.html" "Mozilla/5.0 (Linux; Android 5.1; A1601) AppleWebKit/537.36 (KHTML, like Gecko) Chrome/76.0.3809.89 Mobile Safari/537.36"
114.125.81.65 - - [22/Oct/2019:16:00:00 +0700] "POST /2019.php/komunitas/caripassword.php HTTP/1.0" 302 362 "http://santoaloisius.xyz/2019.php/komunitas/index.html" "Mozilla/5.0 (Linux; Android 5.1; A1601) AppleWebKit/537.36 (KHTML, like Gecko) Chrome/76.0.3809.89 Mobile Safari/537.36"
64.233.173.33 - - [22/Oct/2019:16:00:00 +0700] "GET /2019.php/komunitas/halamanutama.php HTTP/1.0" 200 3301 "http://santoaloisius.xyz/2019.php/komunitas/index.html" "Mozilla/5.0 (Linux; Android 5.1; A1601) AppleWebKit/537.36 (KHTML, like Gecko) Chrome/76.0.3809.89 Mobile Safari/537.36"
114.125.81.65 - - [22/Oct/2019:16:23:19 +0700] "POST /2019.php/komunitas/caripassword.php HTTP/1.0" 302 304 "http://santoaloisius.xyz/2019.php/komunitas/index.html" "Mozilla/5.0 (Linux; Android 5.1; A1601) AppleWebKit/537.36 (KHTML, like Gecko) Chrome/76.0.3809.89 Mobile Safari/537.36"
64.233.173.38 - - [22/Oct/2019:16:23:20 +0700] "GET /2019.php/komunitas/halamanutama.php HTTP/1.0" 200 3301 "http://santoaloisius.xyz/2019.php/komunitas/index.html" "Mozilla/5.0 (Linux; Android 5.1; A1601) AppleWebKit/537.36 (KHTML, like Gecko) Chrome/76.0.3809.89 Mobile Safari/537.36"
64.233.173.36 - - [22/Oct/2019:16:24:24 +0700] "GET /2019.php/komunitas/admin/ HTTP/1.0" 200 999 "-" "Mozilla/5.0 (Linux; Android 5.1; A1601) AppleWebKit/537.36 (KHTML, like Gecko) Chrome/76.0.3809.89 Mobile Safari/537.36"
64.233.173.33 - - [22/Oct/2019:16:24:25 +0700] "GET /2019.php/komunitas/admin/smart.css HTTP/1.0" 200 941 "http://santoaloisius.xyz/2019.php/komunitas/admin/" "Mozilla/5.0 (Linux; Android 5.1; A1601) AppleWebKit/537.36 (KHTML, like Gecko) Chrome/76.0.3809.89 Mobile Safari/537.36"
114.125.81.65 - - [22/Oct/2019:16:24:44 +0700] "POST /2019.php/komunitas/admin/caripassword.php HTTP/1.0" 302 2616 "http://santoaloisius.xyz/2019.php/komunitas/admin/" "Mozilla/5.0 (Linux; Android 5.1; A1601) AppleWebKit/537.36 (KHTML, like Gecko) Chrome/76.0.3809.89 Mobile Safari/537.36"
64.233.173.38 - - [22/Oct/2019:16:24:44 +0700] "GET /2019.php/komunitas/listuser.php HTTP/1.0" 200 5233 "http://santoaloisius.xyz/2019.php/komunitas/admin/" "Mozilla/5.0 (Linux; Android 5.1; A1601) AppleWebKit/537.36 (KHTML, like Gecko) Chrome/76.0.3809.89 Mobile Safari/537.36"
114.125.81.65 - - [22/Oct/2019:16:24:49 +0700] "POST /2019.php/komunitas/menuadmin.php HTTP/1.0" 302 298 "http://santoaloisius.xyz/2019.php/komunitas/listuser.php" "Mozilla/5.0 (Linux; Android 5.1; A1601) AppleWebKit/537.36 (KHTML, like Gecko) Chrome/76.0.3809.89 Mobile Safari/537.36"
64.233.173.36 - - [22/Oct/2019:16:24:49 +0700] "GET /2019.php/komunitas/halamanutama.php HTTP/1.0" 200 3502 "http://santoaloisius.xyz/2019.php/komunitas/listuser.php" "Mozilla/5.0 (Linux; Android 5.1; A1601) AppleWebKit/537.36 (KHTML, like Gecko) Chrome/76.0.3809.89 Mobile Safari/537.36"
64.233.173.38 - - [22/Oct/2019:16:24:52 +0700] "GET /2019.php/komunitas/neracasaldotgl.php?tgl1=2019-10-22 HTTP/1.0" 200 2598 "http://santoaloisius.xyz/2019.php/komunitas/halamanutama.php" "Mozilla/5.0 (Linux; Android 5.1; A1601) AppleWebKit/537.36 (KHTML, like Gecko) Chrome/76.0.3809.89 Mobile Safari/537.36"
64.233.173.36 - - [22/Oct/2019:16:24:54 +0700] "GET /2019.php/komunitas/halamanutama.php HTTP/1.0" 200 3502 "http://santoaloisius.xyz/2019.php/komunitas/listuser.php" "Mozilla/5.0 (Linux; Android 5.1; A1601) AppleWebKit/537.36 (KHTML, like Gecko) Chrome/76.0.3809.89 Mobile Safari/537.36"
64.233.173.36 - - [22/Oct/2019:16:24:55 +0700] "GET /2019.php/komunitas/listuser.php HTTP/1.0" 200 5233 "http://santoaloisius.xyz/2019.php/komunitas/admin/" "Mozilla/5.0 (Linux; Android 5.1; A1601) AppleWebKit/537.36 (KHTML, like Gecko) Chrome/76.0.3809.89 Mobile Safari/537.36"
114.125.81.65 - - [22/Oct/2019:16:25:33 +0700] "POST /2019.php/komunitas/caripassword.php HTTP/1.0" 302 304 "http://santoaloisius.xyz/2019.php/komunitas/index.html" "Mozilla/5.0 (Linux; Android 5.1; A1601) AppleWebKit/537.36 (KHTML, like Gecko) Chrome/76.0.3809.89 Mobile Safari/537.36"
64.233.173.38 - - [22/Oct/2019:16:25:33 +0700] "GET /2019.php/komunitas/halamanutama.php HTTP/1.0" 200 3301 "http://santoaloisius.xyz/2019.php/komunitas/index.html" "Mozilla/5.0 (Linux; Android 5.1; A1601) AppleWebKit/537.36 (KHTML, like Gecko) Chrome/76.0.3809.89 Mobile Safari/537.36"
64.233.173.36 - - [22/Oct/2019:16:25:36 +0700] "GET /2019.php/komunitas/neracasaldotgl.php?tgl1=2019-10-22 HTTP/1.0" 200 8902 "http://santoaloisius.xyz/2019.php/komunitas/halamanutama.php" "Mozilla/5.0 (Linux; Android 5.1; A1601) AppleWebKit/537.36 (KHTML, like Gecko) Chrome/76.0.3809.89 Mobile Safari/537.36"
64.233.173.36 - - [22/Oct/2019:16:25:40 +0700] "GET /2019.php/komunitas/halamanutama.php HTTP/1.0" 200 3301 "http://santoaloisius.xyz/2019.php/komunitas/index.html" "Mozilla/5.0 (Linux; Android 5.1; A1601) AppleWebKit/537.36 (KHTML, like Gecko) Chrome/76.0.3809.89 Mobile Safari/537.36"
93.63.162.100 - - [22/Oct/2019:16:58:51 +0700] "GET / HTTP/1.0" 200 199 "-" "Mozilla/5.0 (Windows NT 10.0; Win64; x64) AppleWebKit/537.36 (KHTML, like Gecko) Chrome/74.0.3729.169 Safari/537.36"
87.13.9.128 - - [22/Oct/2019:17:49:26 +0700] "GET / HTTP/1.0" 200 199 "-" "Mozilla/5.1 (Windows NT 6.1; WOW64; rv:36.0) Gecko/20100101 Firefox/36.0"
104.238.217.123 - - [23/Oct/2019:02:49:01 +0700] "GET / HTTP/1.0" 200 199 "-" "Mozilla/4.0 (compatible; MSIE 8.0; Windows NT 6.0)"
52.201.235.168 - - [23/Oct/2019:04:54:26 +0700] "GET /robots.txt HTTP/1.0" 404 1047 "-" "bitlybot/3.0 (+http://bit.ly/)"
52.201.235.168 - - [23/Oct/2019:04:54:26 +0700] "GET /2019.php/komunitas/index.html HTTP/1.0" 200 1060 "-" "bitlybot/3.0 (+http://bit.ly/)"
64.233.173.36 - - [23/Oct/2019:04:59:34 +0700] "GET /favicon.ico HTTP/1.0" 404 1047 "http://santoaloisius.xyz/2019.php/komunitas/index.html" "Mozilla/5.0 (Linux; Android 5.1; A1601) AppleWebKit/537.36 (KHTML, like Gecko) Chrome/76.0.3809.89 Mobile Safari/537.36"
54.86.37.102 - - [23/Oct/2019:05:00:42 +0700] "GET /2019.php/komunitas/admin/ HTTP/1.0" 200 999 "-" "bitlybot/3.0 (+http://bit.ly/)"
64.233.173.36 - - [23/Oct/2019:05:01:26 +0700] "GET /favicon.ico HTTP/1.0" 404 1047 "http://santoaloisius.xyz/2019.php/komunitas/admin/" "Mozilla/5.0 (Linux; Android 5.1; A1601) AppleWebKit/537.36 (KHTML, like Gecko) Chrome/76.0.3809.89 Mobile Safari/537.36"
114.125.108.181 - - [23/Oct/2019:05:01:40 +0700] "POST /2019.php/komunitas/admin/caripassword.php HTTP/1.0" 302 2674 "http://santoaloisius.xyz/2019.php/komunitas/admin/" "Mozilla/5.0 (Linux; Android 5.1; A1601) AppleWebKit/537.36 (KHTML, like Gecko) Chrome/76.0.3809.89 Mobile Safari/537.36"
64.233.173.33 - - [23/Oct/2019:05:01:41 +0700] "GET /2019.php/komunitas/listuser.php HTTP/1.0" 200 5233 "http://santoaloisius.xyz/2019.php/komunitas/admin/" "Mozilla/5.0 (Linux; Android 5.1; A1601) AppleWebKit/537.36 (KHTML, like Gecko) Chrome/76.0.3809.89 Mobile Safari/537.36"
114.125.108.181 - - [23/Oct/2019:05:02:30 +0700] "POST /2019.php/komunitas/admin/caripassword.php HTTP/1.0" 302 2616 "http://santoaloisius.xyz/2019.php/komunitas/admin/" "Mozilla/5.0 (Linux; Android 5.1; A1601) AppleWebKit/537.36 (KHTML, like Gecko) Chrome/76.0.3809.89 Mobile Safari/537.36"
64.233.173.33 - - [23/Oct/2019:05:02:30 +0700] "GET /2019.php/komunitas/listuser.php HTTP/1.0" 200 5233 "http://santoaloisius.xyz/2019.php/komunitas/admin/" "Mozilla/5.0 (Linux; Android 5.1; A1601) AppleWebKit/537.36 (KHTML, like Gecko) Chrome/76.0.3809.89 Mobile Safari/537.36"
114.125.108.181 - - [23/Oct/2019:05:02:42 +0700] "POST /2019.php/komunitas/menuadmin.php HTTP/1.0" 302 298 "http://santoaloisius.xyz/2019.php/komunitas/listuser.php" "Mozilla/5.0 (Linux; Android 5.1; A1601) AppleWebKit/537.36 (KHTML, like Gecko) Chrome/76.0.3809.89 Mobile Safari/537.36"
64.233.173.33 - - [23/Oct/2019:05:02:42 +0700] "GET /2019.php/komunitas/halamanutama.php HTTP/1.0" 200 3501 "http://santoaloisius.xyz/2019.php/komunitas/listuser.php" "Mozilla/5.0 (Linux; Android 5.1; A1601) AppleWebKit/537.36 (KHTML, like Gecko) Chrome/76.0.3809.89 Mobile Safari/537.36"
64.233.173.33 - - [23/Oct/2019:05:03:12 +0700] "GET /2019.php/komunitas/listuser.php HTTP/1.0" 200 5233 "http://santoaloisius.xyz/2019.php/komunitas/admin/" "Mozilla/5.0 (Linux; Android 5.1; A1601) AppleWebKit/537.36 (KHTML, like Gecko) Chrome/76.0.3809.89 Mobile Safari/537.36"
114.125.110.170 - - [23/Oct/2019:05:04:27 +0700] "POST /2019.php/komunitas/caripassword.php HTTP/1.0" 302 304 "http://santoaloisius.xyz/2019.php/komunitas/index.html" "Mozilla/5.0 (Linux; Android 5.1; A1601) AppleWebKit/537.36 (KHTML, like Gecko) Chrome/76.0.3809.89 Mobile Safari/537.36"
64.233.173.36 - - [23/Oct/2019:05:04:27 +0700] "GET /2019.php/komunitas/halamanutama.php HTTP/1.0" 200 3301 "http://santoaloisius.xyz/2019.php/komunitas/index.html" "Mozilla/5.0 (Linux; Android 5.1; A1601) AppleWebKit/537.36 (KHTML, like Gecko) Chrome/76.0.3809.89 Mobile Safari/537.36"
64.233.173.38 - - [23/Oct/2019:05:04:31 +0700] "GET /2019.php/komunitas/aruskas.php?bl=01 HTTP/1.0" 200 12659 "http://santoaloisius.xyz/2019.php/komunitas/halamanutama.php" "Mozilla/5.0 (Linux; Android 5.1; A1601) AppleWebKit/537.36 (KHTML, like Gecko) Chrome/76.0.3809.89 Mobile Safari/537.36"
64.233.173.36 - - [23/Oct/2019:05:04:43 +0700] "GET /2019.php/komunitas/halamanutama.php HTTP/1.0" 200 3301 "http://santoaloisius.xyz/2019.php/komunitas/index.html" "Mozilla/5.0 (Linux; Android 5.1; A1601) AppleWebKit/537.36 (KHTML, like Gecko) Chrome/76.0.3809.89 Mobile Safari/537.36"
64.233.173.38 - - [23/Oct/2019:05:14:25 +0700] "GET /2019.php/komunitas/halamanutama.php HTTP/1.0" 200 3301 "-" "Mozilla/5.0 (Linux; Android 5.1; A1601) AppleWebKit/537.36 (KHTML, like Gecko) Chrome/76.0.3809.89 Mobile Safari/537.36"
64.233.173.38 - - [23/Oct/2019:05:14:52 +0700] "GET /2019.php/komunitas/halamanutama.php HTTP/1.0" 200 3301 "-" "Mozilla/5.0 (Linux; Android 5.1; A1601) AppleWebKit/537.36 (KHTML, like Gecko) Chrome/76.0.3809.89 Mobile Safari/537.36"
104.238.217.123 - - [23/Oct/2019:05:44:05 +0700] "GET / HTTP/1.0" 200 199 "-" "Mozilla/4.0 (compatible; MSIE 8.0; Windows NT 6.0)"
34.219.116.115 - - [23/Oct/2019:05:44:11 +0700] "GET / HTTP/1.0" 200 199 "-" "Mozilla/5.0 (X11; Linux x86_64; rv:47.0) Gecko/20100101 Firefox/47.0"
35.237.23.151 - - [22/Oct/2019:10:37:46 +0700] "GET / HTTP/1.1" 301 162 "-" "Mozilla/5.0 (Windows NT 10.0; Win64; x64; rv:57.0) Gecko/20100101 Firefox/57.0"
104.238.217.123 - - [22/Oct/2019:18:38:33 +0700] "GET / HTTP/1.1" 301 162 "-" "Mozilla/4.0 (compatible; MSIE 8.0; Windows NT 6.0)"
104.238.217.123 - - [23/Oct/2019:02:49:00 +0700] "GET / HTTP/1.1" 301 162 "-" "Mozilla/4.0 (compatible; MSIE 8.0; Windows NT 6.0)"
104.238.217.123 - - [23/Oct/2019:05:44:04 +0700] "GET / HTTP/1.1" 301 162 "-" "Mozilla/4.0 (compatible; MSIE 8.0; Windows NT 6.0)"
3.0.103.191 - - [23/Oct/2019:05:52:59 +0700] "HEAD / HTTP/1.0" 200 157 "-" "CheckMarkNetwork/1.0 (+http://www.checkmarknetwork.com/spider.html)"
3.0.103.191 - - [23/Oct/2019:05:52:59 +0700] "GET /robots.txt HTTP/1.0" 404 1047 "-" "CheckMarkNetwork/1.0 (+http://www.checkmarknetwork.com/spider.html)"
3.0.103.191 - - [23/Oct/2019:05:53:00 +0700] "GET / HTTP/1.0" 200 199 "-" "CheckMarkNetwork/1.0 (+http://www.checkmarknetwork.com/spider.html)"
64.233.173.38 - - [23/Oct/2019:07:20:32 +0700] "GET /favicon.ico HTTP/1.0" 404 1047 "http://santoaloisius.xyz/2019.php/komunitas/index.html" "Mozilla/5.0 (Linux; Android 5.1; A1601) AppleWebKit/537.36 (KHTML, like Gecko) Chrome/76.0.3809.89 Mobile Safari/537.36"
114.122.138.42 - - [23/Oct/2019:07:22:10 +0700] "GET /2019.php/komunitas/index.html HTTP/1.0" 200 1060 "-" "WhatsApp/2.19.150 A"
114.125.81.44 - - [23/Oct/2019:07:24:00 +0700] "GET /2019.php/komunitas/index.html HTTP/1.0" 200 1060 "-" "Mozilla/5.0 (Linux; Android 5.1.1; A37f Build/LMY47V) AppleWebKit/537.36 (KHTML, like Gecko) Chrome/67.0.3396.87 Mobile Safari/537.36"
114.125.81.44 - - [23/Oct/2019:07:24:00 +0700] "GET /2019.php/komunitas/smart.css HTTP/1.0" 200 941 "http://santoaloisius.xyz/2019.php/komunitas/index.html" "Mozilla/5.0 (Linux; Android 5.1.1; A37f Build/LMY47V) AppleWebKit/537.36 (KHTML, like Gecko) Chrome/67.0.3396.87 Mobile Safari/537.36"
114.125.81.44 - - [23/Oct/2019:07:24:01 +0700] "GET /favicon.ico HTTP/1.0" 404 1047 "http://santoaloisius.xyz/2019.php/komunitas/index.html" "Mozilla/5.0 (Linux; Android 5.1.1; A37f Build/LMY47V) AppleWebKit/537.36 (KHTML, like Gecko) Chrome/67.0.3396.87 Mobile Safari/537.36"
36.82.121.154 - - [23/Oct/2019:07:24:26 +0700] "GET /2019.php/komunitas/index.html HTTP/1.0" 200 1060 "-" "Mozilla/5.0 (Linux; U; Android 6.0.1; en-US; CPH1613 Build/MMB29M) AppleWebKit/537.36 (KHTML, like Gecko) Version/4.0 Chrome/57.0.2987.108 UCBrowser/12.13.4.1214 Mobile Safari/537.36"
36.82.121.154 - - [23/Oct/2019:07:24:26 +0700] "GET /2019.php/komunitas/smart.css HTTP/1.0" 200 941 "http://santoaloisius.xyz/2019.php/komunitas/index.html" "Mozilla/5.0 (Linux; U; Android 6.0.1; en-US; CPH1613 Build/MMB29M) AppleWebKit/537.36 (KHTML, like Gecko) Version/4.0 Chrome/57.0.2987.108 UCBrowser/12.13.4.1214 Mobile Safari/537.36"
36.82.121.154 - - [23/Oct/2019:07:24:26 +0700] "GET /2019.php/komunitas/smart.css HTTP/1.0" 200 941 "http://santoaloisius.xyz/2019.php/komunitas/index.html" "Mozilla/5.0 (Linux; U; Android 6.0.1; en-US; CPH1613 Build/MMB29M) AppleWebKit/537.36 (KHTML, like Gecko) Version/4.0 Chrome/57.0.2987.108 UCBrowser/12.13.4.1214 Mobile Safari/537.36"
36.82.121.154 - - [23/Oct/2019:07:24:29 +0700] "GET /favicon.ico HTTP/1.0" 404 1047 "http://santoaloisius.xyz/2019.php/komunitas/index.html" "Mozilla/5.0 (Linux; U; Android 6.0.1; en-US; CPH1613 Build/MMB29M) AppleWebKit/537.36 (KHTML, like Gecko) Version/4.0 Chrome/57.0.2987.108 UCBrowser/12.13.4.1214 Mobile Safari/537.36"
114.125.81.44 - - [23/Oct/2019:07:24:30 +0700] "POST /2019.php/komunitas/caripassword.php HTTP/1.0" 302 362 "http://santoaloisius.xyz/2019.php/komunitas/index.html" "Mozilla/5.0 (Linux; Android 5.1.1; A37f Build/LMY47V) AppleWebKit/537.36 (KHTML, like Gecko) Chrome/67.0.3396.87 Mobile Safari/537.36"
114.125.81.44 - - [23/Oct/2019:07:24:31 +0700] "GET /2019.php/komunitas/halamanutama.php HTTP/1.0" 200 3302 "http://santoaloisius.xyz/2019.php/komunitas/index.html" "Mozilla/5.0 (Linux; Android 5.1.1; A37f Build/LMY47V) AppleWebKit/537.36 (KHTML, like Gecko) Chrome/67.0.3396.87 Mobile Safari/537.36"
8.37.234.57 - - [23/Oct/2019:07:24:35 +0700] "POST /2019.php/komunitas/caripassword.php HTTP/1.0" 200 657 "http://santoaloisius.xyz/2019.php/komunitas/index.html" "Mozilla/5.0 (Linux; U; Android 6.0.1; en-US; CPH1613 Build/MMB29M) AppleWebKit/537.36 (KHTML, like Gecko) Version/4.0 Chrome/57.0.2987.108 UCBrowser/12.13.4.1214 Mobile Safari/537.36"
8.37.234.57 - - [23/Oct/2019:07:24:35 +0700] "GET /2019.php/komunitas/smart.css HTTP/1.0" 200 941 "http://santoaloisius.xyz/2019.php/komunitas/caripassword.php" "Mozilla/5.0 (Linux; U; Android 6.0.1; en-US; CPH1613 Build/MMB29M) AppleWebKit/537.36 (KHTML, like Gecko) Version/4.0 Chrome/57.0.2987.108 UCBrowser/12.13.4.1214 Mobile Safari/537.36"
36.82.121.154 - - [23/Oct/2019:07:24:35 +0700] "GET /favicon.ico HTTP/1.0" 404 1047 "http://santoaloisius.xyz/2019.php/komunitas/caripassword.php" "Mozilla/5.0 (Linux; U; Android 6.0.1; en-US; CPH1613 Build/MMB29M) AppleWebKit/537.36 (KHTML, like Gecko) Version/4.0 Chrome/57.0.2987.108 UCBrowser/12.13.4.1214 Mobile Safari/537.36"
114.125.81.44 - - [23/Oct/2019:07:24:37 +0700] "GET /2019.php/komunitas/jurnalumum.php HTTP/1.0" 200 9439 "http://santoaloisius.xyz/2019.php/komunitas/halamanutama.php" "Mozilla/5.0 (Linux; Android 5.1.1; A37f Build/LMY47V) AppleWebKit/537.36 (KHTML, like Gecko) Chrome/67.0.3396.87 Mobile Safari/537.36"
114.125.81.44 - - [23/Oct/2019:07:24:47 +0700] "GET /2019.php/komunitas/halamanutama.php HTTP/1.0" 200 3302 "http://santoaloisius.xyz/2019.php/komunitas/index.html" "Mozilla/5.0 (Linux; Android 5.1.1; A37f Build/LMY47V) AppleWebKit/537.36 (KHTML, like Gecko) Chrome/67.0.3396.87 Mobile Safari/537.36"
114.125.81.44 - - [23/Oct/2019:07:24:49 +0700] "GET /2019.php/komunitas/menukeluar.php HTTP/1.0" 200 1085 "http://santoaloisius.xyz/2019.php/komunitas/halamanutama.php" "Mozilla/5.0 (Linux; Android 5.1.1; A37f Build/LMY47V) AppleWebKit/537.36 (KHTML, like Gecko) Chrome/67.0.3396.87 Mobile Safari/537.36"
114.125.81.44 - - [23/Oct/2019:07:24:54 +0700] "GET /2019.php/komunitas/halamanutama.php HTTP/1.0" 200 3302 "http://santoaloisius.xyz/2019.php/komunitas/index.html" "Mozilla/5.0 (Linux; Android 5.1.1; A37f Build/LMY47V) AppleWebKit/537.36 (KHTML, like Gecko) Chrome/67.0.3396.87 Mobile Safari/537.36"
114.125.81.44 - - [23/Oct/2019:07:24:56 +0700] "GET /2019.php/komunitas/aruskas.php?bl=01 HTTP/1.0" 200 26315 "http://santoaloisius.xyz/2019.php/komunitas/halamanutama.php" "Mozilla/5.0 (Linux; Android 5.1.1; A37f Build/LMY47V) AppleWebKit/537.36 (KHTML, like Gecko) Chrome/67.0.3396.87 Mobile Safari/537.36"
114.125.81.44 - - [23/Oct/2019:07:25:12 +0700] "GET /2019.php/komunitas/aruskas.php?bl=10 HTTP/1.0" 200 7727 "http://santoaloisius.xyz/2019.php/komunitas/aruskas.php?bl=01" "Mozilla/5.0 (Linux; Android 5.1.1; A37f Build/LMY47V) AppleWebKit/537.36 (KHTML, like Gecko) Chrome/67.0.3396.87 Mobile Safari/537.36"
114.125.81.44 - - [23/Oct/2019:07:25:56 +0700] "GET /2019.php/komunitas/aruskas.php?bl=01 HTTP/1.0" 200 26315 "http://santoaloisius.xyz/2019.php/komunitas/halamanutama.php" "Mozilla/5.0 (Linux; Android 5.1.1; A37f Build/LMY47V) AppleWebKit/537.36 (KHTML, like Gecko) Chrome/67.0.3396.87 Mobile Safari/537.36"
114.125.81.44 - - [23/Oct/2019:07:25:57 +0700] "GET /2019.php/komunitas/halamanutama.php HTTP/1.0" 200 3302 "http://santoaloisius.xyz/2019.php/komunitas/index.html" "Mozilla/5.0 (Linux; Android 5.1.1; A37f Build/LMY47V) AppleWebKit/537.36 (KHTML, like Gecko) Chrome/67.0.3396.87 Mobile Safari/537.36"
114.125.126.253 - - [23/Oct/2019:07:26:16 +0700] "GET /2019.php/komunitas/index.html HTTP/1.0" 200 1060 "-" "Mozilla/5.0 (Linux; Android 5.0.2; vivo Y51L) AppleWebKit/537.36 (KHTML, like Gecko) Chrome/75.0.3770.101 Mobile Safari/537.36"
114.125.126.253 - - [23/Oct/2019:07:26:16 +0700] "GET /2019.php/komunitas/smart.css HTTP/1.0" 200 941 "http://santoaloisius.xyz/2019.php/komunitas/index.html" "Mozilla/5.0 (Linux; Android 5.0.2; vivo Y51L) AppleWebKit/537.36 (KHTML, like Gecko) Chrome/75.0.3770.101 Mobile Safari/537.36"
114.125.126.253 - - [23/Oct/2019:07:26:16 +0700] "GET /favicon.ico HTTP/1.0" 404 1047 "http://santoaloisius.xyz/2019.php/komunitas/index.html" "Mozilla/5.0 (Linux; Android 5.0.2; vivo Y51L) AppleWebKit/537.36 (KHTML, like Gecko) Chrome/75.0.3770.101 Mobile Safari/537.36"
114.125.126.253 - - [23/Oct/2019:07:26:30 +0700] "POST /2019.php/komunitas/caripassword.php HTTP/1.0" 302 362 "http://santoaloisius.xyz/2019.php/komunitas/index.html" "Mozilla/5.0 (Linux; Android 5.0.2; vivo Y51L) AppleWebKit/537.36 (KHTML, like Gecko) Chrome/75.0.3770.101 Mobile Safari/537.36"
114.125.126.253 - - [23/Oct/2019:07:26:30 +0700] "GET /2019.php/komunitas/halamanutama.php HTTP/1.0" 200 3300 "http://santoaloisius.xyz/2019.php/komunitas/index.html" "Mozilla/5.0 (Linux; Android 5.0.2; vivo Y51L) AppleWebKit/537.36 (KHTML, like Gecko) Chrome/75.0.3770.101 Mobile Safari/537.36"
114.125.125.6 - - [23/Oct/2019:07:32:55 +0700] "GET /2019.php/komunitas/index.html HTTP/1.0" 200 1060 "-" "Mozilla/5.0 (Linux; Android 6.0.1; F-01H Build/V18R050D) AppleWebKit/537.36 (KHTML, like Gecko) Chrome/50.0.2661.89 Mobile Safari/537.36"
114.125.125.6 - - [23/Oct/2019:07:32:55 +0700] "GET /2019.php/komunitas/smart.css HTTP/1.0" 200 941 "http://santoaloisius.xyz/2019.php/komunitas/index.html" "Mozilla/5.0 (Linux; Android 6.0.1; F-01H Build/V18R050D) AppleWebKit/537.36 (KHTML, like Gecko) Chrome/50.0.2661.89 Mobile Safari/537.36"
114.125.125.6 - - [23/Oct/2019:07:32:55 +0700] "GET /favicon.ico HTTP/1.0" 404 1047 "http://santoaloisius.xyz/2019.php/komunitas/index.html" "Mozilla/5.0 (Linux; Android 6.0.1; F-01H Build/V18R050D) AppleWebKit/537.36 (KHTML, like Gecko) Chrome/50.0.2661.89 Mobile Safari/537.36"
114.125.125.6 - - [23/Oct/2019:07:33:40 +0700] "POST /2019.php/komunitas/caripassword.php HTTP/1.0" 302 362 "http://santoaloisius.xyz/2019.php/komunitas/index.html" "Mozilla/5.0 (Linux; Android 6.0.1; F-01H Build/V18R050D) AppleWebKit/537.36 (KHTML, like Gecko) Chrome/50.0.2661.89 Mobile Safari/537.36"
114.125.125.6 - - [23/Oct/2019:07:33:40 +0700] "GET /2019.php/komunitas/halamanutama.php HTTP/1.0" 200 3302 "http://santoaloisius.xyz/2019.php/komunitas/index.html" "Mozilla/5.0 (Linux; Android 6.0.1; F-01H Build/V18R050D) AppleWebKit/537.36 (KHTML, like Gecko) Chrome/50.0.2661.89 Mobile Safari/537.36"
114.125.109.74 - - [23/Oct/2019:07:33:45 +0700] "GET /2019.php/komunitas/index.html HTTP/1.0" 304 128 "-" "Mozilla/5.0 (Linux; Android 5.0.2; vivo Y51L) AppleWebKit/537.36 (KHTML, like Gecko) Chrome/75.0.3770.101 Mobile Safari/537.36"
114.125.125.6 - - [23/Oct/2019:07:33:58 +0700] "GET /2019.php/komunitas/aruskas.php?bl=01 HTTP/1.0" 200 26315 "http://santoaloisius.xyz/2019.php/komunitas/halamanutama.php" "Mozilla/5.0 (Linux; Android 6.0.1; F-01H Build/V18R050D) AppleWebKit/537.36 (KHTML, like Gecko) Chrome/50.0.2661.89 Mobile Safari/537.36"
114.125.125.6 - - [23/Oct/2019:07:34:09 +0700] "GET /2019.php/komunitas/aruskas.php?bl=09 HTTP/1.0" 200 20795 "http://santoaloisius.xyz/2019.php/komunitas/aruskas.php?bl=01" "Mozilla/5.0 (Linux; Android 6.0.1; F-01H Build/V18R050D) AppleWebKit/537.36 (KHTML, like Gecko) Chrome/50.0.2661.89 Mobile Safari/537.36"
114.125.125.6 - - [23/Oct/2019:07:34:29 +0700] "GET /2019.php/komunitas/aruskas.php?bl=10 HTTP/1.0" 200 7727 "http://santoaloisius.xyz/2019.php/komunitas/aruskas.php?bl=09" "Mozilla/5.0 (Linux; Android 6.0.1; F-01H Build/V18R050D) AppleWebKit/537.36 (KHTML, like Gecko) Chrome/50.0.2661.89 Mobile Safari/537.36"
114.125.125.6 - - [23/Oct/2019:07:34:32 +0700] "GET /2019.php/komunitas/aruskas.php?bl=01 HTTP/1.0" 200 26315 "http://santoaloisius.xyz/2019.php/komunitas/aruskas.php?bl=10" "Mozilla/5.0 (Linux; Android 6.0.1; F-01H Build/V18R050D) AppleWebKit/537.36 (KHTML, like Gecko) Chrome/50.0.2661.89 Mobile Safari/537.36"
64.233.173.38 - - [23/Oct/2019:07:34:47 +0700] "GET /2019.php/komunitas/index.html HTTP/1.0" 200 1060 "-" "Mozilla/5.0 (Linux; Android 5.1.1; SM-J500G) AppleWebKit/537.36 (KHTML, like Gecko) Chrome/77.0.3865.116 Mobile Safari/537.36"
64.233.173.36 - - [23/Oct/2019:07:34:47 +0700] "GET /2019.php/komunitas/smart.css HTTP/1.0" 200 941 "http://santoaloisius.xyz/2019.php/komunitas/index.html" "Mozilla/5.0 (Linux; Android 5.1.1; SM-J500G) AppleWebKit/537.36 (KHTML, like Gecko) Chrome/77.0.3865.116 Mobile Safari/537.36"
64.233.173.33 - - [23/Oct/2019:07:34:48 +0700] "GET /favicon.ico HTTP/1.0" 404 1047 "http://santoaloisius.xyz/2019.php/komunitas/index.html" "Mozilla/5.0 (Linux; Android 5.1.1; SM-J500G) AppleWebKit/537.36 (KHTML, like Gecko) Chrome/77.0.3865.116 Mobile Safari/537.36"
114.125.124.7 - - [23/Oct/2019:07:35:33 +0700] "GET /2019.php/komunitas/aruskas.php?bl=11 HTTP/1.0" 200 2643 "http://santoaloisius.xyz/2019.php/komunitas/aruskas.php?bl=01" "Mozilla/5.0 (Linux; Android 6.0.1; F-01H Build/V18R050D) AppleWebKit/537.36 (KHTML, like Gecko) Chrome/50.0.2661.89 Mobile Safari/537.36"
125.163.156.103 - - [23/Oct/2019:07:35:47 +0700] "POST /2019.php/komunitas/caripassword.php HTTP/1.0" 302 362 "http://santoaloisius.xyz/2019.php/komunitas/index.html" "Mozilla/5.0 (Linux; Android 5.1.1; SM-J500G) AppleWebKit/537.36 (KHTML, like Gecko) Chrome/77.0.3865.116 Mobile Safari/537.36"
64.233.173.38 - - [23/Oct/2019:07:35:47 +0700] "GET /2019.php/komunitas/halamanutama.php HTTP/1.0" 200 3298 "http://santoaloisius.xyz/2019.php/komunitas/index.html" "Mozilla/5.0 (Linux; Android 5.1.1; SM-J500G) AppleWebKit/537.36 (KHTML, like Gecko) Chrome/77.0.3865.116 Mobile Safari/537.36"
114.125.124.7 - - [23/Oct/2019:07:35:48 +0700] "GET /2019.php/komunitas/aruskas.php?bl=10 HTTP/1.0" 200 7727 "http://santoaloisius.xyz/2019.php/komunitas/aruskas.php?bl=11" "Mozilla/5.0 (Linux; Android 6.0.1; F-01H Build/V18R050D) AppleWebKit/537.36 (KHTML, like Gecko) Chrome/50.0.2661.89 Mobile Safari/537.36"
114.125.127.4 - - [23/Oct/2019:07:37:11 +0700] "GET /2019.php/komunitas/aruskas.php?bl=02 HTTP/1.0" 200 25802 "http://santoaloisius.xyz/2019.php/komunitas/aruskas.php?bl=10" "Mozilla/5.0 (Linux; Android 6.0.1; F-01H Build/V18R050D) AppleWebKit/537.36 (KHTML, like Gecko) Chrome/50.0.2661.89 Mobile Safari/537.36"
114.125.127.4 - - [23/Oct/2019:07:37:24 +0700] "GET /2019.php/komunitas/halamanutama.php HTTP/1.0" 200 3302 "http://santoaloisius.xyz/2019.php/komunitas/aruskas.php?bl=02" "Mozilla/5.0 (Linux; Android 6.0.1; F-01H Build/V18R050D) AppleWebKit/537.36 (KHTML, like Gecko) Chrome/50.0.2661.89 Mobile Safari/537.36"
114.125.127.4 - - [23/Oct/2019:07:37:29 +0700] "GET /2019.php/komunitas/bukujurnal.php HTTP/1.0" 200 643364 "http://santoaloisius.xyz/2019.php/komunitas/halamanutama.php" "Mozilla/5.0 (Linux; Android 6.0.1; F-01H Build/V18R050D) AppleWebKit/537.36 (KHTML, like Gecko) Chrome/50.0.2661.89 Mobile Safari/537.36"
114.125.127.4 - - [23/Oct/2019:07:37:46 +0700] "GET /2019.php/komunitas/halamanutama.php HTTP/1.0" 200 3302 "http://santoaloisius.xyz/2019.php/komunitas/bukujurnal.php" "Mozilla/5.0 (Linux; Android 6.0.1; F-01H Build/V18R050D) AppleWebKit/537.36 (KHTML, like Gecko) Chrome/50.0.2661.89 Mobile Safari/537.36"
114.125.127.4 - - [23/Oct/2019:07:37:51 +0700] "GET /2019.php/komunitas/neracasaldotgl.php?tgl1=2019-10-23 HTTP/1.0" 200 10463 "http://santoaloisius.xyz/2019.php/komunitas/halamanutama.php" "Mozilla/5.0 (Linux; Android 6.0.1; F-01H Build/V18R050D) AppleWebKit/537.36 (KHTML, like Gecko) Chrome/50.0.2661.89 Mobile Safari/537.36"
114.125.109.22 - - [23/Oct/2019:07:37:52 +0700] "GET /2019.php/komunitas/neracasaldotgl.php?tgl1=2019-10-23 HTTP/1.0" 200 10463 "http://santoaloisius.xyz/2019.php/komunitas/halamanutama.php" "Mozilla/5.0 (Linux; Android 6.0.1; F-01H Build/V18R050D) AppleWebKit/537.36 (KHTML, like Gecko) Chrome/50.0.2661.89 Mobile Safari/537.36"
114.125.109.22 - - [23/Oct/2019:07:38:21 +0700] "GET /2019.php/komunitas/arus.php?rek=1141 HTTP/1.0" 200 1897 "http://santoaloisius.xyz/2019.php/komunitas/neracasaldotgl.php?tgl1=2019-10-23" "Mozilla/5.0 (Linux; Android 6.0.1; F-01H Build/V18R050D) AppleWebKit/537.36 (KHTML, like Gecko) Chrome/50.0.2661.89 Mobile Safari/537.36"
114.125.109.22 - - [23/Oct/2019:07:38:51 +0700] "GET /2019.php/komunitas/halamanutama.php HTTP/1.0" 200 3302 "http://santoaloisius.xyz/2019.php/komunitas/arus.php?rek=1141" "Mozilla/5.0 (Linux; Android 6.0.1; F-01H Build/V18R050D) AppleWebKit/537.36 (KHTML, like Gecko) Chrome/50.0.2661.89 Mobile Safari/537.36"
114.125.109.22 - - [23/Oct/2019:07:38:58 +0700] "GET /2019.php/komunitas/neracasaldotgl.php?tgl1=2019-10-23 HTTP/1.0" 200 10463 "http://santoaloisius.xyz/2019.php/komunitas/halamanutama.php" "Mozilla/5.0 (Linux; Android 6.0.1; F-01H Build/V18R050D) AppleWebKit/537.36 (KHTML, like Gecko) Chrome/50.0.2661.89 Mobile Safari/537.36"
64.233.173.38 - - [23/Oct/2019:07:39:53 +0700] "GET /2019.php/komunitas/aruskas.php?bl=01 HTTP/1.0" 200 7798 "http://santoaloisius.xyz/2019.php/komunitas/halamanutama.php" "Mozilla/5.0 (Linux; Android 5.1.1; SM-J500G) AppleWebKit/537.36 (KHTML, like Gecko) Chrome/77.0.3865.116 Mobile Safari/537.36"
114.125.124.7 - - [23/Oct/2019:07:40:32 +0700] "GET /2019.php/komunitas/arus.php?rek=1141 HTTP/1.0" 200 1897 "http://santoaloisius.xyz/2019.php/komunitas/neracasaldotgl.php?tgl1=2019-10-23" "Mozilla/5.0 (Linux; Android 6.0.1; F-01H Build/V18R050D) AppleWebKit/537.36 (KHTML, like Gecko) Chrome/50.0.2661.89 Mobile Safari/537.36"
114.125.124.7 - - [23/Oct/2019:07:40:58 +0700] "GET /2019.php/komunitas/halamanutama.php HTTP/1.0" 200 3302 "http://santoaloisius.xyz/2019.php/komunitas/arus.php?rek=1141" "Mozilla/5.0 (Linux; Android 6.0.1; F-01H Build/V18R050D) AppleWebKit/537.36 (KHTML, like Gecko) Chrome/50.0.2661.89 Mobile Safari/537.36"
114.125.124.7 - - [23/Oct/2019:07:41:02 +0700] "GET /2019.php/komunitas/arus.php?rek=1141 HTTP/1.0" 200 1897 "http://santoaloisius.xyz/2019.php/komunitas/neracasaldotgl.php?tgl1=2019-10-23" "Mozilla/5.0 (Linux; Android 6.0.1; F-01H Build/V18R050D) AppleWebKit/537.36 (KHTML, like Gecko) Chrome/50.0.2661.89 Mobile Safari/537.36"
114.125.127.46 - - [23/Oct/2019:07:41:02 +0700] "GET /2019.php/komunitas/neracasaldotgl.php?tgl1=2019-10-23 HTTP/1.0" 200 10463 "http://santoaloisius.xyz/2019.php/komunitas/halamanutama.php" "Mozilla/5.0 (Linux; Android 6.0.1; F-01H Build/V18R050D) AppleWebKit/537.36 (KHTML, like Gecko) Chrome/50.0.2661.89 Mobile Safari/537.36"
114.125.127.46 - - [23/Oct/2019:07:41:04 +0700] "GET /2019.php/komunitas/halamanutama.php HTTP/1.0" 200 3302 "http://santoaloisius.xyz/2019.php/komunitas/arus.php?rek=1141" "Mozilla/5.0 (Linux; Android 6.0.1; F-01H Build/V18R050D) AppleWebKit/537.36 (KHTML, like Gecko) Chrome/50.0.2661.89 Mobile Safari/537.36"
114.125.109.22 - - [23/Oct/2019:07:41:04 +0700] "GET /2019.php/komunitas/arus.php?rek=1141 HTTP/1.0" 200 1897 "http://santoaloisius.xyz/2019.php/komunitas/neracasaldotgl.php?tgl1=2019-10-23" "Mozilla/5.0 (Linux; Android 6.0.1; F-01H Build/V18R050D) AppleWebKit/537.36 (KHTML, like Gecko) Chrome/50.0.2661.89 Mobile Safari/537.36"
114.125.109.22 - - [23/Oct/2019:07:41:07 +0700] "GET /2019.php/komunitas/neracasaldotgl.php?tgl1=2019-10-23 HTTP/1.0" 200 10463 "http://santoaloisius.xyz/2019.php/komunitas/halamanutama.php" "Mozilla/5.0 (Linux; Android 6.0.1; F-01H Build/V18R050D) AppleWebKit/537.36 (KHTML, like Gecko) Chrome/50.0.2661.89 Mobile Safari/537.36"
114.125.127.4 - - [23/Oct/2019:07:41:07 +0700] "GET /2019.php/komunitas/halamanutama.php HTTP/1.0" 200 3302 "http://santoaloisius.xyz/2019.php/komunitas/bukujurnal.php" "Mozilla/5.0 (Linux; Android 6.0.1; F-01H Build/V18R050D) AppleWebKit/537.36 (KHTML, like Gecko) Chrome/50.0.2661.89 Mobile Safari/537.36"
51.89.228.207 - - [23/Oct/2019:06:16:50 +0700] "GET / HTTP/1.1" 301 162 "-" "Mozilla/5.0 (Windows NT 10.0; Win64; x64; rv:68.0) Gecko/20100101 Firefox/68.0"
64.233.173.38 - - [23/Oct/2019:07:46:04 +0700] "GET /2019.php/komunitas/halamanutama.php HTTP/1.0" 200 3298 "http://santoaloisius.xyz/2019.php/komunitas/index.html" "Mozilla/5.0 (Linux; Android 5.1.1; SM-J500G) AppleWebKit/537.36 (KHTML, like Gecko) Chrome/77.0.3865.116 Mobile Safari/537.36"
125.163.156.103 - - [23/Oct/2019:07:51:12 +0700] "POST /2019.php/komunitas/caripassword.php HTTP/1.0" 302 304 "http://santoaloisius.xyz/2019.php/komunitas/index.html" "Mozilla/5.0 (Linux; Android 5.1.1; SM-J500G) AppleWebKit/537.36 (KHTML, like Gecko) Chrome/77.0.3865.116 Mobile Safari/537.36"
64.233.173.33 - - [23/Oct/2019:07:51:12 +0700] "GET /2019.php/komunitas/halamanutama.php HTTP/1.0" 200 3298 "http://santoaloisius.xyz/2019.php/komunitas/index.html" "Mozilla/5.0 (Linux; Android 5.1.1; SM-J500G) AppleWebKit/537.36 (KHTML, like Gecko) Chrome/77.0.3865.116 Mobile Safari/537.36"
64.233.173.33 - - [23/Oct/2019:07:51:15 +0700] "GET /2019.php/komunitas/menumasuk.php HTTP/1.0" 200 1086 "http://santoaloisius.xyz/2019.php/komunitas/halamanutama.php" "Mozilla/5.0 (Linux; Android 5.1.1; SM-J500G) AppleWebKit/537.36 (KHTML, like Gecko) Chrome/77.0.3865.116 Mobile Safari/537.36"
64.233.173.33 - - [23/Oct/2019:07:51:16 +0700] "GET /2019.php/komunitas/tmasuk.php?id=kas HTTP/1.0" 200 2287 "http://santoaloisius.xyz/2019.php/komunitas/menumasuk.php" "Mozilla/5.0 (Linux; Android 5.1.1; SM-J500G) AppleWebKit/537.36 (KHTML, like Gecko) Chrome/77.0.3865.116 Mobile Safari/537.36"
125.163.156.103 - - [23/Oct/2019:07:52:15 +0700] "POST /2019.php/komunitas/tmasukp.php HTTP/1.0" 200 1496 "http://santoaloisius.xyz/2019.php/komunitas/tmasuk.php?id=kas" "Mozilla/5.0 (Linux; Android 5.1.1; SM-J500G) AppleWebKit/537.36 (KHTML, like Gecko) Chrome/77.0.3865.116 Mobile Safari/537.36"
125.163.156.103 - - [23/Oct/2019:07:52:23 +0700] "POST /2019.php/komunitas/tmasukp.php HTTP/1.0" 302 1527 "http://santoaloisius.xyz/2019.php/komunitas/tmasukp.php" "Mozilla/5.0 (Linux; Android 5.1.1; SM-J500G) AppleWebKit/537.36 (KHTML, like Gecko) Chrome/77.0.3865.116 Mobile Safari/537.36"
64.233.173.38 - - [23/Oct/2019:07:52:23 +0700] "GET /2019.php/komunitas/halamanutama.php HTTP/1.0" 200 3298 "http://santoaloisius.xyz/2019.php/komunitas/tmasukp.php" "Mozilla/5.0 (Linux; Android 5.1.1; SM-J500G) AppleWebKit/537.36 (KHTML, like Gecko) Chrome/77.0.3865.116 Mobile Safari/537.36"
64.233.173.33 - - [23/Oct/2019:07:52:27 +0700] "GET /2019.php/komunitas/menumasuk.php HTTP/1.0" 200 1086 "http://santoaloisius.xyz/2019.php/komunitas/halamanutama.php" "Mozilla/5.0 (Linux; Android 5.1.1; SM-J500G) AppleWebKit/537.36 (KHTML, like Gecko) Chrome/77.0.3865.116 Mobile Safari/537.36"
64.233.173.36 - - [23/Oct/2019:07:52:29 +0700] "GET /2019.php/komunitas/tmasuk.php?id=kas HTTP/1.0" 200 2287 "http://santoaloisius.xyz/2019.php/komunitas/menumasuk.php" "Mozilla/5.0 (Linux; Android 5.1.1; SM-J500G) AppleWebKit/537.36 (KHTML, like Gecko) Chrome/77.0.3865.116 Mobile Safari/537.36"
125.163.156.103 - - [23/Oct/2019:07:53:05 +0700] "POST /2019.php/komunitas/tmasukp.php HTTP/1.0" 200 1484 "http://santoaloisius.xyz/2019.php/komunitas/tmasuk.php?id=kas" "Mozilla/5.0 (Linux; Android 5.1.1; SM-J500G) AppleWebKit/537.36 (KHTML, like Gecko) Chrome/77.0.3865.116 Mobile Safari/537.36"
125.163.156.103 - - [23/Oct/2019:07:53:07 +0700] "POST /2019.php/komunitas/tmasukp.php HTTP/1.0" 302 1515 "http://santoaloisius.xyz/2019.php/komunitas/tmasukp.php" "Mozilla/5.0 (Linux; Android 5.1.1; SM-J500G) AppleWebKit/537.36 (KHTML, like Gecko) Chrome/77.0.3865.116 Mobile Safari/537.36"
64.233.173.38 - - [23/Oct/2019:07:53:07 +0700] "GET /2019.php/komunitas/halamanutama.php HTTP/1.0" 200 3298 "http://santoaloisius.xyz/2019.php/komunitas/tmasukp.php" "Mozilla/5.0 (Linux; Android 5.1.1; SM-J500G) AppleWebKit/537.36 (KHTML, like Gecko) Chrome/77.0.3865.116 Mobile Safari/537.36"
64.233.173.33 - - [23/Oct/2019:07:53:13 +0700] "GET /2019.php/komunitas/menukeluar.php HTTP/1.0" 200 1081 "http://santoaloisius.xyz/2019.php/komunitas/halamanutama.php" "Mozilla/5.0 (Linux; Android 5.1.1; SM-J500G) AppleWebKit/537.36 (KHTML, like Gecko) Chrome/77.0.3865.116 Mobile Safari/537.36"
64.233.173.38 - - [23/Oct/2019:07:53:16 +0700] "GET /2019.php/komunitas/tkeluar.php?id=kas HTTP/1.0" 200 3677 "http://santoaloisius.xyz/2019.php/komunitas/menukeluar.php" "Mozilla/5.0 (Linux; Android 5.1.1; SM-J500G) AppleWebKit/537.36 (KHTML, like Gecko) Chrome/77.0.3865.116 Mobile Safari/537.36"
125.163.156.103 - - [23/Oct/2019:07:54:00 +0700] "POST /2019.php/komunitas/tkeluarp.php HTTP/1.0" 200 1456 "http://santoaloisius.xyz/2019.php/komunitas/tkeluar.php?id=kas" "Mozilla/5.0 (Linux; Android 5.1.1; SM-J500G) AppleWebKit/537.36 (KHTML, like Gecko) Chrome/77.0.3865.116 Mobile Safari/537.36"
125.163.156.103 - - [23/Oct/2019:07:54:02 +0700] "POST /2019.php/komunitas/tkeluarp.php HTTP/1.0" 302 1487 "http://santoaloisius.xyz/2019.php/komunitas/tkeluarp.php" "Mozilla/5.0 (Linux; Android 5.1.1; SM-J500G) AppleWebKit/537.36 (KHTML, like Gecko) Chrome/77.0.3865.116 Mobile Safari/537.36"
64.233.173.33 - - [23/Oct/2019:07:54:02 +0700] "GET /2019.php/komunitas/halamanutama.php HTTP/1.0" 200 3298 "http://santoaloisius.xyz/2019.php/komunitas/tkeluarp.php" "Mozilla/5.0 (Linux; Android 5.1.1; SM-J500G) AppleWebKit/537.36 (KHTML, like Gecko) Chrome/77.0.3865.116 Mobile Safari/537.36"
64.233.173.38 - - [23/Oct/2019:07:54:05 +0700] "GET /2019.php/komunitas/menukeluar.php HTTP/1.0" 200 1081 "http://santoaloisius.xyz/2019.php/komunitas/halamanutama.php" "Mozilla/5.0 (Linux; Android 5.1.1; SM-J500G) AppleWebKit/537.36 (KHTML, like Gecko) Chrome/77.0.3865.116 Mobile Safari/537.36"
64.233.173.33 - - [23/Oct/2019:07:54:07 +0700] "GET /2019.php/komunitas/tkeluar.php?id=kas HTTP/1.0" 200 3677 "http://santoaloisius.xyz/2019.php/komunitas/menukeluar.php" "Mozilla/5.0 (Linux; Android 5.1.1; SM-J500G) AppleWebKit/537.36 (KHTML, like Gecko) Chrome/77.0.3865.116 Mobile Safari/537.36"
125.163.156.103 - - [23/Oct/2019:07:54:46 +0700] "POST /2019.php/komunitas/tkeluarp.php HTTP/1.0" 200 1465 "http://santoaloisius.xyz/2019.php/komunitas/tkeluar.php?id=kas" "Mozilla/5.0 (Linux; Android 5.1.1; SM-J500G) AppleWebKit/537.36 (KHTML, like Gecko) Chrome/77.0.3865.116 Mobile Safari/537.36"
125.163.156.103 - - [23/Oct/2019:07:54:49 +0700] "POST /2019.php/komunitas/tkeluarp.php HTTP/1.0" 302 1496 "http://santoaloisius.xyz/2019.php/komunitas/tkeluarp.php" "Mozilla/5.0 (Linux; Android 5.1.1; SM-J500G) AppleWebKit/537.36 (KHTML, like Gecko) Chrome/77.0.3865.116 Mobile Safari/537.36"
64.233.173.38 - - [23/Oct/2019:07:54:49 +0700] "GET /2019.php/komunitas/halamanutama.php HTTP/1.0" 200 3298 "http://santoaloisius.xyz/2019.php/komunitas/tkeluarp.php" "Mozilla/5.0 (Linux; Android 5.1.1; SM-J500G) AppleWebKit/537.36 (KHTML, like Gecko) Chrome/77.0.3865.116 Mobile Safari/537.36"
64.233.173.33 - - [23/Oct/2019:07:54:51 +0700] "GET /2019.php/komunitas/menukeluar.php HTTP/1.0" 200 1081 "http://santoaloisius.xyz/2019.php/komunitas/halamanutama.php" "Mozilla/5.0 (Linux; Android 5.1.1; SM-J500G) AppleWebKit/537.36 (KHTML, like Gecko) Chrome/77.0.3865.116 Mobile Safari/537.36"
64.233.173.36 - - [23/Oct/2019:07:54:53 +0700] "GET /2019.php/komunitas/tkeluar.php?id=kas HTTP/1.0" 200 3677 "http://santoaloisius.xyz/2019.php/komunitas/menukeluar.php" "Mozilla/5.0 (Linux; Android 5.1.1; SM-J500G) AppleWebKit/537.36 (KHTML, like Gecko) Chrome/77.0.3865.116 Mobile Safari/537.36"
