64.233.173.33 - - [02/Nov/2019:17:16:50 +0700] "GET /2019.php/komunitas/halamanutama.php HTTP/1.0" 200 3302 "http://santoaloisius.xyz/2019.php/komunitas/tkeluarp.php" "Mozilla/5.0 (Linux; Android 7.1.1; CPH1725) AppleWebKit/537.36 (KHTML, like Gecko) Chrome/78.0.3904.62 Mobile Safari/537.36"
64.233.173.33 - - [02/Nov/2019:17:17:12 +0700] "GET /2019.php/komunitas/menukeluar.php HTTP/1.0" 200 1085 "http://santoaloisius.xyz/2019.php/komunitas/halamanutama.php" "Mozilla/5.0 (Linux; Android 7.1.1; CPH1725) AppleWebKit/537.36 (KHTML, like Gecko) Chrome/78.0.3904.62 Mobile Safari/537.36"
64.233.173.36 - - [02/Nov/2019:17:17:13 +0700] "GET /2019.php/komunitas/tkeluar.php?id=kas HTTP/1.0" 200 3677 "http://santoaloisius.xyz/2019.php/komunitas/menukeluar.php" "Mozilla/5.0 (Linux; Android 7.1.1; CPH1725) AppleWebKit/537.36 (KHTML, like Gecko) Chrome/78.0.3904.62 Mobile Safari/537.36"
202.80.219.182 - - [02/Nov/2019:17:17:48 +0700] "POST /2019.php/komunitas/tkeluarp.php HTTP/1.0" 200 1461 "http://santoaloisius.xyz/2019.php/komunitas/tkeluar.php?id=kas" "Mozilla/5.0 (Linux; Android 7.1.1; CPH1725) AppleWebKit/537.36 (KHTML, like Gecko) Chrome/78.0.3904.62 Mobile Safari/537.36"
202.80.219.182 - - [02/Nov/2019:17:17:49 +0700] "POST /2019.php/komunitas/tkeluarp.php HTTP/1.0" 302 1492 "http://santoaloisius.xyz/2019.php/komunitas/tkeluarp.php" "Mozilla/5.0 (Linux; Android 7.1.1; CPH1725) AppleWebKit/537.36 (KHTML, like Gecko) Chrome/78.0.3904.62 Mobile Safari/537.36"
64.233.173.33 - - [02/Nov/2019:17:17:49 +0700] "GET /2019.php/komunitas/halamanutama.php HTTP/1.0" 200 3302 "http://santoaloisius.xyz/2019.php/komunitas/tkeluarp.php" "Mozilla/5.0 (Linux; Android 7.1.1; CPH1725) AppleWebKit/537.36 (KHTML, like Gecko) Chrome/78.0.3904.62 Mobile Safari/537.36"
64.233.173.33 - - [02/Nov/2019:17:18:00 +0700] "GET /2019.php/komunitas/menukeluar.php HTTP/1.0" 200 1085 "http://santoaloisius.xyz/2019.php/komunitas/halamanutama.php" "Mozilla/5.0 (Linux; Android 7.1.1; CPH1725) AppleWebKit/537.36 (KHTML, like Gecko) Chrome/78.0.3904.62 Mobile Safari/537.36"
64.233.173.36 - - [02/Nov/2019:17:18:01 +0700] "GET /2019.php/komunitas/tkeluar.php?id=kas HTTP/1.0" 200 3677 "http://santoaloisius.xyz/2019.php/komunitas/menukeluar.php" "Mozilla/5.0 (Linux; Android 7.1.1; CPH1725) AppleWebKit/537.36 (KHTML, like Gecko) Chrome/78.0.3904.62 Mobile Safari/537.36"
202.80.219.182 - - [02/Nov/2019:17:18:28 +0700] "POST /2019.php/komunitas/tkeluarp.php HTTP/1.0" 200 1457 "http://santoaloisius.xyz/2019.php/komunitas/tkeluar.php?id=kas" "Mozilla/5.0 (Linux; Android 7.1.1; CPH1725) AppleWebKit/537.36 (KHTML, like Gecko) Chrome/78.0.3904.62 Mobile Safari/537.36"
202.80.219.182 - - [02/Nov/2019:17:18:29 +0700] "POST /2019.php/komunitas/tkeluarp.php HTTP/1.0" 302 1488 "http://santoaloisius.xyz/2019.php/komunitas/tkeluarp.php" "Mozilla/5.0 (Linux; Android 7.1.1; CPH1725) AppleWebKit/537.36 (KHTML, like Gecko) Chrome/78.0.3904.62 Mobile Safari/537.36"
64.233.173.33 - - [02/Nov/2019:17:18:29 +0700] "GET /2019.php/komunitas/halamanutama.php HTTP/1.0" 200 3302 "http://santoaloisius.xyz/2019.php/komunitas/tkeluarp.php" "Mozilla/5.0 (Linux; Android 7.1.1; CPH1725) AppleWebKit/537.36 (KHTML, like Gecko) Chrome/78.0.3904.62 Mobile Safari/537.36"
64.233.173.33 - - [02/Nov/2019:17:18:30 +0700] "GET /2019.php/komunitas/menukeluar.php HTTP/1.0" 200 1085 "http://santoaloisius.xyz/2019.php/komunitas/halamanutama.php" "Mozilla/5.0 (Linux; Android 7.1.1; CPH1725) AppleWebKit/537.36 (KHTML, like Gecko) Chrome/78.0.3904.62 Mobile Safari/537.36"
64.233.173.33 - - [02/Nov/2019:17:18:32 +0700] "GET /2019.php/komunitas/tkeluar.php?id=kas HTTP/1.0" 200 3677 "http://santoaloisius.xyz/2019.php/komunitas/menukeluar.php" "Mozilla/5.0 (Linux; Android 7.1.1; CPH1725) AppleWebKit/537.36 (KHTML, like Gecko) Chrome/78.0.3904.62 Mobile Safari/537.36"
202.80.219.182 - - [02/Nov/2019:17:18:57 +0700] "POST /2019.php/komunitas/tkeluarp.php HTTP/1.0" 200 1477 "http://santoaloisius.xyz/2019.php/komunitas/tkeluar.php?id=kas" "Mozilla/5.0 (Linux; Android 7.1.1; CPH1725) AppleWebKit/537.36 (KHTML, like Gecko) Chrome/78.0.3904.62 Mobile Safari/537.36"
64.233.173.33 - - [02/Nov/2019:17:19:00 +0700] "GET /2019.php/komunitas/halamanutama.php HTTP/1.0" 200 3302 "http://santoaloisius.xyz/2019.php/komunitas/tkeluarp.php" "Mozilla/5.0 (Linux; Android 7.1.1; CPH1725) AppleWebKit/537.36 (KHTML, like Gecko) Chrome/78.0.3904.62 Mobile Safari/537.36"
64.233.173.36 - - [02/Nov/2019:17:19:01 +0700] "GET /2019.php/komunitas/menukeluar.php HTTP/1.0" 200 1085 "http://santoaloisius.xyz/2019.php/komunitas/halamanutama.php" "Mozilla/5.0 (Linux; Android 7.1.1; CPH1725) AppleWebKit/537.36 (KHTML, like Gecko) Chrome/78.0.3904.62 Mobile Safari/537.36"
64.233.173.38 - - [02/Nov/2019:17:19:02 +0700] "GET /2019.php/komunitas/tkeluar.php?id=kas HTTP/1.0" 200 3677 "http://santoaloisius.xyz/2019.php/komunitas/menukeluar.php" "Mozilla/5.0 (Linux; Android 7.1.1; CPH1725) AppleWebKit/537.36 (KHTML, like Gecko) Chrome/78.0.3904.62 Mobile Safari/537.36"
202.80.219.182 - - [02/Nov/2019:17:19:36 +0700] "POST /2019.php/komunitas/tkeluarp.php HTTP/1.0" 200 1477 "http://santoaloisius.xyz/2019.php/komunitas/tkeluar.php?id=kas" "Mozilla/5.0 (Linux; Android 7.1.1; CPH1725) AppleWebKit/537.36 (KHTML, like Gecko) Chrome/78.0.3904.62 Mobile Safari/537.36"
202.80.219.182 - - [02/Nov/2019:17:19:39 +0700] "POST /2019.php/komunitas/tkeluarp.php HTTP/1.0" 302 1508 "http://santoaloisius.xyz/2019.php/komunitas/tkeluarp.php" "Mozilla/5.0 (Linux; Android 7.1.1; CPH1725) AppleWebKit/537.36 (KHTML, like Gecko) Chrome/78.0.3904.62 Mobile Safari/537.36"
64.233.173.38 - - [02/Nov/2019:17:19:40 +0700] "GET /2019.php/komunitas/halamanutama.php HTTP/1.0" 200 3302 "http://santoaloisius.xyz/2019.php/komunitas/tkeluarp.php" "Mozilla/5.0 (Linux; Android 7.1.1; CPH1725) AppleWebKit/537.36 (KHTML, like Gecko) Chrome/78.0.3904.62 Mobile Safari/537.36"
64.233.173.36 - - [02/Nov/2019:17:19:41 +0700] "GET /2019.php/komunitas/menukeluar.php HTTP/1.0" 200 1085 "http://santoaloisius.xyz/2019.php/komunitas/halamanutama.php" "Mozilla/5.0 (Linux; Android 7.1.1; CPH1725) AppleWebKit/537.36 (KHTML, like Gecko) Chrome/78.0.3904.62 Mobile Safari/537.36"
64.233.173.33 - - [02/Nov/2019:17:19:45 +0700] "GET /2019.php/komunitas/tkeluar.php?id=kas HTTP/1.0" 200 3677 "http://santoaloisius.xyz/2019.php/komunitas/menukeluar.php" "Mozilla/5.0 (Linux; Android 7.1.1; CPH1725) AppleWebKit/537.36 (KHTML, like Gecko) Chrome/78.0.3904.62 Mobile Safari/537.36"
202.80.219.182 - - [02/Nov/2019:17:20:08 +0700] "POST /2019.php/komunitas/tkeluarp.php HTTP/1.0" 200 1459 "http://santoaloisius.xyz/2019.php/komunitas/tkeluar.php?id=kas" "Mozilla/5.0 (Linux; Android 7.1.1; CPH1725) AppleWebKit/537.36 (KHTML, like Gecko) Chrome/78.0.3904.62 Mobile Safari/537.36"
202.80.219.182 - - [02/Nov/2019:17:20:09 +0700] "POST /2019.php/komunitas/tkeluarp.php HTTP/1.0" 302 1490 "http://santoaloisius.xyz/2019.php/komunitas/tkeluarp.php" "Mozilla/5.0 (Linux; Android 7.1.1; CPH1725) AppleWebKit/537.36 (KHTML, like Gecko) Chrome/78.0.3904.62 Mobile Safari/537.36"
64.233.173.36 - - [02/Nov/2019:17:20:10 +0700] "GET /2019.php/komunitas/halamanutama.php HTTP/1.0" 200 3302 "http://santoaloisius.xyz/2019.php/komunitas/tkeluarp.php" "Mozilla/5.0 (Linux; Android 7.1.1; CPH1725) AppleWebKit/537.36 (KHTML, like Gecko) Chrome/78.0.3904.62 Mobile Safari/537.36"
64.233.173.38 - - [02/Nov/2019:17:20:11 +0700] "GET /2019.php/komunitas/menukeluar.php HTTP/1.0" 200 1085 "http://santoaloisius.xyz/2019.php/komunitas/halamanutama.php" "Mozilla/5.0 (Linux; Android 7.1.1; CPH1725) AppleWebKit/537.36 (KHTML, like Gecko) Chrome/78.0.3904.62 Mobile Safari/537.36"
64.233.173.33 - - [02/Nov/2019:17:20:12 +0700] "GET /2019.php/komunitas/tkeluar.php?id=kas HTTP/1.0" 200 3677 "http://santoaloisius.xyz/2019.php/komunitas/menukeluar.php" "Mozilla/5.0 (Linux; Android 7.1.1; CPH1725) AppleWebKit/537.36 (KHTML, like Gecko) Chrome/78.0.3904.62 Mobile Safari/537.36"
202.80.219.182 - - [02/Nov/2019:17:20:36 +0700] "POST /2019.php/komunitas/tkeluarp.php HTTP/1.0" 200 1463 "http://santoaloisius.xyz/2019.php/komunitas/tkeluar.php?id=kas" "Mozilla/5.0 (Linux; Android 7.1.1; CPH1725) AppleWebKit/537.36 (KHTML, like Gecko) Chrome/78.0.3904.62 Mobile Safari/537.36"
202.80.219.182 - - [02/Nov/2019:17:20:39 +0700] "POST /2019.php/komunitas/tkeluarp.php HTTP/1.0" 302 1494 "http://santoaloisius.xyz/2019.php/komunitas/tkeluarp.php" "Mozilla/5.0 (Linux; Android 7.1.1; CPH1725) AppleWebKit/537.36 (KHTML, like Gecko) Chrome/78.0.3904.62 Mobile Safari/537.36"
64.233.173.38 - - [02/Nov/2019:17:20:39 +0700] "GET /2019.php/komunitas/halamanutama.php HTTP/1.0" 200 3302 "http://santoaloisius.xyz/2019.php/komunitas/tkeluarp.php" "Mozilla/5.0 (Linux; Android 7.1.1; CPH1725) AppleWebKit/537.36 (KHTML, like Gecko) Chrome/78.0.3904.62 Mobile Safari/537.36"
64.233.173.38 - - [02/Nov/2019:17:20:40 +0700] "GET /2019.php/komunitas/menukeluar.php HTTP/1.0" 200 1085 "http://santoaloisius.xyz/2019.php/komunitas/halamanutama.php" "Mozilla/5.0 (Linux; Android 7.1.1; CPH1725) AppleWebKit/537.36 (KHTML, like Gecko) Chrome/78.0.3904.62 Mobile Safari/537.36"
64.233.173.38 - - [02/Nov/2019:17:20:47 +0700] "GET /2019.php/komunitas/tkeluar.php?id=kas HTTP/1.0" 200 3677 "http://santoaloisius.xyz/2019.php/komunitas/menukeluar.php" "Mozilla/5.0 (Linux; Android 7.1.1; CPH1725) AppleWebKit/537.36 (KHTML, like Gecko) Chrome/78.0.3904.62 Mobile Safari/537.36"
202.80.219.182 - - [02/Nov/2019:17:21:08 +0700] "POST /2019.php/komunitas/tkeluarp.php HTTP/1.0" 200 1493 "http://santoaloisius.xyz/2019.php/komunitas/tkeluar.php?id=kas" "Mozilla/5.0 (Linux; Android 7.1.1; CPH1725) AppleWebKit/537.36 (KHTML, like Gecko) Chrome/78.0.3904.62 Mobile Safari/537.36"
202.80.219.182 - - [02/Nov/2019:17:21:12 +0700] "POST /2019.php/komunitas/tkeluarp.php HTTP/1.0" 302 1524 "http://santoaloisius.xyz/2019.php/komunitas/tkeluarp.php" "Mozilla/5.0 (Linux; Android 7.1.1; CPH1725) AppleWebKit/537.36 (KHTML, like Gecko) Chrome/78.0.3904.62 Mobile Safari/537.36"
64.233.173.36 - - [02/Nov/2019:17:21:12 +0700] "GET /2019.php/komunitas/halamanutama.php HTTP/1.0" 200 3302 "http://santoaloisius.xyz/2019.php/komunitas/tkeluarp.php" "Mozilla/5.0 (Linux; Android 7.1.1; CPH1725) AppleWebKit/537.36 (KHTML, like Gecko) Chrome/78.0.3904.62 Mobile Safari/537.36"
64.233.173.36 - - [02/Nov/2019:17:21:14 +0700] "GET /2019.php/komunitas/menumasuk.php HTTP/1.0" 200 1090 "http://santoaloisius.xyz/2019.php/komunitas/halamanutama.php" "Mozilla/5.0 (Linux; Android 7.1.1; CPH1725) AppleWebKit/537.36 (KHTML, like Gecko) Chrome/78.0.3904.62 Mobile Safari/537.36"
64.233.173.36 - - [02/Nov/2019:17:21:18 +0700] "GET /2019.php/komunitas/ambilbank.php?id=kas HTTP/1.0" 200 1512 "http://santoaloisius.xyz/2019.php/komunitas/menumasuk.php" "Mozilla/5.0 (Linux; Android 7.1.1; CPH1725) AppleWebKit/537.36 (KHTML, like Gecko) Chrome/78.0.3904.62 Mobile Safari/537.36"
202.80.219.182 - - [02/Nov/2019:17:22:33 +0700] "POST /2019.php/komunitas/tmasukp.php HTTP/1.0" 200 1569 "http://santoaloisius.xyz/2019.php/komunitas/ambilbank.php?id=kas" "Mozilla/5.0 (Linux; Android 7.1.1; CPH1725) AppleWebKit/537.36 (KHTML, like Gecko) Chrome/78.0.3904.62 Mobile Safari/537.36"
202.80.219.182 - - [02/Nov/2019:17:22:43 +0700] "POST /2019.php/komunitas/tmasukp.php HTTP/1.0" 302 1600 "http://santoaloisius.xyz/2019.php/komunitas/tmasukp.php" "Mozilla/5.0 (Linux; Android 7.1.1; CPH1725) AppleWebKit/537.36 (KHTML, like Gecko) Chrome/78.0.3904.62 Mobile Safari/537.36"
64.233.173.36 - - [02/Nov/2019:17:22:43 +0700] "GET /2019.php/komunitas/halamanutama.php HTTP/1.0" 200 3302 "http://santoaloisius.xyz/2019.php/komunitas/tmasukp.php" "Mozilla/5.0 (Linux; Android 7.1.1; CPH1725) AppleWebKit/537.36 (KHTML, like Gecko) Chrome/78.0.3904.62 Mobile Safari/537.36"
180.254.240.231 - - [02/Nov/2019:17:24:11 +0700] "GET /2019.php/komunitas/index.html HTTP/1.0" 304 128 "-" "Mozilla/5.0 (Windows NT 6.1; Win64; x64) AppleWebKit/537.36 (KHTML, like Gecko) Chrome/77.0.3865.120 Safari/537.36"
180.254.240.231 - - [02/Nov/2019:17:24:12 +0700] "GET /favicon.ico HTTP/1.0" 404 1047 "http://santoaloisius.xyz/2019.php/komunitas/index.html" "Mozilla/5.0 (Windows NT 6.1; Win64; x64) AppleWebKit/537.36 (KHTML, like Gecko) Chrome/77.0.3865.120 Safari/537.36"
180.254.240.231 - - [02/Nov/2019:17:25:37 +0700] "POST /2019.php/komunitas/caripassword.php HTTP/1.0" 302 362 "http://santoaloisius.xyz/2019.php/komunitas/index.html" "Mozilla/5.0 (Windows NT 6.1; Win64; x64) AppleWebKit/537.36 (KHTML, like Gecko) Chrome/77.0.3865.120 Safari/537.36"
180.254.240.231 - - [02/Nov/2019:17:25:37 +0700] "GET /2019.php/komunitas/halamanutama.php HTTP/1.0" 200 3299 "http://santoaloisius.xyz/2019.php/komunitas/index.html" "Mozilla/5.0 (Windows NT 6.1; Win64; x64) AppleWebKit/537.36 (KHTML, like Gecko) Chrome/77.0.3865.120 Safari/537.36"
64.233.173.38 - - [02/Nov/2019:17:26:04 +0700] "GET /2019.php/komunitas/bukuhapus.php HTTP/1.0" 200 115291 "http://santoaloisius.xyz/2019.php/komunitas/halamanutama.php" "Mozilla/5.0 (Linux; Android 7.1.1; CPH1725) AppleWebKit/537.36 (KHTML, like Gecko) Chrome/78.0.3904.62 Mobile Safari/537.36"
64.233.173.33 - - [02/Nov/2019:17:26:26 +0700] "GET /2019.php/komunitas/index.html HTTP/1.0" 304 128 "-" "Mozilla/5.0 (Linux; Android 5.1.1; SM-J500G) AppleWebKit/537.36 (KHTML, like Gecko) Chrome/78.0.3904.62 Mobile Safari/537.36"
64.233.173.36 - - [02/Nov/2019:17:26:27 +0700] "GET /favicon.ico HTTP/1.0" 404 1047 "http://santoaloisius.xyz/2019.php/komunitas/index.html" "Mozilla/5.0 (Linux; Android 5.1.1; SM-J500G) AppleWebKit/537.36 (KHTML, like Gecko) Chrome/78.0.3904.62 Mobile Safari/537.36"
36.73.55.29 - - [02/Nov/2019:17:26:37 +0700] "POST /2019.php/komunitas/caripassword.php HTTP/1.0" 302 362 "http://santoaloisius.xyz/2019.php/komunitas/index.html" "Mozilla/5.0 (Linux; Android 5.1.1; SM-J500G) AppleWebKit/537.36 (KHTML, like Gecko) Chrome/78.0.3904.62 Mobile Safari/537.36"
64.233.173.33 - - [02/Nov/2019:17:26:37 +0700] "GET /2019.php/komunitas/halamanutama.php HTTP/1.0" 200 3298 "http://santoaloisius.xyz/2019.php/komunitas/index.html" "Mozilla/5.0 (Linux; Android 5.1.1; SM-J500G) AppleWebKit/537.36 (KHTML, like Gecko) Chrome/78.0.3904.62 Mobile Safari/537.36"
64.233.173.36 - - [02/Nov/2019:17:26:37 +0700] "GET /2019.php/komunitas/konfirmasihapus.php?kode=20191102102112 HTTP/1.0" 200 1672 "http://santoaloisius.xyz/2019.php/komunitas/bukuhapus.php" "Mozilla/5.0 (Linux; Android 7.1.1; CPH1725) AppleWebKit/537.36 (KHTML, like Gecko) Chrome/78.0.3904.62 Mobile Safari/537.36"
64.233.173.33 - - [02/Nov/2019:17:26:39 +0700] "GET /2019.php/komunitas/bukuhapus.php HTTP/1.0" 200 115291 "http://santoaloisius.xyz/2019.php/komunitas/konfirmasihapus.php?kode=20191102102112" "Mozilla/5.0 (Linux; Android 7.1.1; CPH1725) AppleWebKit/537.36 (KHTML, like Gecko) Chrome/78.0.3904.62 Mobile Safari/537.36"
64.233.173.38 - - [02/Nov/2019:17:26:40 +0700] "GET /2019.php/komunitas/menukeluar.php HTTP/1.0" 200 1081 "http://santoaloisius.xyz/2019.php/komunitas/halamanutama.php" "Mozilla/5.0 (Linux; Android 5.1.1; SM-J500G) AppleWebKit/537.36 (KHTML, like Gecko) Chrome/78.0.3904.62 Mobile Safari/537.36"
64.233.173.36 - - [02/Nov/2019:17:26:42 +0700] "GET /2019.php/komunitas/tkeluar.php?id=kas HTTP/1.0" 200 3677 "http://santoaloisius.xyz/2019.php/komunitas/menukeluar.php" "Mozilla/5.0 (Linux; Android 5.1.1; SM-J500G) AppleWebKit/537.36 (KHTML, like Gecko) Chrome/78.0.3904.62 Mobile Safari/537.36"
64.233.173.33 - - [02/Nov/2019:17:27:06 +0700] "GET /2019.php/komunitas/konfirmasihapus.php?kode=20191102102112 HTTP/1.0" 200 1672 "http://santoaloisius.xyz/2019.php/komunitas/bukuhapus.php" "Mozilla/5.0 (Linux; Android 7.1.1; CPH1725) AppleWebKit/537.36 (KHTML, like Gecko) Chrome/78.0.3904.62 Mobile Safari/537.36"
202.80.219.182 - - [02/Nov/2019:17:27:07 +0700] "POST /2019.php/komunitas/dohapus.php HTTP/1.0" 302 622 "http://santoaloisius.xyz/2019.php/komunitas/konfirmasihapus.php?kode=20191102102112" "Mozilla/5.0 (Linux; Android 7.1.1; CPH1725) AppleWebKit/537.36 (KHTML, like Gecko) Chrome/78.0.3904.62 Mobile Safari/537.36"
64.233.173.33 - - [02/Nov/2019:17:27:07 +0700] "GET /2019.php/komunitas/bukuhapus.php HTTP/1.0" 200 114806 "http://santoaloisius.xyz/2019.php/komunitas/konfirmasihapus.php?kode=20191102102112" "Mozilla/5.0 (Linux; Android 7.1.1; CPH1725) AppleWebKit/537.36 (KHTML, like Gecko) Chrome/78.0.3904.62 Mobile Safari/537.36"
64.233.173.33 - - [02/Nov/2019:17:27:19 +0700] "GET /2019.php/komunitas/konfirmasihapus.php?kode=20191102102243 HTTP/1.0" 200 1740 "http://santoaloisius.xyz/2019.php/komunitas/bukuhapus.php" "Mozilla/5.0 (Linux; Android 7.1.1; CPH1725) AppleWebKit/537.36 (KHTML, like Gecko) Chrome/78.0.3904.62 Mobile Safari/537.36"
36.73.55.29 - - [02/Nov/2019:17:27:20 +0700] "POST /2019.php/komunitas/tkeluarp.php HTTP/1.0" 200 1483 "http://santoaloisius.xyz/2019.php/komunitas/tkeluar.php?id=kas" "Mozilla/5.0 (Linux; Android 5.1.1; SM-J500G) AppleWebKit/537.36 (KHTML, like Gecko) Chrome/78.0.3904.62 Mobile Safari/537.36"
36.73.55.29 - - [02/Nov/2019:17:27:22 +0700] "POST /2019.php/komunitas/tkeluarp.php HTTP/1.0" 302 1514 "http://santoaloisius.xyz/2019.php/komunitas/tkeluarp.php" "Mozilla/5.0 (Linux; Android 5.1.1; SM-J500G) AppleWebKit/537.36 (KHTML, like Gecko) Chrome/78.0.3904.62 Mobile Safari/537.36"
64.233.173.38 - - [02/Nov/2019:17:27:22 +0700] "GET /2019.php/komunitas/halamanutama.php HTTP/1.0" 200 3298 "http://santoaloisius.xyz/2019.php/komunitas/tkeluarp.php" "Mozilla/5.0 (Linux; Android 5.1.1; SM-J500G) AppleWebKit/537.36 (KHTML, like Gecko) Chrome/78.0.3904.62 Mobile Safari/537.36"
202.80.219.182 - - [02/Nov/2019:17:27:22 +0700] "POST /2019.php/komunitas/dohapus.php HTTP/1.0" 302 622 "http://santoaloisius.xyz/2019.php/komunitas/konfirmasihapus.php?kode=20191102102243" "Mozilla/5.0 (Linux; Android 7.1.1; CPH1725) AppleWebKit/537.36 (KHTML, like Gecko) Chrome/78.0.3904.62 Mobile Safari/537.36"
64.233.173.33 - - [02/Nov/2019:17:27:22 +0700] "GET /2019.php/komunitas/bukuhapus.php HTTP/1.0" 200 114253 "http://santoaloisius.xyz/2019.php/komunitas/konfirmasihapus.php?kode=20191102102243" "Mozilla/5.0 (Linux; Android 7.1.1; CPH1725) AppleWebKit/537.36 (KHTML, like Gecko) Chrome/78.0.3904.62 Mobile Safari/537.36"
64.233.173.33 - - [02/Nov/2019:17:27:25 +0700] "GET /2019.php/komunitas/menukeluar.php HTTP/1.0" 200 1081 "http://santoaloisius.xyz/2019.php/komunitas/halamanutama.php" "Mozilla/5.0 (Linux; Android 5.1.1; SM-J500G) AppleWebKit/537.36 (KHTML, like Gecko) Chrome/78.0.3904.62 Mobile Safari/537.36"
64.233.173.36 - - [02/Nov/2019:17:27:27 +0700] "GET /2019.php/komunitas/tkeluar.php?id=kas HTTP/1.0" 200 3677 "http://santoaloisius.xyz/2019.php/komunitas/menukeluar.php" "Mozilla/5.0 (Linux; Android 5.1.1; SM-J500G) AppleWebKit/537.36 (KHTML, like Gecko) Chrome/78.0.3904.62 Mobile Safari/537.36"
64.233.173.38 - - [02/Nov/2019:17:27:32 +0700] "GET /2019.php/komunitas/halamanutama.php HTTP/1.0" 200 3302 "http://santoaloisius.xyz/2019.php/komunitas/bukuhapus.php" "Mozilla/5.0 (Linux; Android 7.1.1; CPH1725) AppleWebKit/537.36 (KHTML, like Gecko) Chrome/78.0.3904.62 Mobile Safari/537.36"
64.233.173.36 - - [02/Nov/2019:17:27:36 +0700] "GET /2019.php/komunitas/menukeluar.php HTTP/1.0" 200 1085 "http://santoaloisius.xyz/2019.php/komunitas/halamanutama.php" "Mozilla/5.0 (Linux; Android 7.1.1; CPH1725) AppleWebKit/537.36 (KHTML, like Gecko) Chrome/78.0.3904.62 Mobile Safari/537.36"
64.233.173.33 - - [02/Nov/2019:17:27:38 +0700] "GET /2019.php/komunitas/tkeluar.php?id=kas HTTP/1.0" 200 3677 "http://santoaloisius.xyz/2019.php/komunitas/menukeluar.php" "Mozilla/5.0 (Linux; Android 7.1.1; CPH1725) AppleWebKit/537.36 (KHTML, like Gecko) Chrome/78.0.3904.62 Mobile Safari/537.36"
64.233.173.33 - - [02/Nov/2019:17:27:43 +0700] "GET /2019.php/komunitas/halamanutama.php HTTP/1.0" 200 3302 "http://santoaloisius.xyz/2019.php/komunitas/tkeluar.php?id=kas" "Mozilla/5.0 (Linux; Android 7.1.1; CPH1725) AppleWebKit/537.36 (KHTML, like Gecko) Chrome/78.0.3904.62 Mobile Safari/537.36"
64.233.173.33 - - [02/Nov/2019:17:27:46 +0700] "GET /2019.php/komunitas/menukeluar.php HTTP/1.0" 200 1085 "http://santoaloisius.xyz/2019.php/komunitas/halamanutama.php" "Mozilla/5.0 (Linux; Android 7.1.1; CPH1725) AppleWebKit/537.36 (KHTML, like Gecko) Chrome/78.0.3904.62 Mobile Safari/537.36"
64.233.173.36 - - [02/Nov/2019:17:27:47 +0700] "GET /2019.php/komunitas/setorbank.php?id=kas HTTP/1.0" 200 1509 "http://santoaloisius.xyz/2019.php/komunitas/menukeluar.php" "Mozilla/5.0 (Linux; Android 7.1.1; CPH1725) AppleWebKit/537.36 (KHTML, like Gecko) Chrome/78.0.3904.62 Mobile Safari/537.36"
36.73.55.29 - - [02/Nov/2019:17:28:06 +0700] "POST /2019.php/komunitas/tkeluarp.php HTTP/1.0" 200 1463 "http://santoaloisius.xyz/2019.php/komunitas/tkeluar.php?id=kas" "Mozilla/5.0 (Linux; Android 5.1.1; SM-J500G) AppleWebKit/537.36 (KHTML, like Gecko) Chrome/78.0.3904.62 Mobile Safari/537.36"
36.73.55.29 - - [02/Nov/2019:17:28:11 +0700] "POST /2019.php/komunitas/tkeluarp.php HTTP/1.0" 302 1494 "http://santoaloisius.xyz/2019.php/komunitas/tkeluarp.php" "Mozilla/5.0 (Linux; Android 5.1.1; SM-J500G) AppleWebKit/537.36 (KHTML, like Gecko) Chrome/78.0.3904.62 Mobile Safari/537.36"
64.233.173.36 - - [02/Nov/2019:17:28:11 +0700] "GET /2019.php/komunitas/halamanutama.php HTTP/1.0" 200 3298 "http://santoaloisius.xyz/2019.php/komunitas/tkeluarp.php" "Mozilla/5.0 (Linux; Android 5.1.1; SM-J500G) AppleWebKit/537.36 (KHTML, like Gecko) Chrome/78.0.3904.62 Mobile Safari/537.36"
64.233.173.33 - - [02/Nov/2019:17:28:13 +0700] "GET /2019.php/komunitas/menukeluar.php HTTP/1.0" 200 1081 "http://santoaloisius.xyz/2019.php/komunitas/halamanutama.php" "Mozilla/5.0 (Linux; Android 5.1.1; SM-J500G) AppleWebKit/537.36 (KHTML, like Gecko) Chrome/78.0.3904.62 Mobile Safari/537.36"
64.233.173.36 - - [02/Nov/2019:17:28:14 +0700] "GET /2019.php/komunitas/tkeluar.php?id=kas HTTP/1.0" 200 3677 "http://santoaloisius.xyz/2019.php/komunitas/menukeluar.php" "Mozilla/5.0 (Linux; Android 5.1.1; SM-J500G) AppleWebKit/537.36 (KHTML, like Gecko) Chrome/78.0.3904.62 Mobile Safari/537.36"
180.254.240.231 - - [02/Nov/2019:17:28:20 +0700] "GET /2019.php/komunitas/menukeluar.php HTTP/1.0" 200 1082 "http://santoaloisius.xyz/2019.php/komunitas/halamanutama.php" "Mozilla/5.0 (Windows NT 6.1; Win64; x64) AppleWebKit/537.36 (KHTML, like Gecko) Chrome/77.0.3865.120 Safari/537.36"
180.254.240.231 - - [02/Nov/2019:17:28:24 +0700] "GET /2019.php/komunitas/tkeluar.php?id=kas HTTP/1.0" 200 3677 "http://santoaloisius.xyz/2019.php/komunitas/menukeluar.php" "Mozilla/5.0 (Windows NT 6.1; Win64; x64) AppleWebKit/537.36 (KHTML, like Gecko) Chrome/77.0.3865.120 Safari/537.36"
202.80.219.182 - - [02/Nov/2019:17:28:45 +0700] "POST /2019.php/komunitas/tmasukp.php HTTP/1.0" 200 1481 "http://santoaloisius.xyz/2019.php/komunitas/setorbank.php?id=kas" "Mozilla/5.0 (Linux; Android 7.1.1; CPH1725) AppleWebKit/537.36 (KHTML, like Gecko) Chrome/78.0.3904.62 Mobile Safari/537.36"
202.80.219.182 - - [02/Nov/2019:17:28:49 +0700] "POST /2019.php/komunitas/tmasukp.php HTTP/1.0" 302 1512 "http://santoaloisius.xyz/2019.php/komunitas/tmasukp.php" "Mozilla/5.0 (Linux; Android 7.1.1; CPH1725) AppleWebKit/537.36 (KHTML, like Gecko) Chrome/78.0.3904.62 Mobile Safari/537.36"
64.233.173.33 - - [02/Nov/2019:17:28:49 +0700] "GET /2019.php/komunitas/halamanutama.php HTTP/1.0" 200 3302 "http://santoaloisius.xyz/2019.php/komunitas/tmasukp.php" "Mozilla/5.0 (Linux; Android 7.1.1; CPH1725) AppleWebKit/537.36 (KHTML, like Gecko) Chrome/78.0.3904.62 Mobile Safari/537.36"
64.233.173.33 - - [02/Nov/2019:17:28:57 +0700] "GET /2019.php/komunitas/menukeluar.php HTTP/1.0" 200 1085 "http://santoaloisius.xyz/2019.php/komunitas/halamanutama.php" "Mozilla/5.0 (Linux; Android 7.1.1; CPH1725) AppleWebKit/537.36 (KHTML, like Gecko) Chrome/78.0.3904.62 Mobile Safari/537.36"
64.233.173.38 - - [02/Nov/2019:17:28:59 +0700] "GET /2019.php/komunitas/tkeluar.php?id=kas HTTP/1.0" 200 3677 "http://santoaloisius.xyz/2019.php/komunitas/menukeluar.php" "Mozilla/5.0 (Linux; Android 7.1.1; CPH1725) AppleWebKit/537.36 (KHTML, like Gecko) Chrome/78.0.3904.62 Mobile Safari/537.36"
36.73.55.29 - - [02/Nov/2019:17:29:06 +0700] "POST /2019.php/komunitas/tkeluarp.php HTTP/1.0" 200 1477 "http://santoaloisius.xyz/2019.php/komunitas/tkeluar.php?id=kas" "Mozilla/5.0 (Linux; Android 5.1.1; SM-J500G) AppleWebKit/537.36 (KHTML, like Gecko) Chrome/78.0.3904.62 Mobile Safari/537.36"
36.73.55.29 - - [02/Nov/2019:17:29:08 +0700] "POST /2019.php/komunitas/tkeluarp.php HTTP/1.0" 302 1508 "http://santoaloisius.xyz/2019.php/komunitas/tkeluarp.php" "Mozilla/5.0 (Linux; Android 5.1.1; SM-J500G) AppleWebKit/537.36 (KHTML, like Gecko) Chrome/78.0.3904.62 Mobile Safari/537.36"
64.233.173.36 - - [02/Nov/2019:17:29:08 +0700] "GET /2019.php/komunitas/halamanutama.php HTTP/1.0" 200 3298 "http://santoaloisius.xyz/2019.php/komunitas/tkeluarp.php" "Mozilla/5.0 (Linux; Android 5.1.1; SM-J500G) AppleWebKit/537.36 (KHTML, like Gecko) Chrome/78.0.3904.62 Mobile Safari/537.36"
64.233.173.38 - - [02/Nov/2019:17:29:19 +0700] "GET /2019.php/komunitas/aruskas.php?bl=01 HTTP/1.0" 200 7798 "http://santoaloisius.xyz/2019.php/komunitas/halamanutama.php" "Mozilla/5.0 (Linux; Android 5.1.1; SM-J500G) AppleWebKit/537.36 (KHTML, like Gecko) Chrome/78.0.3904.62 Mobile Safari/537.36"
202.80.219.182 - - [02/Nov/2019:17:29:24 +0700] "POST /2019.php/komunitas/tkeluarp.php HTTP/1.0" 200 1493 "http://santoaloisius.xyz/2019.php/komunitas/tkeluar.php?id=kas" "Mozilla/5.0 (Linux; Android 7.1.1; CPH1725) AppleWebKit/537.36 (KHTML, like Gecko) Chrome/78.0.3904.62 Mobile Safari/537.36"
202.80.219.182 - - [02/Nov/2019:17:29:26 +0700] "POST /2019.php/komunitas/tkeluarp.php HTTP/1.0" 302 1524 "http://santoaloisius.xyz/2019.php/komunitas/tkeluarp.php" "Mozilla/5.0 (Linux; Android 7.1.1; CPH1725) AppleWebKit/537.36 (KHTML, like Gecko) Chrome/78.0.3904.62 Mobile Safari/537.36"
64.233.173.33 - - [02/Nov/2019:17:29:26 +0700] "GET /2019.php/komunitas/halamanutama.php HTTP/1.0" 200 3302 "http://santoaloisius.xyz/2019.php/komunitas/tkeluarp.php" "Mozilla/5.0 (Linux; Android 7.1.1; CPH1725) AppleWebKit/537.36 (KHTML, like Gecko) Chrome/78.0.3904.62 Mobile Safari/537.36"
64.233.173.36 - - [02/Nov/2019:17:29:26 +0700] "GET /2019.php/komunitas/aruskas.php?bl=11 HTTP/1.0" 200 4354 "http://santoaloisius.xyz/2019.php/komunitas/aruskas.php?bl=01" "Mozilla/5.0 (Linux; Android 5.1.1; SM-J500G) AppleWebKit/537.36 (KHTML, like Gecko) Chrome/78.0.3904.62 Mobile Safari/537.36"
64.233.173.36 - - [02/Nov/2019:17:29:31 +0700] "GET /2019.php/komunitas/bukuhapus.php HTTP/1.0" 200 115203 "http://santoaloisius.xyz/2019.php/komunitas/halamanutama.php" "Mozilla/5.0 (Linux; Android 7.1.1; CPH1725) AppleWebKit/537.36 (KHTML, like Gecko) Chrome/78.0.3904.62 Mobile Safari/537.36"
64.233.173.33 - - [02/Nov/2019:17:29:52 +0700] "GET /2019.php/komunitas/aruskas.php?bl=01 HTTP/1.0" 200 7798 "http://santoaloisius.xyz/2019.php/komunitas/halamanutama.php" "Mozilla/5.0 (Linux; Android 5.1.1; SM-J500G) AppleWebKit/537.36 (KHTML, like Gecko) Chrome/78.0.3904.62 Mobile Safari/537.36"
64.233.173.33 - - [02/Nov/2019:17:29:53 +0700] "GET /2019.php/komunitas/halamanutama.php HTTP/1.0" 200 3298 "http://santoaloisius.xyz/2019.php/komunitas/tkeluarp.php" "Mozilla/5.0 (Linux; Android 5.1.1; SM-J500G) AppleWebKit/537.36 (KHTML, like Gecko) Chrome/78.0.3904.62 Mobile Safari/537.36"
180.254.240.231 - - [02/Nov/2019:17:30:31 +0700] "GET /2019.php/komunitas/menukeluar.php HTTP/1.0" 200 1082 "http://santoaloisius.xyz/2019.php/komunitas/halamanutama.php" "Mozilla/5.0 (Windows NT 6.1; Win64; x64) AppleWebKit/537.36 (KHTML, like Gecko) Chrome/77.0.3865.120 Safari/537.36"
64.233.173.36 - - [02/Nov/2019:17:30:31 +0700] "GET /2019.php/komunitas/halamanutama.php HTTP/1.0" 200 3302 "http://santoaloisius.xyz/2019.php/komunitas/bukuhapus.php" "Mozilla/5.0 (Linux; Android 7.1.1; CPH1725) AppleWebKit/537.36 (KHTML, like Gecko) Chrome/78.0.3904.62 Mobile Safari/537.36"
180.254.240.231 - - [02/Nov/2019:17:30:33 +0700] "GET /2019.php/komunitas/tkeluar.php?id=kas HTTP/1.0" 200 3677 "http://santoaloisius.xyz/2019.php/komunitas/menukeluar.php" "Mozilla/5.0 (Windows NT 6.1; Win64; x64) AppleWebKit/537.36 (KHTML, like Gecko) Chrome/77.0.3865.120 Safari/537.36"
180.254.240.231 - - [02/Nov/2019:17:30:33 +0700] "GET /2019.php/komunitas/tkeluar.php?id=kas HTTP/1.0" 200 3677 "http://santoaloisius.xyz/2019.php/komunitas/menukeluar.php" "Mozilla/5.0 (Windows NT 6.1; Win64; x64) AppleWebKit/537.36 (KHTML, like Gecko) Chrome/77.0.3865.120 Safari/537.36"
64.233.173.36 - - [02/Nov/2019:17:30:37 +0700] "GET /2019.php/komunitas/menumasuk.php HTTP/1.0" 200 1090 "http://santoaloisius.xyz/2019.php/komunitas/halamanutama.php" "Mozilla/5.0 (Linux; Android 7.1.1; CPH1725) AppleWebKit/537.36 (KHTML, like Gecko) Chrome/78.0.3904.62 Mobile Safari/537.36"
64.233.173.33 - - [02/Nov/2019:17:30:38 +0700] "GET /2019.php/komunitas/ambilbank.php?id=kas HTTP/1.0" 200 1512 "http://santoaloisius.xyz/2019.php/komunitas/menumasuk.php" "Mozilla/5.0 (Linux; Android 7.1.1; CPH1725) AppleWebKit/537.36 (KHTML, like Gecko) Chrome/78.0.3904.62 Mobile Safari/537.36"
202.80.219.182 - - [02/Nov/2019:17:31:22 +0700] "POST /2019.php/komunitas/tmasukp.php HTTP/1.0" 200 1569 "http://santoaloisius.xyz/2019.php/komunitas/ambilbank.php?id=kas" "Mozilla/5.0 (Linux; Android 7.1.1; CPH1725) AppleWebKit/537.36 (KHTML, like Gecko) Chrome/78.0.3904.62 Mobile Safari/537.36"
202.80.219.182 - - [02/Nov/2019:17:31:30 +0700] "POST /2019.php/komunitas/tmasukp.php HTTP/1.0" 302 1600 "http://santoaloisius.xyz/2019.php/komunitas/tmasukp.php" "Mozilla/5.0 (Linux; Android 7.1.1; CPH1725) AppleWebKit/537.36 (KHTML, like Gecko) Chrome/78.0.3904.62 Mobile Safari/537.36"
64.233.173.36 - - [02/Nov/2019:17:31:30 +0700] "GET /2019.php/komunitas/halamanutama.php HTTP/1.0" 200 3302 "http://santoaloisius.xyz/2019.php/komunitas/tmasukp.php" "Mozilla/5.0 (Linux; Android 7.1.1; CPH1725) AppleWebKit/537.36 (KHTML, like Gecko) Chrome/78.0.3904.62 Mobile Safari/537.36"
64.233.173.33 - - [02/Nov/2019:17:32:10 +0700] "GET /2019.php/komunitas/menukeluar.php HTTP/1.0" 200 1085 "http://santoaloisius.xyz/2019.php/komunitas/halamanutama.php" "Mozilla/5.0 (Linux; Android 7.1.1; CPH1725) AppleWebKit/537.36 (KHTML, like Gecko) Chrome/78.0.3904.62 Mobile Safari/537.36"
64.233.173.38 - - [02/Nov/2019:17:32:11 +0700] "GET /2019.php/komunitas/tkeluar.php?id=kas HTTP/1.0" 200 3677 "http://santoaloisius.xyz/2019.php/komunitas/menukeluar.php" "Mozilla/5.0 (Linux; Android 7.1.1; CPH1725) AppleWebKit/537.36 (KHTML, like Gecko) Chrome/78.0.3904.62 Mobile Safari/537.36"
202.80.219.182 - - [02/Nov/2019:17:33:01 +0700] "POST /2019.php/komunitas/tkeluarp.php HTTP/1.0" 200 1531 "http://santoaloisius.xyz/2019.php/komunitas/tkeluar.php?id=kas" "Mozilla/5.0 (Linux; Android 7.1.1; CPH1725) AppleWebKit/537.36 (KHTML, like Gecko) Chrome/78.0.3904.62 Mobile Safari/537.36"
202.80.219.182 - - [02/Nov/2019:17:33:05 +0700] "POST /2019.php/komunitas/tkeluarp.php HTTP/1.0" 302 1562 "http://santoaloisius.xyz/2019.php/komunitas/tkeluarp.php" "Mozilla/5.0 (Linux; Android 7.1.1; CPH1725) AppleWebKit/537.36 (KHTML, like Gecko) Chrome/78.0.3904.62 Mobile Safari/537.36"
64.233.173.33 - - [02/Nov/2019:17:33:05 +0700] "GET /2019.php/komunitas/halamanutama.php HTTP/1.0" 200 3302 "http://santoaloisius.xyz/2019.php/komunitas/tkeluarp.php" "Mozilla/5.0 (Linux; Android 7.1.1; CPH1725) AppleWebKit/537.36 (KHTML, like Gecko) Chrome/78.0.3904.62 Mobile Safari/537.36"
64.233.173.33 - - [02/Nov/2019:17:33:07 +0700] "GET /2019.php/komunitas/menukeluar.php HTTP/1.0" 200 1085 "http://santoaloisius.xyz/2019.php/komunitas/halamanutama.php" "Mozilla/5.0 (Linux; Android 7.1.1; CPH1725) AppleWebKit/537.36 (KHTML, like Gecko) Chrome/78.0.3904.62 Mobile Safari/537.36"
64.233.173.33 - - [02/Nov/2019:17:33:08 +0700] "GET /2019.php/komunitas/tkeluar.php?id=kas HTTP/1.0" 200 3677 "http://santoaloisius.xyz/2019.php/komunitas/menukeluar.php" "Mozilla/5.0 (Linux; Android 7.1.1; CPH1725) AppleWebKit/537.36 (KHTML, like Gecko) Chrome/78.0.3904.62 Mobile Safari/537.36"
202.80.219.182 - - [02/Nov/2019:17:33:58 +0700] "POST /2019.php/komunitas/tkeluarp.php HTTP/1.0" 200 1519 "http://santoaloisius.xyz/2019.php/komunitas/tkeluar.php?id=kas" "Mozilla/5.0 (Linux; Android 7.1.1; CPH1725) AppleWebKit/537.36 (KHTML, like Gecko) Chrome/78.0.3904.62 Mobile Safari/537.36"
202.80.219.182 - - [02/Nov/2019:17:33:59 +0700] "POST /2019.php/komunitas/tkeluarp.php HTTP/1.0" 302 1550 "http://santoaloisius.xyz/2019.php/komunitas/tkeluarp.php" "Mozilla/5.0 (Linux; Android 7.1.1; CPH1725) AppleWebKit/537.36 (KHTML, like Gecko) Chrome/78.0.3904.62 Mobile Safari/537.36"
64.233.173.33 - - [02/Nov/2019:17:34:00 +0700] "GET /2019.php/komunitas/halamanutama.php HTTP/1.0" 200 3302 "http://santoaloisius.xyz/2019.php/komunitas/tkeluarp.php" "Mozilla/5.0 (Linux; Android 7.1.1; CPH1725) AppleWebKit/537.36 (KHTML, like Gecko) Chrome/78.0.3904.62 Mobile Safari/537.36"
64.233.173.36 - - [02/Nov/2019:17:34:02 +0700] "GET /2019.php/komunitas/menukeluar.php HTTP/1.0" 200 1085 "http://santoaloisius.xyz/2019.php/komunitas/halamanutama.php" "Mozilla/5.0 (Linux; Android 7.1.1; CPH1725) AppleWebKit/537.36 (KHTML, like Gecko) Chrome/78.0.3904.62 Mobile Safari/537.36"
64.233.173.38 - - [02/Nov/2019:17:34:03 +0700] "GET /2019.php/komunitas/tkeluar.php?id=kas HTTP/1.0" 200 3677 "http://santoaloisius.xyz/2019.php/komunitas/menukeluar.php" "Mozilla/5.0 (Linux; Android 7.1.1; CPH1725) AppleWebKit/537.36 (KHTML, like Gecko) Chrome/78.0.3904.62 Mobile Safari/537.36"
180.254.240.231 - - [02/Nov/2019:17:34:21 +0700] "POST /2019.php/komunitas/tkeluarp.php HTTP/1.0" 200 1509 "http://santoaloisius.xyz/2019.php/komunitas/tkeluar.php?id=kas" "Mozilla/5.0 (Windows NT 6.1; Win64; x64) AppleWebKit/537.36 (KHTML, like Gecko) Chrome/77.0.3865.120 Safari/537.36"
180.254.240.231 - - [02/Nov/2019:17:34:40 +0700] "POST /2019.php/komunitas/tkeluarp.php HTTP/1.0" 302 1540 "http://santoaloisius.xyz/2019.php/komunitas/tkeluarp.php" "Mozilla/5.0 (Windows NT 6.1; Win64; x64) AppleWebKit/537.36 (KHTML, like Gecko) Chrome/77.0.3865.120 Safari/537.36"
180.254.240.231 - - [02/Nov/2019:17:34:41 +0700] "GET /2019.php/komunitas/halamanutama.php HTTP/1.0" 200 3299 "http://santoaloisius.xyz/2019.php/komunitas/tkeluarp.php" "Mozilla/5.0 (Windows NT 6.1; Win64; x64) AppleWebKit/537.36 (KHTML, like Gecko) Chrome/77.0.3865.120 Safari/537.36"
180.254.240.231 - - [02/Nov/2019:17:34:50 +0700] "GET /2019.php/komunitas/menumasuk.php HTTP/1.0" 200 1087 "http://santoaloisius.xyz/2019.php/komunitas/halamanutama.php" "Mozilla/5.0 (Windows NT 6.1; Win64; x64) AppleWebKit/537.36 (KHTML, like Gecko) Chrome/77.0.3865.120 Safari/537.36"
202.80.219.182 - - [02/Nov/2019:17:34:54 +0700] "POST /2019.php/komunitas/tkeluarp.php HTTP/1.0" 200 1529 "http://santoaloisius.xyz/2019.php/komunitas/tkeluar.php?id=kas" "Mozilla/5.0 (Linux; Android 7.1.1; CPH1725) AppleWebKit/537.36 (KHTML, like Gecko) Chrome/78.0.3904.62 Mobile Safari/537.36"
180.254.240.231 - - [02/Nov/2019:17:34:54 +0700] "GET /2019.php/komunitas/halamanutama.php HTTP/1.0" 200 3299 "http://santoaloisius.xyz/2019.php/komunitas/tkeluarp.php" "Mozilla/5.0 (Windows NT 6.1; Win64; x64) AppleWebKit/537.36 (KHTML, like Gecko) Chrome/77.0.3865.120 Safari/537.36"
202.80.219.182 - - [02/Nov/2019:17:34:56 +0700] "POST /2019.php/komunitas/tkeluarp.php HTTP/1.0" 302 1560 "http://santoaloisius.xyz/2019.php/komunitas/tkeluarp.php" "Mozilla/5.0 (Linux; Android 7.1.1; CPH1725) AppleWebKit/537.36 (KHTML, like Gecko) Chrome/78.0.3904.62 Mobile Safari/537.36"
64.233.173.33 - - [02/Nov/2019:17:34:56 +0700] "GET /2019.php/komunitas/halamanutama.php HTTP/1.0" 200 3302 "http://santoaloisius.xyz/2019.php/komunitas/tkeluarp.php" "Mozilla/5.0 (Linux; Android 7.1.1; CPH1725) AppleWebKit/537.36 (KHTML, like Gecko) Chrome/78.0.3904.62 Mobile Safari/537.36"
180.254.240.231 - - [02/Nov/2019:17:34:56 +0700] "GET /2019.php/komunitas/menukeluar.php HTTP/1.0" 200 1082 "http://santoaloisius.xyz/2019.php/komunitas/halamanutama.php" "Mozilla/5.0 (Windows NT 6.1; Win64; x64) AppleWebKit/537.36 (KHTML, like Gecko) Chrome/77.0.3865.120 Safari/537.36"
64.233.173.36 - - [02/Nov/2019:17:35:01 +0700] "GET /2019.php/komunitas/menukeluar.php HTTP/1.0" 200 1085 "http://santoaloisius.xyz/2019.php/komunitas/halamanutama.php" "Mozilla/5.0 (Linux; Android 7.1.1; CPH1725) AppleWebKit/537.36 (KHTML, like Gecko) Chrome/78.0.3904.62 Mobile Safari/537.36"
64.233.173.33 - - [02/Nov/2019:17:35:02 +0700] "GET /2019.php/komunitas/tkeluar.php?id=kas HTTP/1.0" 200 3677 "http://santoaloisius.xyz/2019.php/komunitas/menukeluar.php" "Mozilla/5.0 (Linux; Android 7.1.1; CPH1725) AppleWebKit/537.36 (KHTML, like Gecko) Chrome/78.0.3904.62 Mobile Safari/537.36"
180.254.240.231 - - [02/Nov/2019:17:35:15 +0700] "GET /2019.php/komunitas/tkeluar.php?id=kas HTTP/1.0" 200 3677 "http://santoaloisius.xyz/2019.php/komunitas/menukeluar.php" "Mozilla/5.0 (Windows NT 6.1; Win64; x64) AppleWebKit/537.36 (KHTML, like Gecko) Chrome/77.0.3865.120 Safari/537.36"
202.80.219.182 - - [02/Nov/2019:17:35:34 +0700] "POST /2019.php/komunitas/tkeluarp.php HTTP/1.0" 200 1501 "http://santoaloisius.xyz/2019.php/komunitas/tkeluar.php?id=kas" "Mozilla/5.0 (Linux; Android 7.1.1; CPH1725) AppleWebKit/537.36 (KHTML, like Gecko) Chrome/78.0.3904.62 Mobile Safari/537.36"
202.80.219.182 - - [02/Nov/2019:17:35:36 +0700] "POST /2019.php/komunitas/tkeluarp.php HTTP/1.0" 302 1532 "http://santoaloisius.xyz/2019.php/komunitas/tkeluarp.php" "Mozilla/5.0 (Linux; Android 7.1.1; CPH1725) AppleWebKit/537.36 (KHTML, like Gecko) Chrome/78.0.3904.62 Mobile Safari/537.36"
64.233.173.38 - - [02/Nov/2019:17:35:36 +0700] "GET /2019.php/komunitas/halamanutama.php HTTP/1.0" 200 3302 "http://santoaloisius.xyz/2019.php/komunitas/tkeluarp.php" "Mozilla/5.0 (Linux; Android 7.1.1; CPH1725) AppleWebKit/537.36 (KHTML, like Gecko) Chrome/78.0.3904.62 Mobile Safari/537.36"
64.233.173.38 - - [02/Nov/2019:17:35:37 +0700] "GET /2019.php/komunitas/menukeluar.php HTTP/1.0" 200 1085 "http://santoaloisius.xyz/2019.php/komunitas/halamanutama.php" "Mozilla/5.0 (Linux; Android 7.1.1; CPH1725) AppleWebKit/537.36 (KHTML, like Gecko) Chrome/78.0.3904.62 Mobile Safari/537.36"
64.233.173.36 - - [02/Nov/2019:17:35:38 +0700] "GET /2019.php/komunitas/tkeluar.php?id=kas HTTP/1.0" 200 3677 "http://santoaloisius.xyz/2019.php/komunitas/menukeluar.php" "Mozilla/5.0 (Linux; Android 7.1.1; CPH1725) AppleWebKit/537.36 (KHTML, like Gecko) Chrome/78.0.3904.62 Mobile Safari/537.36"
180.254.240.231 - - [02/Nov/2019:17:35:48 +0700] "GET /2019.php/komunitas/menukeluar.php HTTP/1.0" 200 1082 "http://santoaloisius.xyz/2019.php/komunitas/halamanutama.php" "Mozilla/5.0 (Windows NT 6.1; Win64; x64) AppleWebKit/537.36 (KHTML, like Gecko) Chrome/77.0.3865.120 Safari/537.36"
180.254.240.231 - - [02/Nov/2019:17:35:59 +0700] "GET /2019.php/komunitas/tkeluar.php?id=kas HTTP/1.0" 200 3677 "http://santoaloisius.xyz/2019.php/komunitas/menukeluar.php" "Mozilla/5.0 (Windows NT 6.1; Win64; x64) AppleWebKit/537.36 (KHTML, like Gecko) Chrome/77.0.3865.120 Safari/537.36"
202.80.219.182 - - [02/Nov/2019:17:36:13 +0700] "POST /2019.php/komunitas/tkeluarp.php HTTP/1.0" 200 1481 "http://santoaloisius.xyz/2019.php/komunitas/tkeluar.php?id=kas" "Mozilla/5.0 (Linux; Android 7.1.1; CPH1725) AppleWebKit/537.36 (KHTML, like Gecko) Chrome/78.0.3904.62 Mobile Safari/537.36"
202.80.219.182 - - [02/Nov/2019:17:36:16 +0700] "POST /2019.php/komunitas/tkeluarp.php HTTP/1.0" 302 1512 "http://santoaloisius.xyz/2019.php/komunitas/tkeluarp.php" "Mozilla/5.0 (Linux; Android 7.1.1; CPH1725) AppleWebKit/537.36 (KHTML, like Gecko) Chrome/78.0.3904.62 Mobile Safari/537.36"
64.233.173.36 - - [02/Nov/2019:17:36:16 +0700] "GET /2019.php/komunitas/halamanutama.php HTTP/1.0" 200 3302 "http://santoaloisius.xyz/2019.php/komunitas/tkeluarp.php" "Mozilla/5.0 (Linux; Android 7.1.1; CPH1725) AppleWebKit/537.36 (KHTML, like Gecko) Chrome/78.0.3904.62 Mobile Safari/537.36"
64.233.173.33 - - [02/Nov/2019:17:36:17 +0700] "GET /2019.php/komunitas/menumasuk.php HTTP/1.0" 200 1090 "http://santoaloisius.xyz/2019.php/komunitas/halamanutama.php" "Mozilla/5.0 (Linux; Android 7.1.1; CPH1725) AppleWebKit/537.36 (KHTML, like Gecko) Chrome/78.0.3904.62 Mobile Safari/537.36"
64.233.173.36 - - [02/Nov/2019:17:36:18 +0700] "GET /2019.php/komunitas/halamanutama.php HTTP/1.0" 200 3302 "http://santoaloisius.xyz/2019.php/komunitas/menumasuk.php" "Mozilla/5.0 (Linux; Android 7.1.1; CPH1725) AppleWebKit/537.36 (KHTML, like Gecko) Chrome/78.0.3904.62 Mobile Safari/537.36"
64.233.173.36 - - [02/Nov/2019:17:36:19 +0700] "GET /2019.php/komunitas/menukeluar.php HTTP/1.0" 200 1085 "http://santoaloisius.xyz/2019.php/komunitas/halamanutama.php" "Mozilla/5.0 (Linux; Android 7.1.1; CPH1725) AppleWebKit/537.36 (KHTML, like Gecko) Chrome/78.0.3904.62 Mobile Safari/537.36"
64.233.173.33 - - [02/Nov/2019:17:36:20 +0700] "GET /2019.php/komunitas/tkeluar.php?id=kas HTTP/1.0" 200 3677 "http://santoaloisius.xyz/2019.php/komunitas/menukeluar.php" "Mozilla/5.0 (Linux; Android 7.1.1; CPH1725) AppleWebKit/537.36 (KHTML, like Gecko) Chrome/78.0.3904.62 Mobile Safari/537.36"
180.254.240.231 - - [02/Nov/2019:17:36:38 +0700] "GET /2019.php/komunitas/menukeluar.php HTTP/1.0" 200 1082 "http://santoaloisius.xyz/2019.php/komunitas/halamanutama.php" "Mozilla/5.0 (Windows NT 6.1; Win64; x64) AppleWebKit/537.36 (KHTML, like Gecko) Chrome/77.0.3865.120 Safari/537.36"
180.254.240.231 - - [02/Nov/2019:17:36:42 +0700] "GET /2019.php/komunitas/tkeluar.php?id=kas HTTP/1.0" 200 3677 "http://santoaloisius.xyz/2019.php/komunitas/menukeluar.php" "Mozilla/5.0 (Windows NT 6.1; Win64; x64) AppleWebKit/537.36 (KHTML, like Gecko) Chrome/77.0.3865.120 Safari/537.36"
202.80.219.182 - - [02/Nov/2019:17:36:52 +0700] "POST /2019.php/komunitas/tkeluarp.php HTTP/1.0" 200 1487 "http://santoaloisius.xyz/2019.php/komunitas/tkeluar.php?id=kas" "Mozilla/5.0 (Linux; Android 7.1.1; CPH1725) AppleWebKit/537.36 (KHTML, like Gecko) Chrome/78.0.3904.62 Mobile Safari/537.36"
202.80.219.182 - - [02/Nov/2019:17:36:54 +0700] "POST /2019.php/komunitas/tkeluarp.php HTTP/1.0" 302 1518 "http://santoaloisius.xyz/2019.php/komunitas/tkeluarp.php" "Mozilla/5.0 (Linux; Android 7.1.1; CPH1725) AppleWebKit/537.36 (KHTML, like Gecko) Chrome/78.0.3904.62 Mobile Safari/537.36"
64.233.173.38 - - [02/Nov/2019:17:36:54 +0700] "GET /2019.php/komunitas/halamanutama.php HTTP/1.0" 200 3302 "http://santoaloisius.xyz/2019.php/komunitas/tkeluarp.php" "Mozilla/5.0 (Linux; Android 7.1.1; CPH1725) AppleWebKit/537.36 (KHTML, like Gecko) Chrome/78.0.3904.62 Mobile Safari/537.36"
64.233.173.38 - - [02/Nov/2019:17:36:55 +0700] "GET /2019.php/komunitas/menukeluar.php HTTP/1.0" 200 1085 "http://santoaloisius.xyz/2019.php/komunitas/halamanutama.php" "Mozilla/5.0 (Linux; Android 7.1.1; CPH1725) AppleWebKit/537.36 (KHTML, like Gecko) Chrome/78.0.3904.62 Mobile Safari/537.36"
64.233.173.36 - - [02/Nov/2019:17:36:56 +0700] "GET /2019.php/komunitas/tkeluar.php?id=kas HTTP/1.0" 200 3677 "http://santoaloisius.xyz/2019.php/komunitas/menukeluar.php" "Mozilla/5.0 (Linux; Android 7.1.1; CPH1725) AppleWebKit/537.36 (KHTML, like Gecko) Chrome/78.0.3904.62 Mobile Safari/537.36"
180.254.240.231 - - [02/Nov/2019:17:38:42 +0700] "POST /2019.php/komunitas/tkeluarp.php HTTP/1.0" 200 1509 "http://santoaloisius.xyz/2019.php/komunitas/tkeluar.php?id=kas" "Mozilla/5.0 (Windows NT 6.1; Win64; x64) AppleWebKit/537.36 (KHTML, like Gecko) Chrome/77.0.3865.120 Safari/537.36"
180.254.240.231 - - [02/Nov/2019:17:39:00 +0700] "POST /2019.php/komunitas/tkeluarp.php HTTP/1.0" 302 1540 "http://santoaloisius.xyz/2019.php/komunitas/tkeluarp.php" "Mozilla/5.0 (Windows NT 6.1; Win64; x64) AppleWebKit/537.36 (KHTML, like Gecko) Chrome/77.0.3865.120 Safari/537.36"
180.254.240.231 - - [02/Nov/2019:17:39:00 +0700] "GET /2019.php/komunitas/halamanutama.php HTTP/1.0" 200 3299 "http://santoaloisius.xyz/2019.php/komunitas/tkeluarp.php" "Mozilla/5.0 (Windows NT 6.1; Win64; x64) AppleWebKit/537.36 (KHTML, like Gecko) Chrome/77.0.3865.120 Safari/537.36"
180.254.240.231 - - [02/Nov/2019:17:39:11 +0700] "GET /2019.php/komunitas/logout.php HTTP/1.0" 200 636 "http://santoaloisius.xyz/2019.php/komunitas/halamanutama.php" "Mozilla/5.0 (Windows NT 6.1; Win64; x64) AppleWebKit/537.36 (KHTML, like Gecko) Chrome/77.0.3865.120 Safari/537.36"
202.80.219.182 - - [02/Nov/2019:17:39:22 +0700] "POST /2019.php/komunitas/tkeluarp.php HTTP/1.0" 200 1513 "http://santoaloisius.xyz/2019.php/komunitas/tkeluar.php?id=kas" "Mozilla/5.0 (Linux; Android 7.1.1; CPH1725) AppleWebKit/537.36 (KHTML, like Gecko) Chrome/78.0.3904.62 Mobile Safari/537.36"
202.80.219.182 - - [02/Nov/2019:17:39:25 +0700] "POST /2019.php/komunitas/tkeluarp.php HTTP/1.0" 302 1544 "http://santoaloisius.xyz/2019.php/komunitas/tkeluarp.php" "Mozilla/5.0 (Linux; Android 7.1.1; CPH1725) AppleWebKit/537.36 (KHTML, like Gecko) Chrome/78.0.3904.62 Mobile Safari/537.36"
64.233.173.38 - - [02/Nov/2019:17:39:25 +0700] "GET /2019.php/komunitas/halamanutama.php HTTP/1.0" 200 3302 "http://santoaloisius.xyz/2019.php/komunitas/tkeluarp.php" "Mozilla/5.0 (Linux; Android 7.1.1; CPH1725) AppleWebKit/537.36 (KHTML, like Gecko) Chrome/78.0.3904.62 Mobile Safari/537.36"
64.233.173.38 - - [02/Nov/2019:17:39:26 +0700] "GET /2019.php/komunitas/menukeluar.php HTTP/1.0" 200 1085 "http://santoaloisius.xyz/2019.php/komunitas/halamanutama.php" "Mozilla/5.0 (Linux; Android 7.1.1; CPH1725) AppleWebKit/537.36 (KHTML, like Gecko) Chrome/78.0.3904.62 Mobile Safari/537.36"
64.233.173.33 - - [02/Nov/2019:17:39:28 +0700] "GET /2019.php/komunitas/tkeluar.php?id=kas HTTP/1.0" 200 3677 "http://santoaloisius.xyz/2019.php/komunitas/menukeluar.php" "Mozilla/5.0 (Linux; Android 7.1.1; CPH1725) AppleWebKit/537.36 (KHTML, like Gecko) Chrome/78.0.3904.62 Mobile Safari/537.36"
202.80.219.182 - - [02/Nov/2019:17:40:23 +0700] "POST /2019.php/komunitas/tkeluarp.php HTTP/1.0" 200 1527 "http://santoaloisius.xyz/2019.php/komunitas/tkeluar.php?id=kas" "Mozilla/5.0 (Linux; Android 7.1.1; CPH1725) AppleWebKit/537.36 (KHTML, like Gecko) Chrome/78.0.3904.62 Mobile Safari/537.36"
202.80.219.182 - - [02/Nov/2019:17:40:25 +0700] "POST /2019.php/komunitas/tkeluarp.php HTTP/1.0" 302 1558 "http://santoaloisius.xyz/2019.php/komunitas/tkeluarp.php" "Mozilla/5.0 (Linux; Android 7.1.1; CPH1725) AppleWebKit/537.36 (KHTML, like Gecko) Chrome/78.0.3904.62 Mobile Safari/537.36"
64.233.173.38 - - [02/Nov/2019:17:40:25 +0700] "GET /2019.php/komunitas/halamanutama.php HTTP/1.0" 200 3302 "http://santoaloisius.xyz/2019.php/komunitas/tkeluarp.php" "Mozilla/5.0 (Linux; Android 7.1.1; CPH1725) AppleWebKit/537.36 (KHTML, like Gecko) Chrome/78.0.3904.62 Mobile Safari/537.36"
64.233.173.36 - - [02/Nov/2019:17:40:26 +0700] "GET /2019.php/komunitas/menukeluar.php HTTP/1.0" 200 1085 "http://santoaloisius.xyz/2019.php/komunitas/halamanutama.php" "Mozilla/5.0 (Linux; Android 7.1.1; CPH1725) AppleWebKit/537.36 (KHTML, like Gecko) Chrome/78.0.3904.62 Mobile Safari/537.36"
64.233.173.38 - - [02/Nov/2019:17:40:28 +0700] "GET /2019.php/komunitas/tkeluar.php?id=kas HTTP/1.0" 200 3677 "http://santoaloisius.xyz/2019.php/komunitas/menukeluar.php" "Mozilla/5.0 (Linux; Android 7.1.1; CPH1725) AppleWebKit/537.36 (KHTML, like Gecko) Chrome/78.0.3904.62 Mobile Safari/537.36"
202.80.219.182 - - [02/Nov/2019:17:41:14 +0700] "POST /2019.php/komunitas/tkeluarp.php HTTP/1.0" 200 1539 "http://santoaloisius.xyz/2019.php/komunitas/tkeluar.php?id=kas" "Mozilla/5.0 (Linux; Android 7.1.1; CPH1725) AppleWebKit/537.36 (KHTML, like Gecko) Chrome/78.0.3904.62 Mobile Safari/537.36"
202.80.219.182 - - [02/Nov/2019:17:41:15 +0700] "POST /2019.php/komunitas/tkeluarp.php HTTP/1.0" 302 1570 "http://santoaloisius.xyz/2019.php/komunitas/tkeluarp.php" "Mozilla/5.0 (Linux; Android 7.1.1; CPH1725) AppleWebKit/537.36 (KHTML, like Gecko) Chrome/78.0.3904.62 Mobile Safari/537.36"
64.233.173.33 - - [02/Nov/2019:17:41:15 +0700] "GET /2019.php/komunitas/halamanutama.php HTTP/1.0" 200 3302 "http://santoaloisius.xyz/2019.php/komunitas/tkeluarp.php" "Mozilla/5.0 (Linux; Android 7.1.1; CPH1725) AppleWebKit/537.36 (KHTML, like Gecko) Chrome/78.0.3904.62 Mobile Safari/537.36"
64.233.173.36 - - [02/Nov/2019:17:41:16 +0700] "GET /2019.php/komunitas/menukeluar.php HTTP/1.0" 200 1085 "http://santoaloisius.xyz/2019.php/komunitas/halamanutama.php" "Mozilla/5.0 (Linux; Android 7.1.1; CPH1725) AppleWebKit/537.36 (KHTML, like Gecko) Chrome/78.0.3904.62 Mobile Safari/537.36"
64.233.173.33 - - [02/Nov/2019:17:41:17 +0700] "GET /2019.php/komunitas/tkeluar.php?id=kas HTTP/1.0" 200 3677 "http://santoaloisius.xyz/2019.php/komunitas/menukeluar.php" "Mozilla/5.0 (Linux; Android 7.1.1; CPH1725) AppleWebKit/537.36 (KHTML, like Gecko) Chrome/78.0.3904.62 Mobile Safari/537.36"
202.80.219.182 - - [02/Nov/2019:17:41:54 +0700] "POST /2019.php/komunitas/tkeluarp.php HTTP/1.0" 200 1525 "http://santoaloisius.xyz/2019.php/komunitas/tkeluar.php?id=kas" "Mozilla/5.0 (Linux; Android 7.1.1; CPH1725) AppleWebKit/537.36 (KHTML, like Gecko) Chrome/78.0.3904.62 Mobile Safari/537.36"
202.80.219.182 - - [02/Nov/2019:17:41:56 +0700] "POST /2019.php/komunitas/tkeluarp.php HTTP/1.0" 302 1556 "http://santoaloisius.xyz/2019.php/komunitas/tkeluarp.php" "Mozilla/5.0 (Linux; Android 7.1.1; CPH1725) AppleWebKit/537.36 (KHTML, like Gecko) Chrome/78.0.3904.62 Mobile Safari/537.36"
64.233.173.36 - - [02/Nov/2019:17:41:56 +0700] "GET /2019.php/komunitas/halamanutama.php HTTP/1.0" 200 3302 "http://santoaloisius.xyz/2019.php/komunitas/tkeluarp.php" "Mozilla/5.0 (Linux; Android 7.1.1; CPH1725) AppleWebKit/537.36 (KHTML, like Gecko) Chrome/78.0.3904.62 Mobile Safari/537.36"
64.233.173.38 - - [02/Nov/2019:17:41:57 +0700] "GET /2019.php/komunitas/menukeluar.php HTTP/1.0" 200 1085 "http://santoaloisius.xyz/2019.php/komunitas/halamanutama.php" "Mozilla/5.0 (Linux; Android 7.1.1; CPH1725) AppleWebKit/537.36 (KHTML, like Gecko) Chrome/78.0.3904.62 Mobile Safari/537.36"
