180.249.206.191 - - [02/Nov/2019:06:46:27 +0700] "POST /2019.php/komunitas/tkeluarp.php HTTP/1.0" 200 1497 "http://santoaloisius.xyz/2019.php/komunitas/tkeluar.php?id=kas" "Mozilla/5.0 (Windows NT 6.1) AppleWebKit/537.36 (KHTML, like Gecko) Chrome/77.0.3865.120 Safari/537.36"
180.249.206.191 - - [02/Nov/2019:06:46:29 +0700] "POST /2019.php/komunitas/tkeluarp.php HTTP/1.0" 302 1528 "http://santoaloisius.xyz/2019.php/komunitas/tkeluarp.php" "Mozilla/5.0 (Windows NT 6.1) AppleWebKit/537.36 (KHTML, like Gecko) Chrome/77.0.3865.120 Safari/537.36"
180.249.206.191 - - [02/Nov/2019:06:46:29 +0700] "GET /2019.php/komunitas/halamanutama.php HTTP/1.0" 200 3300 "http://santoaloisius.xyz/2019.php/komunitas/tkeluarp.php" "Mozilla/5.0 (Windows NT 6.1) AppleWebKit/537.36 (KHTML, like Gecko) Chrome/77.0.3865.120 Safari/537.36"
180.249.206.191 - - [02/Nov/2019:06:46:31 +0700] "GET /2019.php/komunitas/menukeluar.php HTTP/1.0" 200 1083 "http://santoaloisius.xyz/2019.php/komunitas/halamanutama.php" "Mozilla/5.0 (Windows NT 6.1) AppleWebKit/537.36 (KHTML, like Gecko) Chrome/77.0.3865.120 Safari/537.36"
180.249.206.191 - - [02/Nov/2019:06:46:32 +0700] "GET /2019.php/komunitas/tkeluar.php?id=kas HTTP/1.0" 200 3677 "http://santoaloisius.xyz/2019.php/komunitas/menukeluar.php" "Mozilla/5.0 (Windows NT 6.1) AppleWebKit/537.36 (KHTML, like Gecko) Chrome/77.0.3865.120 Safari/537.36"
180.249.206.191 - - [02/Nov/2019:06:47:02 +0700] "POST /2019.php/komunitas/tkeluarp.php HTTP/1.0" 200 1491 "http://santoaloisius.xyz/2019.php/komunitas/tkeluar.php?id=kas" "Mozilla/5.0 (Windows NT 6.1) AppleWebKit/537.36 (KHTML, like Gecko) Chrome/77.0.3865.120 Safari/537.36"
180.249.206.191 - - [02/Nov/2019:06:47:03 +0700] "POST /2019.php/komunitas/tkeluarp.php HTTP/1.0" 302 1522 "http://santoaloisius.xyz/2019.php/komunitas/tkeluarp.php" "Mozilla/5.0 (Windows NT 6.1) AppleWebKit/537.36 (KHTML, like Gecko) Chrome/77.0.3865.120 Safari/537.36"
180.249.206.191 - - [02/Nov/2019:06:47:03 +0700] "GET /2019.php/komunitas/halamanutama.php HTTP/1.0" 200 3300 "http://santoaloisius.xyz/2019.php/komunitas/tkeluarp.php" "Mozilla/5.0 (Windows NT 6.1) AppleWebKit/537.36 (KHTML, like Gecko) Chrome/77.0.3865.120 Safari/537.36"
180.249.206.191 - - [02/Nov/2019:06:47:29 +0700] "POST /2019.php/komunitas/bukujurnal4.php HTTP/1.0" 200 3729 "http://santoaloisius.xyz/2019.php/komunitas/halamanutama.php" "Mozilla/5.0 (Windows NT 6.1) AppleWebKit/537.36 (KHTML, like Gecko) Chrome/77.0.3865.120 Safari/537.36"
180.249.206.191 - - [02/Nov/2019:06:49:45 +0700] "GET /2019.php/komunitas/halamanutama.php HTTP/1.0" 200 3300 "http://santoaloisius.xyz/2019.php/komunitas/bukujurnal4.php" "Mozilla/5.0 (Windows NT 6.1) AppleWebKit/537.36 (KHTML, like Gecko) Chrome/77.0.3865.120 Safari/537.36"
180.249.206.191 - - [02/Nov/2019:06:49:47 +0700] "GET /2019.php/komunitas/neracasaldotgl.php?tgl1=2019-11-01 HTTP/1.0" 200 9172 "http://santoaloisius.xyz/2019.php/komunitas/halamanutama.php" "Mozilla/5.0 (Windows NT 6.1) AppleWebKit/537.36 (KHTML, like Gecko) Chrome/77.0.3865.120 Safari/537.36"
180.249.206.191 - - [02/Nov/2019:06:57:40 +0700] "GET /2019.php/komunitas/halamanutama.php HTTP/1.0" 200 3300 "http://santoaloisius.xyz/2019.php/komunitas/neracasaldotgl.php?tgl1=2019-11-01" "Mozilla/5.0 (Windows NT 6.1) AppleWebKit/537.36 (KHTML, like Gecko) Chrome/77.0.3865.120 Safari/537.36"
180.249.206.191 - - [02/Nov/2019:06:57:46 +0700] "GET /2019.php/komunitas/jurnalumum.php HTTP/1.0" 200 9439 "http://santoaloisius.xyz/2019.php/komunitas/halamanutama.php" "Mozilla/5.0 (Windows NT 6.1) AppleWebKit/537.36 (KHTML, like Gecko) Chrome/77.0.3865.120 Safari/537.36"
180.249.206.191 - - [02/Nov/2019:06:58:20 +0700] "POST /2019.php/komunitas/jurnalumump.php HTTP/1.0" 200 1494 "http://santoaloisius.xyz/2019.php/komunitas/jurnalumum.php" "Mozilla/5.0 (Windows NT 6.1) AppleWebKit/537.36 (KHTML, like Gecko) Chrome/77.0.3865.120 Safari/537.36"
180.249.206.191 - - [02/Nov/2019:06:58:22 +0700] "POST /2019.php/komunitas/jurnalumump.php HTTP/1.0" 302 1525 "http://santoaloisius.xyz/2019.php/komunitas/jurnalumump.php" "Mozilla/5.0 (Windows NT 6.1) AppleWebKit/537.36 (KHTML, like Gecko) Chrome/77.0.3865.120 Safari/537.36"
180.249.206.191 - - [02/Nov/2019:06:58:23 +0700] "GET /2019.php/komunitas/halamanutama.php HTTP/1.0" 200 3300 "http://santoaloisius.xyz/2019.php/komunitas/jurnalumump.php" "Mozilla/5.0 (Windows NT 6.1) AppleWebKit/537.36 (KHTML, like Gecko) Chrome/77.0.3865.120 Safari/537.36"
180.249.206.191 - - [02/Nov/2019:07:09:09 +0700] "GET /2019.php/komunitas/jurnalumum.php HTTP/1.0" 200 9439 "http://santoaloisius.xyz/2019.php/komunitas/halamanutama.php" "Mozilla/5.0 (Windows NT 6.1) AppleWebKit/537.36 (KHTML, like Gecko) Chrome/77.0.3865.120 Safari/537.36"
180.249.206.191 - - [02/Nov/2019:07:09:10 +0700] "GET /2019.php/komunitas/jurnalumum.php HTTP/1.0" 200 9439 "http://santoaloisius.xyz/2019.php/komunitas/halamanutama.php" "Mozilla/5.0 (Windows NT 6.1) AppleWebKit/537.36 (KHTML, like Gecko) Chrome/77.0.3865.120 Safari/537.36"
180.249.206.191 - - [02/Nov/2019:07:12:42 +0700] "GET /2019.php/komunitas/halamanutama.php HTTP/1.0" 200 3300 "http://santoaloisius.xyz/2019.php/komunitas/jurnalumum.php" "Mozilla/5.0 (Windows NT 6.1) AppleWebKit/537.36 (KHTML, like Gecko) Chrome/77.0.3865.120 Safari/537.36"
180.249.206.191 - - [02/Nov/2019:07:15:12 +0700] "POST /2019.php/komunitas/caripassword.php HTTP/1.0" 302 304 "http://santoaloisius.xyz/2019.php/komunitas/index.html" "Mozilla/5.0 (Windows NT 6.1) AppleWebKit/537.36 (KHTML, like Gecko) Chrome/77.0.3865.120 Safari/537.36"
180.249.206.191 - - [02/Nov/2019:07:15:13 +0700] "GET /2019.php/komunitas/halamanutama.php HTTP/1.0" 200 3300 "http://santoaloisius.xyz/2019.php/komunitas/index.html" "Mozilla/5.0 (Windows NT 6.1) AppleWebKit/537.36 (KHTML, like Gecko) Chrome/77.0.3865.120 Safari/537.36"
64.233.173.36 - - [02/Nov/2019:07:39:19 +0700] "GET /favicon.ico HTTP/1.0" 404 1047 "http://santoaloisius.xyz/2019.php/komunitas/index.html" "Mozilla/5.0 (Linux; Android 7.1.1; CPH1725) AppleWebKit/537.36 (KHTML, like Gecko) Chrome/78.0.3904.62 Mobile Safari/537.36"
180.249.206.191 - - [02/Nov/2019:10:32:00 +0700] "GET /2019.php/komunitas/menukeluar.php HTTP/1.0" 302 1113 "http://santoaloisius.xyz/2019.php/komunitas/halamanutama.php" "Mozilla/5.0 (Windows NT 6.1) AppleWebKit/537.36 (KHTML, like Gecko) Chrome/77.0.3865.120 Safari/537.36"
180.249.206.191 - - [02/Nov/2019:10:32:00 +0700] "GET /2019.php/komunitas/index.html HTTP/1.0" 304 128 "http://santoaloisius.xyz/2019.php/komunitas/halamanutama.php" "Mozilla/5.0 (Windows NT 6.1) AppleWebKit/537.36 (KHTML, like Gecko) Chrome/77.0.3865.120 Safari/537.36"
180.249.206.191 - - [02/Nov/2019:10:32:36 +0700] "POST /2019.php/komunitas/caripassword.php HTTP/1.0" 302 304 "http://santoaloisius.xyz/2019.php/komunitas/index.html" "Mozilla/5.0 (Windows NT 6.1) AppleWebKit/537.36 (KHTML, like Gecko) Chrome/77.0.3865.120 Safari/537.36"
180.249.206.191 - - [02/Nov/2019:10:32:36 +0700] "GET /2019.php/komunitas/halamanutama.php HTTP/1.0" 200 3300 "http://santoaloisius.xyz/2019.php/komunitas/index.html" "Mozilla/5.0 (Windows NT 6.1) AppleWebKit/537.36 (KHTML, like Gecko) Chrome/77.0.3865.120 Safari/537.36"
64.233.173.36 - - [02/Nov/2019:11:23:18 +0700] "GET /2019.php/komunitas/index.html HTTP/1.0" 304 128 "-" "Mozilla/5.0 (Linux; Android 7.1.1; CPH1725) AppleWebKit/537.36 (KHTML, like Gecko) Chrome/78.0.3904.62 Mobile Safari/537.36"
64.233.173.36 - - [02/Nov/2019:11:23:18 +0700] "GET /favicon.ico HTTP/1.0" 404 1047 "http://santoaloisius.xyz/2019.php/komunitas/index.html" "Mozilla/5.0 (Linux; Android 7.1.1; CPH1725) AppleWebKit/537.36 (KHTML, like Gecko) Chrome/78.0.3904.62 Mobile Safari/537.36"
64.233.173.36 - - [02/Nov/2019:11:23:42 +0700] "GET /2019.php/komunitas/index.html HTTP/1.0" 304 128 "-" "Mozilla/5.0 (Linux; Android 7.1.1; CPH1725) AppleWebKit/537.36 (KHTML, like Gecko) Chrome/78.0.3904.62 Mobile Safari/537.36"
202.80.219.182 - - [02/Nov/2019:11:25:03 +0700] "GET /2019 HTTP/1.0" 404 1047 "-" "Mozilla/5.0 (Windows NT 6.1) AppleWebKit/537.36 (KHTML, like Gecko) Chrome/77.0.3865.120 Safari/537.36"
202.80.219.182 - - [02/Nov/2019:11:25:05 +0700] "GET /error_docs/styles.css HTTP/1.0" 200 2950 "http://santoaloisius.xyz/2019" "Mozilla/5.0 (Windows NT 6.1) AppleWebKit/537.36 (KHTML, like Gecko) Chrome/77.0.3865.120 Safari/537.36"
202.80.219.182 - - [02/Nov/2019:11:25:05 +0700] "GET /error_docs/server.svg HTTP/1.0" 200 7654 "http://santoaloisius.xyz/error_docs/styles.css" "Mozilla/5.0 (Windows NT 6.1) AppleWebKit/537.36 (KHTML, like Gecko) Chrome/77.0.3865.120 Safari/537.36"
202.80.219.182 - - [02/Nov/2019:11:25:06 +0700] "GET /favicon.ico HTTP/1.0" 404 1047 "http://santoaloisius.xyz/2019" "Mozilla/5.0 (Windows NT 6.1) AppleWebKit/537.36 (KHTML, like Gecko) Chrome/77.0.3865.120 Safari/537.36"
202.80.219.182 - - [02/Nov/2019:11:27:10 +0700] "GET / HTTP/1.0" 200 199 "http://santoaloisius.xyz/2019" "Mozilla/5.0 (Windows NT 6.1) AppleWebKit/537.36 (KHTML, like Gecko) Chrome/77.0.3865.120 Safari/537.36"
202.80.219.182 - - [02/Nov/2019:11:27:22 +0700] "POST /2019.php/komunitas/caripassword.php HTTP/1.0" 302 362 "http://santoaloisius.xyz/2019.php/komunitas/index.html" "Mozilla/5.0 (Linux; Android 7.1.1; CPH1725) AppleWebKit/537.36 (KHTML, like Gecko) Chrome/78.0.3904.62 Mobile Safari/537.36"
64.233.173.38 - - [02/Nov/2019:11:27:22 +0700] "GET /2019.php/komunitas/halamanutama.php HTTP/1.0" 200 3302 "http://santoaloisius.xyz/2019.php/komunitas/index.html" "Mozilla/5.0 (Linux; Android 7.1.1; CPH1725) AppleWebKit/537.36 (KHTML, like Gecko) Chrome/78.0.3904.62 Mobile Safari/537.36"
180.249.206.191 - - [02/Nov/2019:12:36:40 +0700] "GET /2019.php/komunitas/logout.php HTTP/1.0" 200 636 "http://santoaloisius.xyz/2019.php/komunitas/halamanutama.php" "Mozilla/5.0 (Windows NT 6.1) AppleWebKit/537.36 (KHTML, like Gecko) Chrome/77.0.3865.120 Safari/537.36"
64.233.173.33 - - [02/Nov/2019:16:28:27 +0700] "GET /favicon.ico HTTP/1.0" 404 1047 "http://santoaloisius.xyz/2019.php/komunitas/index.html" "Mozilla/5.0 (Linux; Android 7.1.1; CPH1725) AppleWebKit/537.36 (KHTML, like Gecko) Chrome/78.0.3904.62 Mobile Safari/537.36"
64.233.173.33 - - [02/Nov/2019:16:29:10 +0700] "GET /2019.php/komunitas/index.html HTTP/1.0" 304 128 "-" "Mozilla/5.0 (Linux; Android 7.1.1; CPH1725) AppleWebKit/537.36 (KHTML, like Gecko) Chrome/78.0.3904.62 Mobile Safari/537.36"
202.80.219.182 - - [02/Nov/2019:16:29:16 +0700] "POST /2019.php/komunitas/caripassword.php HTTP/1.0" 302 362 "http://santoaloisius.xyz/2019.php/komunitas/index.html" "Mozilla/5.0 (Linux; Android 7.1.1; CPH1725) AppleWebKit/537.36 (KHTML, like Gecko) Chrome/78.0.3904.62 Mobile Safari/537.36"
64.233.173.33 - - [02/Nov/2019:16:29:17 +0700] "GET /2019.php/komunitas/halamanutama.php HTTP/1.0" 200 3302 "http://santoaloisius.xyz/2019.php/komunitas/index.html" "Mozilla/5.0 (Linux; Android 7.1.1; CPH1725) AppleWebKit/537.36 (KHTML, like Gecko) Chrome/78.0.3904.62 Mobile Safari/537.36"
64.233.173.33 - - [02/Nov/2019:16:29:20 +0700] "GET /2019.php/komunitas/menumasuk.php HTTP/1.0" 200 1090 "http://santoaloisius.xyz/2019.php/komunitas/halamanutama.php" "Mozilla/5.0 (Linux; Android 7.1.1; CPH1725) AppleWebKit/537.36 (KHTML, like Gecko) Chrome/78.0.3904.62 Mobile Safari/537.36"
64.233.173.36 - - [02/Nov/2019:16:29:27 +0700] "GET /2019.php/komunitas/tmasuk.php?id=kas HTTP/1.0" 200 2287 "http://santoaloisius.xyz/2019.php/komunitas/menumasuk.php" "Mozilla/5.0 (Linux; Android 7.1.1; CPH1725) AppleWebKit/537.36 (KHTML, like Gecko) Chrome/78.0.3904.62 Mobile Safari/537.36"
64.233.173.36 - - [02/Nov/2019:16:30:21 +0700] "GET /2019.php/komunitas/menumasuk.php HTTP/1.0" 200 1090 "http://santoaloisius.xyz/2019.php/komunitas/halamanutama.php" "Mozilla/5.0 (Linux; Android 7.1.1; CPH1725) AppleWebKit/537.36 (KHTML, like Gecko) Chrome/78.0.3904.62 Mobile Safari/537.36"
64.233.173.36 - - [02/Nov/2019:16:30:28 +0700] "GET /2019.php/komunitas/tmasuk.php?id=kas HTTP/1.0" 200 2287 "http://santoaloisius.xyz/2019.php/komunitas/menumasuk.php" "Mozilla/5.0 (Linux; Android 7.1.1; CPH1725) AppleWebKit/537.36 (KHTML, like Gecko) Chrome/78.0.3904.62 Mobile Safari/537.36"
202.80.219.182 - - [02/Nov/2019:16:31:17 +0700] "POST /2019.php/komunitas/tmasukp.php HTTP/1.0" 200 1483 "http://santoaloisius.xyz/2019.php/komunitas/tmasuk.php?id=kas" "Mozilla/5.0 (Linux; Android 7.1.1; CPH1725) AppleWebKit/537.36 (KHTML, like Gecko) Chrome/78.0.3904.62 Mobile Safari/537.36"
202.80.219.182 - - [02/Nov/2019:16:31:58 +0700] "POST /2019.php/komunitas/tmasukp.php HTTP/1.0" 302 1514 "http://santoaloisius.xyz/2019.php/komunitas/tmasukp.php" "Mozilla/5.0 (Linux; Android 7.1.1; CPH1725) AppleWebKit/537.36 (KHTML, like Gecko) Chrome/78.0.3904.62 Mobile Safari/537.36"
64.233.173.33 - - [02/Nov/2019:16:31:59 +0700] "GET /2019.php/komunitas/halamanutama.php HTTP/1.0" 200 3302 "http://santoaloisius.xyz/2019.php/komunitas/tmasukp.php" "Mozilla/5.0 (Linux; Android 7.1.1; CPH1725) AppleWebKit/537.36 (KHTML, like Gecko) Chrome/78.0.3904.62 Mobile Safari/537.36"
64.233.173.38 - - [02/Nov/2019:16:32:16 +0700] "GET /2019.php/komunitas/menumasuk.php HTTP/1.0" 200 1090 "http://santoaloisius.xyz/2019.php/komunitas/halamanutama.php" "Mozilla/5.0 (Linux; Android 7.1.1; CPH1725) AppleWebKit/537.36 (KHTML, like Gecko) Chrome/78.0.3904.62 Mobile Safari/537.36"
64.233.173.33 - - [02/Nov/2019:16:32:18 +0700] "GET /2019.php/komunitas/halamanutama.php HTTP/1.0" 200 3302 "http://santoaloisius.xyz/2019.php/komunitas/tmasukp.php" "Mozilla/5.0 (Linux; Android 7.1.1; CPH1725) AppleWebKit/537.36 (KHTML, like Gecko) Chrome/78.0.3904.62 Mobile Safari/537.36"
64.233.173.36 - - [02/Nov/2019:16:32:19 +0700] "GET /2019.php/komunitas/menukeluar.php HTTP/1.0" 200 1085 "http://santoaloisius.xyz/2019.php/komunitas/halamanutama.php" "Mozilla/5.0 (Linux; Android 7.1.1; CPH1725) AppleWebKit/537.36 (KHTML, like Gecko) Chrome/78.0.3904.62 Mobile Safari/537.36"
64.233.173.33 - - [02/Nov/2019:16:32:21 +0700] "GET /2019.php/komunitas/setorbank.php?id=kas HTTP/1.0" 200 1509 "http://santoaloisius.xyz/2019.php/komunitas/menukeluar.php" "Mozilla/5.0 (Linux; Android 7.1.1; CPH1725) AppleWebKit/537.36 (KHTML, like Gecko) Chrome/78.0.3904.62 Mobile Safari/537.36"
202.80.219.182 - - [02/Nov/2019:16:32:56 +0700] "POST /2019.php/komunitas/tmasukp.php HTTP/1.0" 200 1511 "http://santoaloisius.xyz/2019.php/komunitas/setorbank.php?id=kas" "Mozilla/5.0 (Linux; Android 7.1.1; CPH1725) AppleWebKit/537.36 (KHTML, like Gecko) Chrome/78.0.3904.62 Mobile Safari/537.36"
202.80.219.182 - - [02/Nov/2019:16:33:02 +0700] "POST /2019.php/komunitas/tmasukp.php HTTP/1.0" 302 1542 "http://santoaloisius.xyz/2019.php/komunitas/tmasukp.php" "Mozilla/5.0 (Linux; Android 7.1.1; CPH1725) AppleWebKit/537.36 (KHTML, like Gecko) Chrome/78.0.3904.62 Mobile Safari/537.36"
64.233.173.33 - - [02/Nov/2019:16:33:02 +0700] "GET /2019.php/komunitas/halamanutama.php HTTP/1.0" 200 3302 "http://santoaloisius.xyz/2019.php/komunitas/tmasukp.php" "Mozilla/5.0 (Linux; Android 7.1.1; CPH1725) AppleWebKit/537.36 (KHTML, like Gecko) Chrome/78.0.3904.62 Mobile Safari/537.36"
64.233.173.33 - - [02/Nov/2019:16:33:06 +0700] "GET /2019.php/komunitas/menukeluar.php HTTP/1.0" 200 1085 "http://santoaloisius.xyz/2019.php/komunitas/halamanutama.php" "Mozilla/5.0 (Linux; Android 7.1.1; CPH1725) AppleWebKit/537.36 (KHTML, like Gecko) Chrome/78.0.3904.62 Mobile Safari/537.36"
64.233.173.36 - - [02/Nov/2019:16:33:07 +0700] "GET /2019.php/komunitas/tkeluar.php?id=kas HTTP/1.0" 200 3677 "http://santoaloisius.xyz/2019.php/komunitas/menukeluar.php" "Mozilla/5.0 (Linux; Android 7.1.1; CPH1725) AppleWebKit/537.36 (KHTML, like Gecko) Chrome/78.0.3904.62 Mobile Safari/537.36"
202.80.219.182 - - [02/Nov/2019:16:34:04 +0700] "POST /2019.php/komunitas/tkeluarp.php HTTP/1.0" 200 1517 "http://santoaloisius.xyz/2019.php/komunitas/tkeluar.php?id=kas" "Mozilla/5.0 (Linux; Android 7.1.1; CPH1725) AppleWebKit/537.36 (KHTML, like Gecko) Chrome/78.0.3904.62 Mobile Safari/537.36"
202.80.219.182 - - [02/Nov/2019:16:34:11 +0700] "POST /2019.php/komunitas/tkeluarp.php HTTP/1.0" 302 1548 "http://santoaloisius.xyz/2019.php/komunitas/tkeluarp.php" "Mozilla/5.0 (Linux; Android 7.1.1; CPH1725) AppleWebKit/537.36 (KHTML, like Gecko) Chrome/78.0.3904.62 Mobile Safari/537.36"
64.233.173.33 - - [02/Nov/2019:16:34:11 +0700] "GET /2019.php/komunitas/halamanutama.php HTTP/1.0" 200 3302 "http://santoaloisius.xyz/2019.php/komunitas/tkeluarp.php" "Mozilla/5.0 (Linux; Android 7.1.1; CPH1725) AppleWebKit/537.36 (KHTML, like Gecko) Chrome/78.0.3904.62 Mobile Safari/537.36"
64.233.173.33 - - [02/Nov/2019:16:34:13 +0700] "GET /2019.php/komunitas/menukeluar.php HTTP/1.0" 200 1085 "http://santoaloisius.xyz/2019.php/komunitas/halamanutama.php" "Mozilla/5.0 (Linux; Android 7.1.1; CPH1725) AppleWebKit/537.36 (KHTML, like Gecko) Chrome/78.0.3904.62 Mobile Safari/537.36"
64.233.173.36 - - [02/Nov/2019:16:34:15 +0700] "GET /2019.php/komunitas/tkeluar.php?id=kas HTTP/1.0" 200 3677 "http://santoaloisius.xyz/2019.php/komunitas/menukeluar.php" "Mozilla/5.0 (Linux; Android 7.1.1; CPH1725) AppleWebKit/537.36 (KHTML, like Gecko) Chrome/78.0.3904.62 Mobile Safari/537.36"
202.80.219.182 - - [02/Nov/2019:16:35:07 +0700] "POST /2019.php/komunitas/tkeluarp.php HTTP/1.0" 200 1515 "http://santoaloisius.xyz/2019.php/komunitas/tkeluar.php?id=kas" "Mozilla/5.0 (Linux; Android 7.1.1; CPH1725) AppleWebKit/537.36 (KHTML, like Gecko) Chrome/78.0.3904.62 Mobile Safari/537.36"
202.80.219.182 - - [02/Nov/2019:16:35:09 +0700] "POST /2019.php/komunitas/tkeluarp.php HTTP/1.0" 302 1546 "http://santoaloisius.xyz/2019.php/komunitas/tkeluarp.php" "Mozilla/5.0 (Linux; Android 7.1.1; CPH1725) AppleWebKit/537.36 (KHTML, like Gecko) Chrome/78.0.3904.62 Mobile Safari/537.36"
64.233.173.38 - - [02/Nov/2019:16:35:10 +0700] "GET /2019.php/komunitas/halamanutama.php HTTP/1.0" 200 3302 "http://santoaloisius.xyz/2019.php/komunitas/tkeluarp.php" "Mozilla/5.0 (Linux; Android 7.1.1; CPH1725) AppleWebKit/537.36 (KHTML, like Gecko) Chrome/78.0.3904.62 Mobile Safari/537.36"
64.233.173.36 - - [02/Nov/2019:16:35:11 +0700] "GET /2019.php/komunitas/menukeluar.php HTTP/1.0" 200 1085 "http://santoaloisius.xyz/2019.php/komunitas/halamanutama.php" "Mozilla/5.0 (Linux; Android 7.1.1; CPH1725) AppleWebKit/537.36 (KHTML, like Gecko) Chrome/78.0.3904.62 Mobile Safari/537.36"
64.233.173.38 - - [02/Nov/2019:16:35:12 +0700] "GET /2019.php/komunitas/tkeluar.php?id=kas HTTP/1.0" 200 3677 "http://santoaloisius.xyz/2019.php/komunitas/menukeluar.php" "Mozilla/5.0 (Linux; Android 7.1.1; CPH1725) AppleWebKit/537.36 (KHTML, like Gecko) Chrome/78.0.3904.62 Mobile Safari/537.36"
202.80.219.182 - - [02/Nov/2019:16:35:57 +0700] "POST /2019.php/komunitas/tkeluarp.php HTTP/1.0" 200 1491 "http://santoaloisius.xyz/2019.php/komunitas/tkeluar.php?id=kas" "Mozilla/5.0 (Linux; Android 7.1.1; CPH1725) AppleWebKit/537.36 (KHTML, like Gecko) Chrome/78.0.3904.62 Mobile Safari/537.36"
202.80.219.182 - - [02/Nov/2019:16:36:01 +0700] "POST /2019.php/komunitas/tkeluarp.php HTTP/1.0" 302 1522 "http://santoaloisius.xyz/2019.php/komunitas/tkeluarp.php" "Mozilla/5.0 (Linux; Android 7.1.1; CPH1725) AppleWebKit/537.36 (KHTML, like Gecko) Chrome/78.0.3904.62 Mobile Safari/537.36"
64.233.173.38 - - [02/Nov/2019:16:36:01 +0700] "GET /2019.php/komunitas/halamanutama.php HTTP/1.0" 200 3302 "http://santoaloisius.xyz/2019.php/komunitas/tkeluarp.php" "Mozilla/5.0 (Linux; Android 7.1.1; CPH1725) AppleWebKit/537.36 (KHTML, like Gecko) Chrome/78.0.3904.62 Mobile Safari/537.36"
64.233.173.38 - - [02/Nov/2019:16:36:03 +0700] "GET /2019.php/komunitas/menukeluar.php HTTP/1.0" 200 1085 "http://santoaloisius.xyz/2019.php/komunitas/halamanutama.php" "Mozilla/5.0 (Linux; Android 7.1.1; CPH1725) AppleWebKit/537.36 (KHTML, like Gecko) Chrome/78.0.3904.62 Mobile Safari/537.36"
64.233.173.33 - - [02/Nov/2019:16:36:04 +0700] "GET /2019.php/komunitas/tkeluar.php?id=kas HTTP/1.0" 200 3677 "http://santoaloisius.xyz/2019.php/komunitas/menukeluar.php" "Mozilla/5.0 (Linux; Android 7.1.1; CPH1725) AppleWebKit/537.36 (KHTML, like Gecko) Chrome/78.0.3904.62 Mobile Safari/537.36"
202.80.219.182 - - [02/Nov/2019:16:36:52 +0700] "POST /2019.php/komunitas/tkeluarp.php HTTP/1.0" 200 1519 "http://santoaloisius.xyz/2019.php/komunitas/tkeluar.php?id=kas" "Mozilla/5.0 (Linux; Android 7.1.1; CPH1725) AppleWebKit/537.36 (KHTML, like Gecko) Chrome/78.0.3904.62 Mobile Safari/537.36"
202.80.219.182 - - [02/Nov/2019:16:36:57 +0700] "POST /2019.php/komunitas/tkeluarp.php HTTP/1.0" 302 1550 "http://santoaloisius.xyz/2019.php/komunitas/tkeluarp.php" "Mozilla/5.0 (Linux; Android 7.1.1; CPH1725) AppleWebKit/537.36 (KHTML, like Gecko) Chrome/78.0.3904.62 Mobile Safari/537.36"
64.233.173.36 - - [02/Nov/2019:16:36:57 +0700] "GET /2019.php/komunitas/halamanutama.php HTTP/1.0" 200 3302 "http://santoaloisius.xyz/2019.php/komunitas/tkeluarp.php" "Mozilla/5.0 (Linux; Android 7.1.1; CPH1725) AppleWebKit/537.36 (KHTML, like Gecko) Chrome/78.0.3904.62 Mobile Safari/537.36"
64.233.173.38 - - [02/Nov/2019:16:36:59 +0700] "GET /2019.php/komunitas/menukeluar.php HTTP/1.0" 200 1085 "http://santoaloisius.xyz/2019.php/komunitas/halamanutama.php" "Mozilla/5.0 (Linux; Android 7.1.1; CPH1725) AppleWebKit/537.36 (KHTML, like Gecko) Chrome/78.0.3904.62 Mobile Safari/537.36"
64.233.173.36 - - [02/Nov/2019:16:37:00 +0700] "GET /2019.php/komunitas/tkeluar.php?id=kas HTTP/1.0" 200 3677 "http://santoaloisius.xyz/2019.php/komunitas/menukeluar.php" "Mozilla/5.0 (Linux; Android 7.1.1; CPH1725) AppleWebKit/537.36 (KHTML, like Gecko) Chrome/78.0.3904.62 Mobile Safari/537.36"
202.80.219.182 - - [02/Nov/2019:16:37:59 +0700] "POST /2019.php/komunitas/tkeluarp.php HTTP/1.0" 200 1525 "http://santoaloisius.xyz/2019.php/komunitas/tkeluar.php?id=kas" "Mozilla/5.0 (Linux; Android 7.1.1; CPH1725) AppleWebKit/537.36 (KHTML, like Gecko) Chrome/78.0.3904.62 Mobile Safari/537.36"
202.80.219.182 - - [02/Nov/2019:16:38:14 +0700] "POST /2019.php/komunitas/tkeluarp.php HTTP/1.0" 302 1556 "http://santoaloisius.xyz/2019.php/komunitas/tkeluarp.php" "Mozilla/5.0 (Linux; Android 7.1.1; CPH1725) AppleWebKit/537.36 (KHTML, like Gecko) Chrome/78.0.3904.62 Mobile Safari/537.36"
64.233.173.38 - - [02/Nov/2019:16:38:14 +0700] "GET /2019.php/komunitas/halamanutama.php HTTP/1.0" 200 3302 "http://santoaloisius.xyz/2019.php/komunitas/tkeluarp.php" "Mozilla/5.0 (Linux; Android 7.1.1; CPH1725) AppleWebKit/537.36 (KHTML, like Gecko) Chrome/78.0.3904.62 Mobile Safari/537.36"
64.233.173.33 - - [02/Nov/2019:16:38:17 +0700] "GET /2019.php/komunitas/menukeluar.php HTTP/1.0" 200 1085 "http://santoaloisius.xyz/2019.php/komunitas/halamanutama.php" "Mozilla/5.0 (Linux; Android 7.1.1; CPH1725) AppleWebKit/537.36 (KHTML, like Gecko) Chrome/78.0.3904.62 Mobile Safari/537.36"
64.233.173.33 - - [02/Nov/2019:16:38:17 +0700] "GET /2019.php/komunitas/menukeluar.php HTTP/1.0" 200 1085 "http://santoaloisius.xyz/2019.php/komunitas/halamanutama.php" "Mozilla/5.0 (Linux; Android 7.1.1; CPH1725) AppleWebKit/537.36 (KHTML, like Gecko) Chrome/78.0.3904.62 Mobile Safari/537.36"
64.233.173.36 - - [02/Nov/2019:16:38:19 +0700] "GET /2019.php/komunitas/tkeluar.php?id=kas HTTP/1.0" 200 3677 "http://santoaloisius.xyz/2019.php/komunitas/menukeluar.php" "Mozilla/5.0 (Linux; Android 7.1.1; CPH1725) AppleWebKit/537.36 (KHTML, like Gecko) Chrome/78.0.3904.62 Mobile Safari/537.36"
202.80.219.182 - - [02/Nov/2019:16:38:56 +0700] "POST /2019.php/komunitas/tkeluarp.php HTTP/1.0" 200 1491 "http://santoaloisius.xyz/2019.php/komunitas/tkeluar.php?id=kas" "Mozilla/5.0 (Linux; Android 7.1.1; CPH1725) AppleWebKit/537.36 (KHTML, like Gecko) Chrome/78.0.3904.62 Mobile Safari/537.36"
202.80.219.182 - - [02/Nov/2019:16:38:59 +0700] "POST /2019.php/komunitas/tkeluarp.php HTTP/1.0" 302 1522 "http://santoaloisius.xyz/2019.php/komunitas/tkeluarp.php" "Mozilla/5.0 (Linux; Android 7.1.1; CPH1725) AppleWebKit/537.36 (KHTML, like Gecko) Chrome/78.0.3904.62 Mobile Safari/537.36"
64.233.173.33 - - [02/Nov/2019:16:38:59 +0700] "GET /2019.php/komunitas/halamanutama.php HTTP/1.0" 200 3302 "http://santoaloisius.xyz/2019.php/komunitas/tkeluarp.php" "Mozilla/5.0 (Linux; Android 7.1.1; CPH1725) AppleWebKit/537.36 (KHTML, like Gecko) Chrome/78.0.3904.62 Mobile Safari/537.36"
64.233.173.38 - - [02/Nov/2019:16:39:00 +0700] "GET /2019.php/komunitas/menukeluar.php HTTP/1.0" 200 1085 "http://santoaloisius.xyz/2019.php/komunitas/halamanutama.php" "Mozilla/5.0 (Linux; Android 7.1.1; CPH1725) AppleWebKit/537.36 (KHTML, like Gecko) Chrome/78.0.3904.62 Mobile Safari/537.36"
64.233.173.36 - - [02/Nov/2019:16:39:01 +0700] "GET /2019.php/komunitas/tkeluar.php?id=kas HTTP/1.0" 200 3677 "http://santoaloisius.xyz/2019.php/komunitas/menukeluar.php" "Mozilla/5.0 (Linux; Android 7.1.1; CPH1725) AppleWebKit/537.36 (KHTML, like Gecko) Chrome/78.0.3904.62 Mobile Safari/537.36"
202.80.219.182 - - [02/Nov/2019:16:40:23 +0700] "POST /2019.php/komunitas/tkeluarp.php HTTP/1.0" 200 1497 "http://santoaloisius.xyz/2019.php/komunitas/tkeluar.php?id=kas" "Mozilla/5.0 (Linux; Android 7.1.1; CPH1725) AppleWebKit/537.36 (KHTML, like Gecko) Chrome/78.0.3904.62 Mobile Safari/537.36"
202.80.219.182 - - [02/Nov/2019:16:40:27 +0700] "POST /2019.php/komunitas/tkeluarp.php HTTP/1.0" 302 1528 "http://santoaloisius.xyz/2019.php/komunitas/tkeluarp.php" "Mozilla/5.0 (Linux; Android 7.1.1; CPH1725) AppleWebKit/537.36 (KHTML, like Gecko) Chrome/78.0.3904.62 Mobile Safari/537.36"
64.233.173.33 - - [02/Nov/2019:16:40:27 +0700] "GET /2019.php/komunitas/halamanutama.php HTTP/1.0" 200 3302 "http://santoaloisius.xyz/2019.php/komunitas/tkeluarp.php" "Mozilla/5.0 (Linux; Android 7.1.1; CPH1725) AppleWebKit/537.36 (KHTML, like Gecko) Chrome/78.0.3904.62 Mobile Safari/537.36"
64.233.173.33 - - [02/Nov/2019:16:40:30 +0700] "GET /2019.php/komunitas/menukeluar.php HTTP/1.0" 200 1085 "http://santoaloisius.xyz/2019.php/komunitas/halamanutama.php" "Mozilla/5.0 (Linux; Android 7.1.1; CPH1725) AppleWebKit/537.36 (KHTML, like Gecko) Chrome/78.0.3904.62 Mobile Safari/537.36"
64.233.173.36 - - [02/Nov/2019:16:40:30 +0700] "GET /2019.php/komunitas/menukeluar.php HTTP/1.0" 200 1085 "http://santoaloisius.xyz/2019.php/komunitas/halamanutama.php" "Mozilla/5.0 (Linux; Android 7.1.1; CPH1725) AppleWebKit/537.36 (KHTML, like Gecko) Chrome/78.0.3904.62 Mobile Safari/537.36"
64.233.173.38 - - [02/Nov/2019:16:40:32 +0700] "GET /2019.php/komunitas/tkeluar.php?id=kas HTTP/1.0" 200 3677 "http://santoaloisius.xyz/2019.php/komunitas/menukeluar.php" "Mozilla/5.0 (Linux; Android 7.1.1; CPH1725) AppleWebKit/537.36 (KHTML, like Gecko) Chrome/78.0.3904.62 Mobile Safari/537.36"
202.80.219.182 - - [02/Nov/2019:16:41:03 +0700] "POST /2019.php/komunitas/tkeluarp.php HTTP/1.0" 200 1483 "http://santoaloisius.xyz/2019.php/komunitas/tkeluar.php?id=kas" "Mozilla/5.0 (Linux; Android 7.1.1; CPH1725) AppleWebKit/537.36 (KHTML, like Gecko) Chrome/78.0.3904.62 Mobile Safari/537.36"
202.80.219.182 - - [02/Nov/2019:16:41:07 +0700] "POST /2019.php/komunitas/tkeluarp.php HTTP/1.0" 302 1514 "http://santoaloisius.xyz/2019.php/komunitas/tkeluarp.php" "Mozilla/5.0 (Linux; Android 7.1.1; CPH1725) AppleWebKit/537.36 (KHTML, like Gecko) Chrome/78.0.3904.62 Mobile Safari/537.36"
64.233.173.38 - - [02/Nov/2019:16:41:07 +0700] "GET /2019.php/komunitas/halamanutama.php HTTP/1.0" 200 3302 "http://santoaloisius.xyz/2019.php/komunitas/tkeluarp.php" "Mozilla/5.0 (Linux; Android 7.1.1; CPH1725) AppleWebKit/537.36 (KHTML, like Gecko) Chrome/78.0.3904.62 Mobile Safari/537.36"
64.233.173.36 - - [02/Nov/2019:16:41:32 +0700] "GET /2019.php/komunitas/menukeluar.php HTTP/1.0" 200 1085 "http://santoaloisius.xyz/2019.php/komunitas/halamanutama.php" "Mozilla/5.0 (Linux; Android 7.1.1; CPH1725) AppleWebKit/537.36 (KHTML, like Gecko) Chrome/78.0.3904.62 Mobile Safari/537.36"
64.233.173.33 - - [02/Nov/2019:16:41:33 +0700] "GET /2019.php/komunitas/tkeluar.php?id=kas HTTP/1.0" 200 3677 "http://santoaloisius.xyz/2019.php/komunitas/menukeluar.php" "Mozilla/5.0 (Linux; Android 7.1.1; CPH1725) AppleWebKit/537.36 (KHTML, like Gecko) Chrome/78.0.3904.62 Mobile Safari/537.36"
202.80.219.182 - - [02/Nov/2019:16:42:22 +0700] "POST /2019.php/komunitas/tkeluarp.php HTTP/1.0" 200 1519 "http://santoaloisius.xyz/2019.php/komunitas/tkeluar.php?id=kas" "Mozilla/5.0 (Linux; Android 7.1.1; CPH1725) AppleWebKit/537.36 (KHTML, like Gecko) Chrome/78.0.3904.62 Mobile Safari/537.36"
202.80.219.182 - - [02/Nov/2019:16:42:26 +0700] "POST /2019.php/komunitas/tkeluarp.php HTTP/1.0" 302 1550 "http://santoaloisius.xyz/2019.php/komunitas/tkeluarp.php" "Mozilla/5.0 (Linux; Android 7.1.1; CPH1725) AppleWebKit/537.36 (KHTML, like Gecko) Chrome/78.0.3904.62 Mobile Safari/537.36"
64.233.173.38 - - [02/Nov/2019:16:42:26 +0700] "GET /2019.php/komunitas/halamanutama.php HTTP/1.0" 200 3302 "http://santoaloisius.xyz/2019.php/komunitas/tkeluarp.php" "Mozilla/5.0 (Linux; Android 7.1.1; CPH1725) AppleWebKit/537.36 (KHTML, like Gecko) Chrome/78.0.3904.62 Mobile Safari/537.36"
64.233.173.38 - - [02/Nov/2019:16:42:32 +0700] "GET /2019.php/komunitas/bukuhapus.php HTTP/1.0" 200 107129 "http://santoaloisius.xyz/2019.php/komunitas/halamanutama.php" "Mozilla/5.0 (Linux; Android 7.1.1; CPH1725) AppleWebKit/537.36 (KHTML, like Gecko) Chrome/78.0.3904.62 Mobile Safari/537.36"
64.233.173.36 - - [02/Nov/2019:16:44:38 +0700] "GET /2019.php/komunitas/halamanutama.php HTTP/1.0" 200 3302 "http://santoaloisius.xyz/2019.php/komunitas/bukuhapus.php" "Mozilla/5.0 (Linux; Android 7.1.1; CPH1725) AppleWebKit/537.36 (KHTML, like Gecko) Chrome/78.0.3904.62 Mobile Safari/537.36"
64.233.173.36 - - [02/Nov/2019:16:44:39 +0700] "GET /2019.php/komunitas/menukeluar.php HTTP/1.0" 200 1085 "http://santoaloisius.xyz/2019.php/komunitas/halamanutama.php" "Mozilla/5.0 (Linux; Android 7.1.1; CPH1725) AppleWebKit/537.36 (KHTML, like Gecko) Chrome/78.0.3904.62 Mobile Safari/537.36"
64.233.173.36 - - [02/Nov/2019:16:44:40 +0700] "GET /2019.php/komunitas/tkeluar.php?id=kas HTTP/1.0" 200 3677 "http://santoaloisius.xyz/2019.php/komunitas/menukeluar.php" "Mozilla/5.0 (Linux; Android 7.1.1; CPH1725) AppleWebKit/537.36 (KHTML, like Gecko) Chrome/78.0.3904.62 Mobile Safari/537.36"
202.80.219.182 - - [02/Nov/2019:16:45:26 +0700] "POST /2019.php/komunitas/tkeluarp.php HTTP/1.0" 200 1509 "http://santoaloisius.xyz/2019.php/komunitas/tkeluar.php?id=kas" "Mozilla/5.0 (Linux; Android 7.1.1; CPH1725) AppleWebKit/537.36 (KHTML, like Gecko) Chrome/78.0.3904.62 Mobile Safari/537.36"
202.80.219.182 - - [02/Nov/2019:16:45:30 +0700] "POST /2019.php/komunitas/tkeluarp.php HTTP/1.0" 302 1540 "http://santoaloisius.xyz/2019.php/komunitas/tkeluarp.php" "Mozilla/5.0 (Linux; Android 7.1.1; CPH1725) AppleWebKit/537.36 (KHTML, like Gecko) Chrome/78.0.3904.62 Mobile Safari/537.36"
64.233.173.33 - - [02/Nov/2019:16:45:30 +0700] "GET /2019.php/komunitas/halamanutama.php HTTP/1.0" 200 3302 "http://santoaloisius.xyz/2019.php/komunitas/tkeluarp.php" "Mozilla/5.0 (Linux; Android 7.1.1; CPH1725) AppleWebKit/537.36 (KHTML, like Gecko) Chrome/78.0.3904.62 Mobile Safari/537.36"
64.233.173.38 - - [02/Nov/2019:16:45:32 +0700] "GET /2019.php/komunitas/menukeluar.php HTTP/1.0" 200 1085 "http://santoaloisius.xyz/2019.php/komunitas/halamanutama.php" "Mozilla/5.0 (Linux; Android 7.1.1; CPH1725) AppleWebKit/537.36 (KHTML, like Gecko) Chrome/78.0.3904.62 Mobile Safari/537.36"
64.233.173.33 - - [02/Nov/2019:16:45:33 +0700] "GET /2019.php/komunitas/tkeluar.php?id=kas HTTP/1.0" 200 3677 "http://santoaloisius.xyz/2019.php/komunitas/menukeluar.php" "Mozilla/5.0 (Linux; Android 7.1.1; CPH1725) AppleWebKit/537.36 (KHTML, like Gecko) Chrome/78.0.3904.62 Mobile Safari/537.36"
202.80.219.182 - - [02/Nov/2019:16:46:24 +0700] "POST /2019.php/komunitas/tkeluarp.php HTTP/1.0" 200 1503 "http://santoaloisius.xyz/2019.php/komunitas/tkeluar.php?id=kas" "Mozilla/5.0 (Linux; Android 7.1.1; CPH1725) AppleWebKit/537.36 (KHTML, like Gecko) Chrome/78.0.3904.62 Mobile Safari/537.36"
202.80.219.182 - - [02/Nov/2019:16:46:30 +0700] "POST /2019.php/komunitas/tkeluarp.php HTTP/1.0" 302 1534 "http://santoaloisius.xyz/2019.php/komunitas/tkeluarp.php" "Mozilla/5.0 (Linux; Android 7.1.1; CPH1725) AppleWebKit/537.36 (KHTML, like Gecko) Chrome/78.0.3904.62 Mobile Safari/537.36"
64.233.173.33 - - [02/Nov/2019:16:46:30 +0700] "GET /2019.php/komunitas/halamanutama.php HTTP/1.0" 200 3302 "http://santoaloisius.xyz/2019.php/komunitas/tkeluarp.php" "Mozilla/5.0 (Linux; Android 7.1.1; CPH1725) AppleWebKit/537.36 (KHTML, like Gecko) Chrome/78.0.3904.62 Mobile Safari/537.36"
64.233.173.38 - - [02/Nov/2019:16:46:36 +0700] "GET /2019.php/komunitas/bukuhapus.php HTTP/1.0" 200 108125 "http://santoaloisius.xyz/2019.php/komunitas/halamanutama.php" "Mozilla/5.0 (Linux; Android 7.1.1; CPH1725) AppleWebKit/537.36 (KHTML, like Gecko) Chrome/78.0.3904.62 Mobile Safari/537.36"
64.233.173.36 - - [02/Nov/2019:16:47:33 +0700] "GET /2019.php/komunitas/konfirmasihapus.php?kode=20191102094226 HTTP/1.0" 200 1698 "http://santoaloisius.xyz/2019.php/komunitas/bukuhapus.php" "Mozilla/5.0 (Linux; Android 7.1.1; CPH1725) AppleWebKit/537.36 (KHTML, like Gecko) Chrome/78.0.3904.62 Mobile Safari/537.36"
202.80.219.182 - - [02/Nov/2019:16:47:38 +0700] "POST /2019.php/komunitas/dohapus.php HTTP/1.0" 302 622 "http://santoaloisius.xyz/2019.php/komunitas/konfirmasihapus.php?kode=20191102094226" "Mozilla/5.0 (Linux; Android 7.1.1; CPH1725) AppleWebKit/537.36 (KHTML, like Gecko) Chrome/78.0.3904.62 Mobile Safari/537.36"
64.233.173.36 - - [02/Nov/2019:16:47:39 +0700] "GET /2019.php/komunitas/bukuhapus.php HTTP/1.0" 200 107614 "http://santoaloisius.xyz/2019.php/komunitas/konfirmasihapus.php?kode=20191102094226" "Mozilla/5.0 (Linux; Android 7.1.1; CPH1725) AppleWebKit/537.36 (KHTML, like Gecko) Chrome/78.0.3904.62 Mobile Safari/537.36"
64.233.173.36 - - [02/Nov/2019:16:47:46 +0700] "GET /2019.php/komunitas/halamanutama.php HTTP/1.0" 200 3302 "http://santoaloisius.xyz/2019.php/komunitas/bukuhapus.php" "Mozilla/5.0 (Linux; Android 7.1.1; CPH1725) AppleWebKit/537.36 (KHTML, like Gecko) Chrome/78.0.3904.62 Mobile Safari/537.36"
64.233.173.36 - - [02/Nov/2019:16:47:47 +0700] "GET /2019.php/komunitas/menukeluar.php HTTP/1.0" 200 1085 "http://santoaloisius.xyz/2019.php/komunitas/halamanutama.php" "Mozilla/5.0 (Linux; Android 7.1.1; CPH1725) AppleWebKit/537.36 (KHTML, like Gecko) Chrome/78.0.3904.62 Mobile Safari/537.36"
64.233.173.33 - - [02/Nov/2019:16:47:48 +0700] "GET /2019.php/komunitas/tkeluar.php?id=kas HTTP/1.0" 200 3677 "http://santoaloisius.xyz/2019.php/komunitas/menukeluar.php" "Mozilla/5.0 (Linux; Android 7.1.1; CPH1725) AppleWebKit/537.36 (KHTML, like Gecko) Chrome/78.0.3904.62 Mobile Safari/537.36"
202.80.219.182 - - [02/Nov/2019:16:48:14 +0700] "POST /2019.php/komunitas/tkeluarp.php HTTP/1.0" 200 1519 "http://santoaloisius.xyz/2019.php/komunitas/tkeluar.php?id=kas" "Mozilla/5.0 (Linux; Android 7.1.1; CPH1725) AppleWebKit/537.36 (KHTML, like Gecko) Chrome/78.0.3904.62 Mobile Safari/537.36"
202.80.219.182 - - [02/Nov/2019:16:48:20 +0700] "POST /2019.php/komunitas/tkeluarp.php HTTP/1.0" 302 1550 "http://santoaloisius.xyz/2019.php/komunitas/tkeluarp.php" "Mozilla/5.0 (Linux; Android 7.1.1; CPH1725) AppleWebKit/537.36 (KHTML, like Gecko) Chrome/78.0.3904.62 Mobile Safari/537.36"
64.233.173.38 - - [02/Nov/2019:16:48:21 +0700] "GET /2019.php/komunitas/halamanutama.php HTTP/1.0" 200 3302 "http://santoaloisius.xyz/2019.php/komunitas/tkeluarp.php" "Mozilla/5.0 (Linux; Android 7.1.1; CPH1725) AppleWebKit/537.36 (KHTML, like Gecko) Chrome/78.0.3904.62 Mobile Safari/537.36"
64.233.173.36 - - [02/Nov/2019:16:48:22 +0700] "GET /2019.php/komunitas/jurnalumum.php HTTP/1.0" 200 9439 "http://santoaloisius.xyz/2019.php/komunitas/halamanutama.php" "Mozilla/5.0 (Linux; Android 7.1.1; CPH1725) AppleWebKit/537.36 (KHTML, like Gecko) Chrome/78.0.3904.62 Mobile Safari/537.36"
64.233.173.38 - - [02/Nov/2019:16:48:25 +0700] "GET /2019.php/komunitas/halamanutama.php HTTP/1.0" 200 3302 "http://santoaloisius.xyz/2019.php/komunitas/jurnalumum.php" "Mozilla/5.0 (Linux; Android 7.1.1; CPH1725) AppleWebKit/537.36 (KHTML, like Gecko) Chrome/78.0.3904.62 Mobile Safari/537.36"
64.233.173.33 - - [02/Nov/2019:16:48:27 +0700] "GET /2019.php/komunitas/menukeluar.php HTTP/1.0" 200 1085 "http://santoaloisius.xyz/2019.php/komunitas/halamanutama.php" "Mozilla/5.0 (Linux; Android 7.1.1; CPH1725) AppleWebKit/537.36 (KHTML, like Gecko) Chrome/78.0.3904.62 Mobile Safari/537.36"
64.233.173.38 - - [02/Nov/2019:16:48:28 +0700] "GET /2019.php/komunitas/tkeluar.php?id=kas HTTP/1.0" 200 3677 "http://santoaloisius.xyz/2019.php/komunitas/menukeluar.php" "Mozilla/5.0 (Linux; Android 7.1.1; CPH1725) AppleWebKit/537.36 (KHTML, like Gecko) Chrome/78.0.3904.62 Mobile Safari/537.36"
202.80.219.182 - - [02/Nov/2019:16:51:33 +0700] "POST /2019.php/komunitas/tkeluarp.php HTTP/1.0" 200 1513 "http://santoaloisius.xyz/2019.php/komunitas/tkeluar.php?id=kas" "Mozilla/5.0 (Linux; Android 7.1.1; CPH1725) AppleWebKit/537.36 (KHTML, like Gecko) Chrome/78.0.3904.62 Mobile Safari/537.36"
202.80.219.182 - - [02/Nov/2019:16:51:43 +0700] "POST /2019.php/komunitas/tkeluarp.php HTTP/1.0" 302 1544 "http://santoaloisius.xyz/2019.php/komunitas/tkeluarp.php" "Mozilla/5.0 (Linux; Android 7.1.1; CPH1725) AppleWebKit/537.36 (KHTML, like Gecko) Chrome/78.0.3904.62 Mobile Safari/537.36"
64.233.173.36 - - [02/Nov/2019:16:51:43 +0700] "GET /2019.php/komunitas/halamanutama.php HTTP/1.0" 200 3302 "http://santoaloisius.xyz/2019.php/komunitas/tkeluarp.php" "Mozilla/5.0 (Linux; Android 7.1.1; CPH1725) AppleWebKit/537.36 (KHTML, like Gecko) Chrome/78.0.3904.62 Mobile Safari/537.36"
64.233.173.36 - - [02/Nov/2019:16:51:48 +0700] "GET /2019.php/komunitas/menukeluar.php HTTP/1.0" 200 1085 "http://santoaloisius.xyz/2019.php/komunitas/halamanutama.php" "Mozilla/5.0 (Linux; Android 7.1.1; CPH1725) AppleWebKit/537.36 (KHTML, like Gecko) Chrome/78.0.3904.62 Mobile Safari/537.36"
64.233.173.36 - - [02/Nov/2019:16:51:50 +0700] "GET /2019.php/komunitas/tkeluar.php?id=kas HTTP/1.0" 200 3677 "http://santoaloisius.xyz/2019.php/komunitas/menukeluar.php" "Mozilla/5.0 (Linux; Android 7.1.1; CPH1725) AppleWebKit/537.36 (KHTML, like Gecko) Chrome/78.0.3904.62 Mobile Safari/537.36"
202.80.219.182 - - [02/Nov/2019:16:54:44 +0700] "POST /2019.php/komunitas/tkeluarp.php HTTP/1.0" 200 1505 "http://santoaloisius.xyz/2019.php/komunitas/tkeluar.php?id=kas" "Mozilla/5.0 (Linux; Android 7.1.1; CPH1725) AppleWebKit/537.36 (KHTML, like Gecko) Chrome/78.0.3904.62 Mobile Safari/537.36"
202.80.219.182 - - [02/Nov/2019:16:54:46 +0700] "POST /2019.php/komunitas/tkeluarp.php HTTP/1.0" 302 1536 "http://santoaloisius.xyz/2019.php/komunitas/tkeluarp.php" "Mozilla/5.0 (Linux; Android 7.1.1; CPH1725) AppleWebKit/537.36 (KHTML, like Gecko) Chrome/78.0.3904.62 Mobile Safari/537.36"
64.233.173.33 - - [02/Nov/2019:16:54:47 +0700] "GET /2019.php/komunitas/halamanutama.php HTTP/1.0" 200 3302 "http://santoaloisius.xyz/2019.php/komunitas/tkeluarp.php" "Mozilla/5.0 (Linux; Android 7.1.1; CPH1725) AppleWebKit/537.36 (KHTML, like Gecko) Chrome/78.0.3904.62 Mobile Safari/537.36"
64.233.173.36 - - [02/Nov/2019:16:54:48 +0700] "GET /2019.php/komunitas/menukeluar.php HTTP/1.0" 200 1085 "http://santoaloisius.xyz/2019.php/komunitas/halamanutama.php" "Mozilla/5.0 (Linux; Android 7.1.1; CPH1725) AppleWebKit/537.36 (KHTML, like Gecko) Chrome/78.0.3904.62 Mobile Safari/537.36"
64.233.173.38 - - [02/Nov/2019:16:54:49 +0700] "GET /2019.php/komunitas/tkeluar.php?id=kas HTTP/1.0" 200 3677 "http://santoaloisius.xyz/2019.php/komunitas/menukeluar.php" "Mozilla/5.0 (Linux; Android 7.1.1; CPH1725) AppleWebKit/537.36 (KHTML, like Gecko) Chrome/78.0.3904.62 Mobile Safari/537.36"
202.80.219.182 - - [02/Nov/2019:16:55:28 +0700] "POST /2019.php/komunitas/tkeluarp.php HTTP/1.0" 200 1505 "http://santoaloisius.xyz/2019.php/komunitas/tkeluar.php?id=kas" "Mozilla/5.0 (Linux; Android 7.1.1; CPH1725) AppleWebKit/537.36 (KHTML, like Gecko) Chrome/78.0.3904.62 Mobile Safari/537.36"
202.80.219.182 - - [02/Nov/2019:16:55:31 +0700] "POST /2019.php/komunitas/tkeluarp.php HTTP/1.0" 302 1536 "http://santoaloisius.xyz/2019.php/komunitas/tkeluarp.php" "Mozilla/5.0 (Linux; Android 7.1.1; CPH1725) AppleWebKit/537.36 (KHTML, like Gecko) Chrome/78.0.3904.62 Mobile Safari/537.36"
64.233.173.36 - - [02/Nov/2019:16:55:31 +0700] "GET /2019.php/komunitas/halamanutama.php HTTP/1.0" 200 3302 "http://santoaloisius.xyz/2019.php/komunitas/tkeluarp.php" "Mozilla/5.0 (Linux; Android 7.1.1; CPH1725) AppleWebKit/537.36 (KHTML, like Gecko) Chrome/78.0.3904.62 Mobile Safari/537.36"
64.233.173.33 - - [02/Nov/2019:16:55:32 +0700] "GET /2019.php/komunitas/menukeluar.php HTTP/1.0" 200 1085 "http://santoaloisius.xyz/2019.php/komunitas/halamanutama.php" "Mozilla/5.0 (Linux; Android 7.1.1; CPH1725) AppleWebKit/537.36 (KHTML, like Gecko) Chrome/78.0.3904.62 Mobile Safari/537.36"
64.233.173.33 - - [02/Nov/2019:16:55:33 +0700] "GET /2019.php/komunitas/tkeluar.php?id=kas HTTP/1.0" 200 3677 "http://santoaloisius.xyz/2019.php/komunitas/menukeluar.php" "Mozilla/5.0 (Linux; Android 7.1.1; CPH1725) AppleWebKit/537.36 (KHTML, like Gecko) Chrome/78.0.3904.62 Mobile Safari/537.36"
202.80.219.182 - - [02/Nov/2019:16:56:08 +0700] "POST /2019.php/komunitas/tkeluarp.php HTTP/1.0" 200 1469 "http://santoaloisius.xyz/2019.php/komunitas/tkeluar.php?id=kas" "Mozilla/5.0 (Linux; Android 7.1.1; CPH1725) AppleWebKit/537.36 (KHTML, like Gecko) Chrome/78.0.3904.62 Mobile Safari/537.36"
202.80.219.182 - - [02/Nov/2019:16:56:14 +0700] "POST /2019.php/komunitas/tkeluarp.php HTTP/1.0" 302 1500 "http://santoaloisius.xyz/2019.php/komunitas/tkeluarp.php" "Mozilla/5.0 (Linux; Android 7.1.1; CPH1725) AppleWebKit/537.36 (KHTML, like Gecko) Chrome/78.0.3904.62 Mobile Safari/537.36"
64.233.173.36 - - [02/Nov/2019:16:56:14 +0700] "GET /2019.php/komunitas/halamanutama.php HTTP/1.0" 200 3302 "http://santoaloisius.xyz/2019.php/komunitas/tkeluarp.php" "Mozilla/5.0 (Linux; Android 7.1.1; CPH1725) AppleWebKit/537.36 (KHTML, like Gecko) Chrome/78.0.3904.62 Mobile Safari/537.36"
104.192.74.12 - - [02/Nov/2019:17:04:16 +0700] "GET /robots.txt HTTP/1.0" 404 1047 "http://www.santoaloisius.xyz/robots.txt" "Mozilla/5.0 (Macintosh; Intel Mac OS X 10_12_1) AppleWebKit/537.36 (KHTML, like Gecko) Chrome/58.0.3029.110 Safari/537.36"
104.192.74.12 - - [02/Nov/2019:17:04:17 +0700] "GET / HTTP/1.0" 200 199 "http://www.santoaloisius.xyz" "Mozilla/5.0 (Macintosh; Intel Mac OS X 10_12_1) AppleWebKit/537.36 (KHTML, like Gecko) Chrome/58.0.3029.110 Safari/537.36"
104.192.74.12 - - [02/Nov/2019:17:04:18 +0700] "GET / HTTP/1.0" 200 199 "-" "Mozilla"
64.233.173.38 - - [02/Nov/2019:17:05:59 +0700] "GET /2019.php/komunitas/menukeluar.php HTTP/1.0" 200 1085 "http://santoaloisius.xyz/2019.php/komunitas/halamanutama.php" "Mozilla/5.0 (Linux; Android 7.1.1; CPH1725) AppleWebKit/537.36 (KHTML, like Gecko) Chrome/78.0.3904.62 Mobile Safari/537.36"
64.233.173.38 - - [02/Nov/2019:17:06:01 +0700] "GET /2019.php/komunitas/tkeluar.php?id=kas HTTP/1.0" 200 3677 "http://santoaloisius.xyz/2019.php/komunitas/menukeluar.php" "Mozilla/5.0 (Linux; Android 7.1.1; CPH1725) AppleWebKit/537.36 (KHTML, like Gecko) Chrome/78.0.3904.62 Mobile Safari/537.36"
64.233.173.33 - - [02/Nov/2019:17:06:15 +0700] "GET /2019.php/komunitas/menukeluar.php HTTP/1.0" 200 1085 "http://santoaloisius.xyz/2019.php/komunitas/halamanutama.php" "Mozilla/5.0 (Linux; Android 7.1.1; CPH1725) AppleWebKit/537.36 (KHTML, like Gecko) Chrome/78.0.3904.62 Mobile Safari/537.36"
64.233.173.38 - - [02/Nov/2019:17:06:16 +0700] "GET /2019.php/komunitas/halamanutama.php HTTP/1.0" 200 3302 "http://santoaloisius.xyz/2019.php/komunitas/tkeluarp.php" "Mozilla/5.0 (Linux; Android 7.1.1; CPH1725) AppleWebKit/537.36 (KHTML, like Gecko) Chrome/78.0.3904.62 Mobile Safari/537.36"
64.233.173.36 - - [02/Nov/2019:17:06:18 +0700] "GET /2019.php/komunitas/menumasuk.php HTTP/1.0" 200 1090 "http://santoaloisius.xyz/2019.php/komunitas/halamanutama.php" "Mozilla/5.0 (Linux; Android 7.1.1; CPH1725) AppleWebKit/537.36 (KHTML, like Gecko) Chrome/78.0.3904.62 Mobile Safari/537.36"
64.233.173.38 - - [02/Nov/2019:17:06:19 +0700] "GET /2019.php/komunitas/ambilbank.php?id=kas HTTP/1.0" 200 1512 "http://santoaloisius.xyz/2019.php/komunitas/menumasuk.php" "Mozilla/5.0 (Linux; Android 7.1.1; CPH1725) AppleWebKit/537.36 (KHTML, like Gecko) Chrome/78.0.3904.62 Mobile Safari/537.36"
202.80.219.182 - - [02/Nov/2019:17:11:17 +0700] "POST /2019.php/komunitas/tmasukp.php HTTP/1.0" 200 1497 "http://santoaloisius.xyz/2019.php/komunitas/ambilbank.php?id=kas" "Mozilla/5.0 (Linux; Android 7.1.1; CPH1725) AppleWebKit/537.36 (KHTML, like Gecko) Chrome/78.0.3904.62 Mobile Safari/537.36"
202.80.219.182 - - [02/Nov/2019:17:11:21 +0700] "POST /2019.php/komunitas/tmasukp.php HTTP/1.0" 302 1528 "http://santoaloisius.xyz/2019.php/komunitas/tmasukp.php" "Mozilla/5.0 (Linux; Android 7.1.1; CPH1725) AppleWebKit/537.36 (KHTML, like Gecko) Chrome/78.0.3904.62 Mobile Safari/537.36"
64.233.173.33 - - [02/Nov/2019:17:11:22 +0700] "GET /2019.php/komunitas/halamanutama.php HTTP/1.0" 200 3302 "http://santoaloisius.xyz/2019.php/komunitas/tmasukp.php" "Mozilla/5.0 (Linux; Android 7.1.1; CPH1725) AppleWebKit/537.36 (KHTML, like Gecko) Chrome/78.0.3904.62 Mobile Safari/537.36"
64.233.173.38 - - [02/Nov/2019:17:11:54 +0700] "GET /2019.php/komunitas/menukeluar.php HTTP/1.0" 200 1085 "http://santoaloisius.xyz/2019.php/komunitas/halamanutama.php" "Mozilla/5.0 (Linux; Android 7.1.1; CPH1725) AppleWebKit/537.36 (KHTML, like Gecko) Chrome/78.0.3904.62 Mobile Safari/537.36"
64.233.173.33 - - [02/Nov/2019:17:11:56 +0700] "GET /2019.php/komunitas/tkeluar.php?id=kas HTTP/1.0" 200 3677 "http://santoaloisius.xyz/2019.php/komunitas/menukeluar.php" "Mozilla/5.0 (Linux; Android 7.1.1; CPH1725) AppleWebKit/537.36 (KHTML, like Gecko) Chrome/78.0.3904.62 Mobile Safari/537.36"
202.80.219.182 - - [02/Nov/2019:17:14:28 +0700] "POST /2019.php/komunitas/tkeluarp.php HTTP/1.0" 200 1497 "http://santoaloisius.xyz/2019.php/komunitas/tkeluar.php?id=kas" "Mozilla/5.0 (Linux; Android 7.1.1; CPH1725) AppleWebKit/537.36 (KHTML, like Gecko) Chrome/78.0.3904.62 Mobile Safari/537.36"
202.80.219.182 - - [02/Nov/2019:17:14:32 +0700] "POST /2019.php/komunitas/tkeluarp.php HTTP/1.0" 302 1528 "http://santoaloisius.xyz/2019.php/komunitas/tkeluarp.php" "Mozilla/5.0 (Linux; Android 7.1.1; CPH1725) AppleWebKit/537.36 (KHTML, like Gecko) Chrome/78.0.3904.62 Mobile Safari/537.36"
64.233.173.38 - - [02/Nov/2019:17:14:32 +0700] "GET /2019.php/komunitas/halamanutama.php HTTP/1.0" 200 3302 "http://santoaloisius.xyz/2019.php/komunitas/tkeluarp.php" "Mozilla/5.0 (Linux; Android 7.1.1; CPH1725) AppleWebKit/537.36 (KHTML, like Gecko) Chrome/78.0.3904.62 Mobile Safari/537.36"
64.233.173.38 - - [02/Nov/2019:17:14:46 +0700] "GET /2019.php/komunitas/menukeluar.php HTTP/1.0" 200 1085 "http://santoaloisius.xyz/2019.php/komunitas/halamanutama.php" "Mozilla/5.0 (Linux; Android 7.1.1; CPH1725) AppleWebKit/537.36 (KHTML, like Gecko) Chrome/78.0.3904.62 Mobile Safari/537.36"
64.233.173.38 - - [02/Nov/2019:17:14:51 +0700] "GET /2019.php/komunitas/tkeluar.php?id=kas HTTP/1.0" 200 3677 "http://santoaloisius.xyz/2019.php/komunitas/menukeluar.php" "Mozilla/5.0 (Linux; Android 7.1.1; CPH1725) AppleWebKit/537.36 (KHTML, like Gecko) Chrome/78.0.3904.62 Mobile Safari/537.36"
202.80.219.182 - - [02/Nov/2019:17:15:17 +0700] "POST /2019.php/komunitas/tkeluarp.php HTTP/1.0" 200 1469 "http://santoaloisius.xyz/2019.php/komunitas/tkeluar.php?id=kas" "Mozilla/5.0 (Linux; Android 7.1.1; CPH1725) AppleWebKit/537.36 (KHTML, like Gecko) Chrome/78.0.3904.62 Mobile Safari/537.36"
202.80.219.182 - - [02/Nov/2019:17:15:18 +0700] "POST /2019.php/komunitas/tkeluarp.php HTTP/1.0" 302 1500 "http://santoaloisius.xyz/2019.php/komunitas/tkeluarp.php" "Mozilla/5.0 (Linux; Android 7.1.1; CPH1725) AppleWebKit/537.36 (KHTML, like Gecko) Chrome/78.0.3904.62 Mobile Safari/537.36"
64.233.173.36 - - [02/Nov/2019:17:15:18 +0700] "GET /2019.php/komunitas/halamanutama.php HTTP/1.0" 200 3302 "http://santoaloisius.xyz/2019.php/komunitas/tkeluarp.php" "Mozilla/5.0 (Linux; Android 7.1.1; CPH1725) AppleWebKit/537.36 (KHTML, like Gecko) Chrome/78.0.3904.62 Mobile Safari/537.36"
64.233.173.38 - - [02/Nov/2019:17:15:21 +0700] "GET /2019.php/komunitas/bukuhapus.php HTTP/1.0" 200 111516 "http://santoaloisius.xyz/2019.php/komunitas/halamanutama.php" "Mozilla/5.0 (Linux; Android 7.1.1; CPH1725) AppleWebKit/537.36 (KHTML, like Gecko) Chrome/78.0.3904.62 Mobile Safari/537.36"
64.233.173.33 - - [02/Nov/2019:17:15:46 +0700] "GET /2019.php/komunitas/halamanutama.php HTTP/1.0" 200 3302 "http://santoaloisius.xyz/2019.php/komunitas/bukuhapus.php" "Mozilla/5.0 (Linux; Android 7.1.1; CPH1725) AppleWebKit/537.36 (KHTML, like Gecko) Chrome/78.0.3904.62 Mobile Safari/537.36"
64.233.173.36 - - [02/Nov/2019:17:15:47 +0700] "GET /2019.php/komunitas/menukeluar.php HTTP/1.0" 200 1085 "http://santoaloisius.xyz/2019.php/komunitas/halamanutama.php" "Mozilla/5.0 (Linux; Android 7.1.1; CPH1725) AppleWebKit/537.36 (KHTML, like Gecko) Chrome/78.0.3904.62 Mobile Safari/537.36"
64.233.173.38 - - [02/Nov/2019:17:15:48 +0700] "GET /2019.php/komunitas/tkeluar.php?id=kas HTTP/1.0" 200 3677 "http://santoaloisius.xyz/2019.php/komunitas/menukeluar.php" "Mozilla/5.0 (Linux; Android 7.1.1; CPH1725) AppleWebKit/537.36 (KHTML, like Gecko) Chrome/78.0.3904.62 Mobile Safari/537.36"
202.80.219.182 - - [02/Nov/2019:17:16:48 +0700] "POST /2019.php/komunitas/tkeluarp.php HTTP/1.0" 200 1468 "http://santoaloisius.xyz/2019.php/komunitas/tkeluar.php?id=kas" "Mozilla/5.0 (Linux; Android 7.1.1; CPH1725) AppleWebKit/537.36 (KHTML, like Gecko) Chrome/78.0.3904.62 Mobile Safari/537.36"
202.80.219.182 - - [02/Nov/2019:17:16:50 +0700] "POST /2019.php/komunitas/tkeluarp.php HTTP/1.0" 302 1499 "http://santoaloisius.xyz/2019.php/komunitas/tkeluarp.php" "Mozilla/5.0 (Linux; Android 7.1.1; CPH1725) AppleWebKit/537.36 (KHTML, like Gecko) Chrome/78.0.3904.62 Mobile Safari/537.36"
