64.233.173.164 - - [05/Nov/2019:09:42:36 +0700] "GET /2019.php/komunitas/index.html HTTP/1.0" 200 1060 "-" "Mozilla/5.0 (Linux; Android 5.1.1; SM-J500G) AppleWebKit/537.36 (KHTML, like Gecko) Chrome/78.0.3904.90 Mobile Safari/537.36"
64.233.173.161 - - [05/Nov/2019:09:42:44 +0700] "GET /2019.php/komunitas/smart.css HTTP/1.0" 200 941 "http://santoaloisius.xyz/2019.php/komunitas/index.html" "Mozilla/5.0 (Linux; Android 5.1.1; SM-J500G) AppleWebKit/537.36 (KHTML, like Gecko) Chrome/78.0.3904.90 Mobile Safari/537.36"
64.233.173.166 - - [05/Nov/2019:09:42:45 +0700] "GET /favicon.ico HTTP/1.0" 404 1047 "http://santoaloisius.xyz/2019.php/komunitas/index.html" "Mozilla/5.0 (Linux; Android 5.1.1; SM-J500G) AppleWebKit/537.36 (KHTML, like Gecko) Chrome/78.0.3904.90 Mobile Safari/537.36"
36.73.55.29 - - [05/Nov/2019:09:43:14 +0700] "GET /2019.php/komunitas/index.html HTTP/1.0" 200 1060 "-" "Mozilla/5.0 (Linux; Android 5.1.1; SM-J500G) AppleWebKit/537.36 (KHTML, like Gecko) Chrome/78.0.3904.90 Mobile Safari/537.36"
36.73.55.29 - - [05/Nov/2019:09:43:14 +0700] "GET /favicon.ico HTTP/1.0" 404 1047 "http://santoaloisius.xyz/2019.php/komunitas/index.html" "Mozilla/5.0 (Linux; Android 5.1.1; SM-J500G) AppleWebKit/537.36 (KHTML, like Gecko) Chrome/78.0.3904.90 Mobile Safari/537.36"
125.165.63.138 - - [05/Nov/2019:10:59:16 +0700] "GET /2019.php/komunitas/menumasuk.php HTTP/1.0" 302 1118 "-" "Mozilla/5.0 (Windows NT 6.1) AppleWebKit/537.36 (KHTML, like Gecko) Chrome/77.0.3865.120 Safari/537.36"
125.165.63.138 - - [05/Nov/2019:10:59:18 +0700] "GET /2019.php/komunitas/index.html HTTP/1.0" 304 128 "-" "Mozilla/5.0 (Windows NT 6.1) AppleWebKit/537.36 (KHTML, like Gecko) Chrome/77.0.3865.120 Safari/537.36"
125.165.63.138 - - [05/Nov/2019:10:59:28 +0700] "POST /2019.php/komunitas/caripassword.php HTTP/1.0" 302 304 "http://santoaloisius.xyz/2019.php/komunitas/index.html" "Mozilla/5.0 (Windows NT 6.1) AppleWebKit/537.36 (KHTML, like Gecko) Chrome/77.0.3865.120 Safari/537.36"
125.165.63.138 - - [05/Nov/2019:10:59:28 +0700] "GET /2019.php/komunitas/halamanutama.php HTTP/1.0" 200 3300 "http://santoaloisius.xyz/2019.php/komunitas/index.html" "Mozilla/5.0 (Windows NT 6.1) AppleWebKit/537.36 (KHTML, like Gecko) Chrome/77.0.3865.120 Safari/537.36"
125.165.63.138 - - [05/Nov/2019:11:03:38 +0700] "GET /2019.php/komunitas/jurnalumum.php HTTP/1.0" 200 9439 "http://santoaloisius.xyz/2019.php/komunitas/halamanutama.php" "Mozilla/5.0 (Windows NT 6.1) AppleWebKit/537.36 (KHTML, like Gecko) Chrome/77.0.3865.120 Safari/537.36"
125.165.63.138 - - [05/Nov/2019:11:03:45 +0700] "GET /2019.php/komunitas/halamanutama.php HTTP/1.0" 200 3300 "http://santoaloisius.xyz/2019.php/komunitas/jurnalumum.php" "Mozilla/5.0 (Windows NT 6.1) AppleWebKit/537.36 (KHTML, like Gecko) Chrome/77.0.3865.120 Safari/537.36"
180.254.240.231 - - [05/Nov/2019:17:15:36 +0700] "GET /2019.php/komunitas/index.html HTTP/1.0" 304 128 "-" "Mozilla/5.0 (Windows NT 6.1; Win64; x64) AppleWebKit/537.36 (KHTML, like Gecko) Chrome/77.0.3865.120 Safari/537.36"
180.254.240.231 - - [05/Nov/2019:17:15:42 +0700] "GET /favicon.ico HTTP/1.0" 404 1047 "http://santoaloisius.xyz/2019.php/komunitas/index.html" "Mozilla/5.0 (Windows NT 6.1; Win64; x64) AppleWebKit/537.36 (KHTML, like Gecko) Chrome/77.0.3865.120 Safari/537.36"
180.254.240.231 - - [05/Nov/2019:17:15:50 +0700] "POST /2019.php/komunitas/caripassword.php HTTP/1.0" 302 362 "http://santoaloisius.xyz/2019.php/komunitas/index.html" "Mozilla/5.0 (Windows NT 6.1; Win64; x64) AppleWebKit/537.36 (KHTML, like Gecko) Chrome/77.0.3865.120 Safari/537.36"
180.254.240.231 - - [05/Nov/2019:17:15:52 +0700] "GET /2019.php/komunitas/halamanutama.php HTTP/1.0" 200 3299 "http://santoaloisius.xyz/2019.php/komunitas/index.html" "Mozilla/5.0 (Windows NT 6.1; Win64; x64) AppleWebKit/537.36 (KHTML, like Gecko) Chrome/77.0.3865.120 Safari/537.36"
180.254.240.231 - - [05/Nov/2019:17:16:29 +0700] "GET /2019 HTTP/1.0" 404 1047 "android-app://com.google.android.googlequicksearchbox" "Mozilla/5.0 (Linux; Android 6.0.1; SM-J510FN) AppleWebKit/537.36 (KHTML, like Gecko) Chrome/74.0.3729.157 Mobile Safari/537.36"
180.254.240.231 - - [05/Nov/2019:17:16:29 +0700] "GET /error_docs/styles.css HTTP/1.0" 200 2950 "http://santoaloisius.xyz/2019" "Mozilla/5.0 (Linux; Android 6.0.1; SM-J510FN) AppleWebKit/537.36 (KHTML, like Gecko) Chrome/74.0.3729.157 Mobile Safari/537.36"
180.254.240.231 - - [05/Nov/2019:17:16:29 +0700] "GET /error_docs/styles.css HTTP/1.0" 200 2950 "http://santoaloisius.xyz/2019" "Mozilla/5.0 (Linux; Android 6.0.1; SM-J510FN) AppleWebKit/537.36 (KHTML, like Gecko) Chrome/74.0.3729.157 Mobile Safari/537.36"
180.254.240.231 - - [05/Nov/2019:17:16:30 +0700] "GET /error_docs/server.svg HTTP/1.0" 200 7654 "http://santoaloisius.xyz/error_docs/styles.css" "Mozilla/5.0 (Linux; Android 6.0.1; SM-J510FN) AppleWebKit/537.36 (KHTML, like Gecko) Chrome/74.0.3729.157 Mobile Safari/537.36"
180.254.240.231 - - [05/Nov/2019:17:16:30 +0700] "GET /favicon.ico HTTP/1.0" 404 1047 "http://santoaloisius.xyz/2019" "Mozilla/5.0 (Linux; Android 6.0.1; SM-J510FN) AppleWebKit/537.36 (KHTML, like Gecko) Chrome/74.0.3729.157 Mobile Safari/537.36"
180.254.240.231 - - [05/Nov/2019:17:16:56 +0700] "POST /2019.php/komunitas/caripassword.php HTTP/1.0" 302 304 "http://santoaloisius.xyz/2019.php/komunitas/index.html" "Mozilla/5.0 (Windows NT 6.1; Win64; x64) AppleWebKit/537.36 (KHTML, like Gecko) Chrome/77.0.3865.120 Safari/537.36"
180.254.240.231 - - [05/Nov/2019:17:16:57 +0700] "GET /2019.php/komunitas/halamanutama.php HTTP/1.0" 200 3299 "http://santoaloisius.xyz/2019.php/komunitas/index.html" "Mozilla/5.0 (Windows NT 6.1; Win64; x64) AppleWebKit/537.36 (KHTML, like Gecko) Chrome/77.0.3865.120 Safari/537.36"
180.254.240.231 - - [05/Nov/2019:17:19:10 +0700] "GET /2019.php/komunitas HTTP/1.0" 301 480 "android-app://com.google.android.googlequicksearchbox" "Mozilla/5.0 (Linux; Android 6.0.1; SM-J510FN) AppleWebKit/537.36 (KHTML, like Gecko) Chrome/74.0.3729.157 Mobile Safari/537.36"
180.254.240.231 - - [05/Nov/2019:17:19:10 +0700] "GET /2019.php/komunitas/ HTTP/1.0" 200 1060 "android-app://com.google.android.googlequicksearchbox" "Mozilla/5.0 (Linux; Android 6.0.1; SM-J510FN) AppleWebKit/537.36 (KHTML, like Gecko) Chrome/74.0.3729.157 Mobile Safari/537.36"
180.254.240.231 - - [05/Nov/2019:17:19:11 +0700] "GET /2019.php/komunitas/smart.css HTTP/1.0" 200 941 "http://santoaloisius.xyz/2019.php/komunitas/" "Mozilla/5.0 (Linux; Android 6.0.1; SM-J510FN) AppleWebKit/537.36 (KHTML, like Gecko) Chrome/74.0.3729.157 Mobile Safari/537.36"
180.254.240.231 - - [05/Nov/2019:17:19:11 +0700] "GET /2019.php/komunitas/smart.css HTTP/1.0" 200 941 "http://santoaloisius.xyz/2019.php/komunitas/" "Mozilla/5.0 (Linux; Android 6.0.1; SM-J510FN) AppleWebKit/537.36 (KHTML, like Gecko) Chrome/74.0.3729.157 Mobile Safari/537.36"
180.254.240.231 - - [05/Nov/2019:17:19:30 +0700] "POST /2019.php/komunitas/caripassword.php HTTP/1.0" 302 362 "http://santoaloisius.xyz/2019.php/komunitas/" "Mozilla/5.0 (Linux; Android 6.0.1; SM-J510FN) AppleWebKit/537.36 (KHTML, like Gecko) Chrome/74.0.3729.157 Mobile Safari/537.36"
180.254.240.231 - - [05/Nov/2019:17:19:31 +0700] "GET /2019.php/komunitas/halamanutama.php HTTP/1.0" 200 3299 "http://santoaloisius.xyz/2019.php/komunitas/" "Mozilla/5.0 (Linux; Android 6.0.1; SM-J510FN) AppleWebKit/537.36 (KHTML, like Gecko) Chrome/74.0.3729.157 Mobile Safari/537.36"
64.233.173.164 - - [05/Nov/2019:17:21:21 +0700] "GET /2019.php/komunitas HTTP/1.0" 301 480 "android-app://com.google.android.googlequicksearchbox" "Mozilla/5.0 (Linux; Android 7.0; Redmi Note 4) AppleWebKit/537.36 (KHTML, like Gecko) Chrome/78.0.3904.62 Mobile Safari/537.36"
64.233.173.166 - - [05/Nov/2019:17:21:23 +0700] "GET /2019.php/komunitas/ HTTP/1.0" 200 1060 "android-app://com.google.android.googlequicksearchbox" "Mozilla/5.0 (Linux; Android 7.0; Redmi Note 4) AppleWebKit/537.36 (KHTML, like Gecko) Chrome/78.0.3904.62 Mobile Safari/537.36"
64.233.173.166 - - [05/Nov/2019:17:21:25 +0700] "GET /2019.php/komunitas/smart.css HTTP/1.0" 200 941 "http://santoaloisius.xyz/2019.php/komunitas/" "Mozilla/5.0 (Linux; Android 7.0; Redmi Note 4) AppleWebKit/537.36 (KHTML, like Gecko) Chrome/78.0.3904.62 Mobile Safari/537.36"
64.233.173.164 - - [05/Nov/2019:17:21:26 +0700] "GET /favicon.ico HTTP/1.0" 404 1047 "http://santoaloisius.xyz/2019.php/komunitas/" "Mozilla/5.0 (Linux; Android 7.0; Redmi Note 4) AppleWebKit/537.36 (KHTML, like Gecko) Chrome/78.0.3904.62 Mobile Safari/537.36"
180.254.240.231 - - [05/Nov/2019:17:21:51 +0700] "POST /2019.php/komunitas/caripassword.php HTTP/1.0" 302 362 "http://santoaloisius.xyz/2019.php/komunitas/" "Mozilla/5.0 (Linux; Android 7.0; Redmi Note 4) AppleWebKit/537.36 (KHTML, like Gecko) Chrome/78.0.3904.62 Mobile Safari/537.36"
64.233.173.164 - - [05/Nov/2019:17:21:52 +0700] "GET /2019.php/komunitas/halamanutama.php HTTP/1.0" 200 3299 "http://santoaloisius.xyz/2019.php/komunitas/" "Mozilla/5.0 (Linux; Android 7.0; Redmi Note 4) AppleWebKit/537.36 (KHTML, like Gecko) Chrome/78.0.3904.62 Mobile Safari/537.36"
64.233.173.166 - - [05/Nov/2019:17:22:01 +0700] "GET /2019.php/komunitas/neracasaldotgl.php?tgl1=2019-11-05 HTTP/1.0" 302 2685 "-" "Mozilla/5.0 (Linux; U; Android 4.0.3; en-us; LG-L160L Build/IML74K) AppleWebkit/537.36 (KHTML, like Gecko) Version/4.0 Chrome/78.0.3904.74 Mobile Safari/537.36"
64.233.173.164 - - [05/Nov/2019:17:22:01 +0700] "GET /2019.php/komunitas/neracasaldotgl.php?tgl1=2019-11-05 HTTP/1.0" 302 2685 "-" "Mozilla/5.0 (Linux; Android 4.4.4; XT1034 Build/KXB21.14-L1.61) AppleWebKit/537.36 (KHTML, like Gecko) Chrome/59.0.3071.125 Mobile Safari/537.36 PTST/170721.190705"
66.102.6.52 - - [05/Nov/2019:17:22:01 +0700] "GET /2019.php/komunitas/neracasaldotgl.php?tgl1=2019-11-05 HTTP/1.0" 302 2685 "http://santoaloisius.xyz/" "Mozilla/5.0 (Linux; Android 4.2.1; en-us; Nexus 5 Build/JOP40D) AppleWebKit/535.19 (KHTML, like Gecko; googleweblight) Chrome/38.0.1025.166 Mobile Safari/535.19"
64.233.173.164 - - [05/Nov/2019:17:22:02 +0700] "GET /2019.php/komunitas/neracasaldotgl.php?tgl1=2019-11-05 HTTP/1.0" 302 2685 "-" "Mozilla/5.0 (Linux; Android 4.4.4; XT1034 Build/KXB21.14-L1.61) AppleWebKit/537.36 (KHTML, like Gecko) Chrome/59.0.3071.125 Mobile Safari/537.36 PTST/170721.190705"
64.233.173.164 - - [05/Nov/2019:17:22:02 +0700] "GET /2019.php/komunitas/index.html HTTP/1.0" 200 1060 "-" "Mozilla/5.0 (Linux; Android 4.4.4; XT1034 Build/KXB21.14-L1.61) AppleWebKit/537.36 (KHTML, like Gecko) Chrome/59.0.3071.125 Mobile Safari/537.36 PTST/170721.190705"
64.233.173.161 - - [05/Nov/2019:17:22:02 +0700] "GET /2019.php/komunitas/index.html HTTP/1.0" 200 1060 "-" "Mozilla/5.0 (Linux; U; Android 4.0.3; en-us; LG-L160L Build/IML74K) AppleWebkit/537.36 (KHTML, like Gecko) Version/4.0 Chrome/78.0.3904.74 Mobile Safari/537.36"
64.233.173.164 - - [05/Nov/2019:17:22:02 +0700] "GET /2019.php/komunitas/smart.css HTTP/1.0" 200 941 "http://santoaloisius.xyz/2019.php/komunitas/index.html" "Mozilla/5.0 (Linux; U; Android 4.0.3; en-us; LG-L160L Build/IML74K) AppleWebkit/537.36 (KHTML, like Gecko) Version/4.0 Chrome/78.0.3904.74 Mobile Safari/537.36"
66.102.6.52 - - [05/Nov/2019:17:22:02 +0700] "GET /2019.php/komunitas/index.html HTTP/1.0" 200 1060 "http://santoaloisius.xyz/" "Mozilla/5.0 (Linux; Android 4.2.1; en-us; Nexus 5 Build/JOP40D) AppleWebKit/535.19 (KHTML, like Gecko; googleweblight) Chrome/38.0.1025.166 Mobile Safari/535.19"
64.233.173.164 - - [05/Nov/2019:17:22:02 +0700] "GET /2019.php/komunitas/index.html HTTP/1.0" 200 1060 "-" "Mozilla/5.0 (Linux; Android 4.4.4; XT1034 Build/KXB21.14-L1.61) AppleWebKit/537.36 (KHTML, like Gecko) Chrome/59.0.3071.125 Mobile Safari/537.36 PTST/170721.190705"
64.233.173.164 - - [05/Nov/2019:17:22:02 +0700] "GET /2019.php/komunitas/aruskas.php?bl=01 HTTP/1.0" 200 11029 "http://santoaloisius.xyz/2019.php/komunitas/halamanutama.php" "Mozilla/5.0 (Linux; Android 7.0; Redmi Note 4) AppleWebKit/537.36 (KHTML, like Gecko) Chrome/78.0.3904.62 Mobile Safari/537.36"
64.233.173.166 - - [05/Nov/2019:17:22:02 +0700] "GET /2019.php/komunitas/index.html HTTP/1.0" 200 1060 "-" "Mozilla/5.0 (Linux; U; Android 4.0.3; en-us; LG-L160L Build/IML74K) AppleWebkit/537.36 (KHTML, like Gecko) Version/4.0 Chrome/78.0.3904.74 Mobile Safari/537.36"
64.233.173.161 - - [05/Nov/2019:17:22:03 +0700] "GET /2019.php/komunitas/smart.css HTTP/1.0" 200 941 "http://santoaloisius.xyz/2019.php/komunitas/index.html" "Mozilla/5.0 (Linux; Android 4.4.4; XT1034 Build/KXB21.14-L1.61) AppleWebKit/537.36 (KHTML, like Gecko) Chrome/59.0.3071.125 Mobile Safari/537.36 PTST/170721.190705"
66.102.6.50 - - [05/Nov/2019:17:22:03 +0700] "GET /2019.php/komunitas/smart.css HTTP/1.0" 200 941 "http://santoaloisius.xyz/2019.php/komunitas/index.html" "Mozilla/5.0 (Linux; Android 4.2.1; en-us; Nexus 5 Build/JOP40D) AppleWebKit/535.19 (KHTML, like Gecko; googleweblight) Chrome/38.0.1025.166 Mobile Safari/535.19"
66.102.6.50 - - [05/Nov/2019:17:22:03 +0700] "GET /2019.php/komunitas/index.html HTTP/1.0" 200 1060 "http://santoaloisius.xyz/" "Mozilla/5.0 (Linux; Android 4.2.1; en-us; Nexus 5 Build/JOP40D) AppleWebKit/535.19 (KHTML, like Gecko; googleweblight) Chrome/38.0.1025.166 Mobile Safari/535.19"
180.254.240.231 - - [05/Nov/2019:17:22:04 +0700] "GET /2019.php/komunitas/aruskas.php?bl=01 HTTP/1.0" 200 11029 "http://santoaloisius.xyz/2019.php/komunitas/halamanutama.php" "Mozilla/5.0 (Linux; Android 6.0.1; SM-J510FN) AppleWebKit/537.36 (KHTML, like Gecko) Chrome/74.0.3729.157 Mobile Safari/537.36"
64.233.173.166 - - [05/Nov/2019:17:22:06 +0700] "GET /2019.php/komunitas/aruskas.php?bl=01 HTTP/1.0" 200 11029 "http://santoaloisius.xyz/2019.php/komunitas/halamanutama.php" "Mozilla/5.0 (Linux; Android 7.0; Redmi Note 4) AppleWebKit/537.36 (KHTML, like Gecko) Chrome/78.0.3904.62 Mobile Safari/537.36"
180.254.240.231 - - [05/Nov/2019:17:22:23 +0700] "GET /2019.php/komunitas/aruskas.php?bl=10 HTTP/1.0" 200 11246 "http://santoaloisius.xyz/2019.php/komunitas/aruskas.php?bl=01" "Mozilla/5.0 (Linux; Android 6.0.1; SM-J510FN) AppleWebKit/537.36 (KHTML, like Gecko) Chrome/74.0.3729.157 Mobile Safari/537.36"
66.102.6.52 - - [05/Nov/2019:17:22:23 +0700] "GET /2019.php/komunitas/aruskas.php?bl=10 HTTP/1.0" 302 2669 "http://santoaloisius.xyz/" "Mozilla/5.0 (Linux; Android 4.2.1; en-us; Nexus 5 Build/JOP40D) AppleWebKit/535.19 (KHTML, like Gecko; googleweblight) Chrome/38.0.1025.166 Mobile Safari/535.19"
64.233.173.166 - - [05/Nov/2019:17:22:23 +0700] "GET /2019.php/komunitas/aruskas.php?bl=10 HTTP/1.0" 302 2669 "-" "Mozilla/5.0 (Linux; Android 4.4.4; XT1034 Build/KXB21.14-L1.61) AppleWebKit/537.36 (KHTML, like Gecko) Chrome/59.0.3071.125 Mobile Safari/537.36 PTST/170721.190705"
64.233.173.161 - - [05/Nov/2019:17:22:23 +0700] "GET /2019.php/komunitas/index.html HTTP/1.0" 200 1060 "-" "Mozilla/5.0 (Linux; Android 4.4.4; XT1034 Build/KXB21.14-L1.61) AppleWebKit/537.36 (KHTML, like Gecko) Chrome/59.0.3071.125 Mobile Safari/537.36 PTST/170721.190705"
64.233.173.161 - - [05/Nov/2019:17:22:24 +0700] "GET /2019.php/komunitas/aruskas.php?bl=10 HTTP/1.0" 302 2669 "-" "Mozilla/5.0 (Linux; U; Android 4.0.3; en-us; LG-L160L Build/IML74K) AppleWebkit/537.36 (KHTML, like Gecko) Version/4.0 Chrome/78.0.3904.74 Mobile Safari/537.36"
64.233.173.164 - - [05/Nov/2019:17:22:24 +0700] "GET /2019.php/komunitas/index.html HTTP/1.0" 200 1060 "-" "Mozilla/5.0 (Linux; U; Android 4.0.3; en-us; LG-L160L Build/IML74K) AppleWebkit/537.36 (KHTML, like Gecko) Version/4.0 Chrome/78.0.3904.74 Mobile Safari/537.36"
180.254.240.231 - - [05/Nov/2019:17:22:36 +0700] "GET /2019.php/komunitas/aruskas.php?bl=10 HTTP/1.0" 200 11246 "http://santoaloisius.xyz/2019.php/komunitas/aruskas.php?bl=01" "Mozilla/5.0 (Linux; Android 6.0.1; SM-J510FN) AppleWebKit/537.36 (KHTML, like Gecko) Chrome/74.0.3729.157 Mobile Safari/537.36"
66.102.6.50 - - [05/Nov/2019:17:22:42 +0700] "GET /2019.php/komunitas/aruskas.php?bl=01 HTTP/1.0" 302 2669 "http://santoaloisius.xyz/" "Mozilla/5.0 (Linux; Android 4.2.1; en-us; Nexus 5 Build/JOP40D) AppleWebKit/535.19 (KHTML, like Gecko; googleweblight) Chrome/38.0.1025.166 Mobile Safari/535.19"
64.233.173.166 - - [05/Nov/2019:17:22:42 +0700] "GET /2019.php/komunitas/aruskas.php?bl=01 HTTP/1.0" 302 2669 "-" "Mozilla/5.0 (Linux; Android 4.4.4; XT1034 Build/KXB21.14-L1.61) AppleWebKit/537.36 (KHTML, like Gecko) Chrome/59.0.3071.125 Mobile Safari/537.36 PTST/170721.190705"
64.233.173.161 - - [05/Nov/2019:17:22:43 +0700] "GET /2019.php/komunitas/index.html HTTP/1.0" 200 1060 "-" "Mozilla/5.0 (Linux; Android 4.4.4; XT1034 Build/KXB21.14-L1.61) AppleWebKit/537.36 (KHTML, like Gecko) Chrome/59.0.3071.125 Mobile Safari/537.36 PTST/170721.190705"
64.233.173.161 - - [05/Nov/2019:17:22:43 +0700] "GET /2019.php/komunitas/aruskas.php?bl=01 HTTP/1.0" 302 2669 "-" "Mozilla/5.0 (Linux; U; Android 4.0.3; en-us; LG-L160L Build/IML74K) AppleWebkit/537.36 (KHTML, like Gecko) Version/4.0 Chrome/78.0.3904.74 Mobile Safari/537.36"
64.233.173.164 - - [05/Nov/2019:17:22:43 +0700] "GET /2019.php/komunitas/index.html HTTP/1.0" 200 1060 "-" "Mozilla/5.0 (Linux; U; Android 4.0.3; en-us; LG-L160L Build/IML74K) AppleWebkit/537.36 (KHTML, like Gecko) Version/4.0 Chrome/78.0.3904.74 Mobile Safari/537.36"
180.254.240.231 - - [05/Nov/2019:17:22:43 +0700] "GET /2019.php/komunitas/aruskas.php?bl=10 HTTP/1.0" 200 11246 "-" "Mozilla/5.0 (Linux; Android 6.0.1; SM-J510FN) AppleWebKit/537.36 (KHTML, like Gecko) Chrome/74.0.3729.157 Mobile Safari/537.36"
180.254.240.231 - - [05/Nov/2019:17:23:07 +0700] "POST /2019.php/komunitas/caripassword.php HTTP/1.0" 302 304 "http://santoaloisius.xyz/2019.php/komunitas/index.html" "Mozilla/5.0 (Linux; Android 7.0; Redmi Note 4) AppleWebKit/537.36 (KHTML, like Gecko) Chrome/78.0.3904.62 Mobile Safari/537.36"
180.254.240.231 - - [05/Nov/2019:17:23:08 +0700] "GET /2019.php/komunitas/aruskas.php?bl=01 HTTP/1.0" 200 11029 "-" "Mozilla/5.0 (Windows NT 6.1; Win64; x64) AppleWebKit/537.36 (KHTML, like Gecko) Chrome/77.0.3865.120 Safari/537.36"
64.233.173.166 - - [05/Nov/2019:17:23:08 +0700] "GET /2019.php/komunitas/halamanutama.php HTTP/1.0" 200 3299 "http://santoaloisius.xyz/2019.php/komunitas/index.html" "Mozilla/5.0 (Linux; Android 7.0; Redmi Note 4) AppleWebKit/537.36 (KHTML, like Gecko) Chrome/78.0.3904.62 Mobile Safari/537.36"
180.254.240.231 - - [05/Nov/2019:17:23:10 +0700] "POST /2019.php/komunitas/caripassword.php HTTP/1.0" 302 304 "http://santoaloisius.xyz/2019.php/komunitas/index.html" "Mozilla/5.0 (Linux; Android 7.0; Redmi Note 4) AppleWebKit/537.36 (KHTML, like Gecko) Chrome/78.0.3904.62 Mobile Safari/537.36"
180.254.240.231 - - [05/Nov/2019:17:23:11 +0700] "GET /2019.php/komunitas/aruskas.php?bl=10 HTTP/1.0" 200 11246 "http://santoaloisius.xyz/2019.php/komunitas/aruskas.php?bl=10" "Mozilla/5.0 (Linux; Android 6.0.1; SM-J510FN) AppleWebKit/537.36 (KHTML, like Gecko) Chrome/74.0.3729.157 Mobile Safari/537.36"
64.233.173.166 - - [05/Nov/2019:17:23:15 +0700] "GET /2019.php/komunitas/halamanutama.php HTTP/1.0" 200 3299 "http://santoaloisius.xyz/2019.php/komunitas/index.html" "Mozilla/5.0 (Linux; Android 7.0; Redmi Note 4) AppleWebKit/537.36 (KHTML, like Gecko) Chrome/78.0.3904.62 Mobile Safari/537.36"
180.254.240.231 - - [05/Nov/2019:17:23:35 +0700] "POST /2019.php/komunitas/caripassword.php HTTP/1.0" 302 304 "http://santoaloisius.xyz/2019.php/komunitas/index.html" "Mozilla/5.0 (Linux; Android 7.0; Redmi Note 4) AppleWebKit/537.36 (KHTML, like Gecko) Chrome/78.0.3904.62 Mobile Safari/537.36"
64.233.173.166 - - [05/Nov/2019:17:23:35 +0700] "GET /2019.php/komunitas/halamanutama.php HTTP/1.0" 200 3299 "http://santoaloisius.xyz/2019.php/komunitas/index.html" "Mozilla/5.0 (Linux; Android 7.0; Redmi Note 4) AppleWebKit/537.36 (KHTML, like Gecko) Chrome/78.0.3904.62 Mobile Safari/537.36"
180.254.240.231 - - [05/Nov/2019:17:23:59 +0700] "GET /2019.php/komunitas/halamanutama.php HTTP/1.0" 200 3299 "http://santoaloisius.xyz/2019.php/komunitas/index.html" "Mozilla/5.0 (Windows NT 6.1; Win64; x64) AppleWebKit/537.36 (KHTML, like Gecko) Chrome/77.0.3865.120 Safari/537.36"
180.254.240.231 - - [05/Nov/2019:17:24:05 +0700] "POST /2019.php/komunitas/caripassword.php HTTP/1.0" 302 304 "http://santoaloisius.xyz/2019.php/komunitas/index.html" "Mozilla/5.0 (Linux; Android 7.0; Redmi Note 4) AppleWebKit/537.36 (KHTML, like Gecko) Chrome/78.0.3904.62 Mobile Safari/537.36"
64.233.173.161 - - [05/Nov/2019:17:24:05 +0700] "GET /2019.php/komunitas/halamanutama.php HTTP/1.0" 200 3299 "http://santoaloisius.xyz/2019.php/komunitas/index.html" "Mozilla/5.0 (Linux; Android 7.0; Redmi Note 4) AppleWebKit/537.36 (KHTML, like Gecko) Chrome/78.0.3904.62 Mobile Safari/537.36"
180.254.240.231 - - [05/Nov/2019:17:24:18 +0700] "POST /2019.php/komunitas/caripassword.php HTTP/1.0" 200 599 "http://santoaloisius.xyz/2019.php/komunitas/index.html" "Mozilla/5.0 (Linux; Android 7.0; Redmi Note 4) AppleWebKit/537.36 (KHTML, like Gecko) Chrome/78.0.3904.62 Mobile Safari/537.36"
180.254.240.231 - - [05/Nov/2019:17:24:35 +0700] "POST /2019.php/komunitas/caripassword.php HTTP/1.0" 302 304 "http://santoaloisius.xyz/2019.php/komunitas/index.html" "Mozilla/5.0 (Linux; Android 7.0; Redmi Note 4) AppleWebKit/537.36 (KHTML, like Gecko) Chrome/78.0.3904.62 Mobile Safari/537.36"
64.233.173.161 - - [05/Nov/2019:17:24:35 +0700] "GET /2019.php/komunitas/halamanutama.php HTTP/1.0" 200 3299 "http://santoaloisius.xyz/2019.php/komunitas/index.html" "Mozilla/5.0 (Linux; Android 7.0; Redmi Note 4) AppleWebKit/537.36 (KHTML, like Gecko) Chrome/78.0.3904.62 Mobile Safari/537.36"
66.102.6.50 - - [05/Nov/2019:17:24:51 +0700] "GET /2019.php/komunitas/halamanutama.php HTTP/1.0" 302 3387 "http://santoaloisius.xyz/" "Mozilla/5.0 (Linux; Android 4.2.1; en-us; Nexus 5 Build/JOP40D) AppleWebKit/535.19 (KHTML, like Gecko; googleweblight) Chrome/38.0.1025.166 Mobile Safari/535.19"
64.233.173.166 - - [05/Nov/2019:17:24:51 +0700] "GET /2019.php/komunitas/halamanutama.php HTTP/1.0" 302 3387 "-" "Mozilla/5.0 (Linux; Android 4.4.4; XT1034 Build/KXB21.14-L1.61) AppleWebKit/537.36 (KHTML, like Gecko) Chrome/59.0.3071.125 Mobile Safari/537.36 PTST/170721.190705"
64.233.173.166 - - [05/Nov/2019:17:24:52 +0700] "GET /2019.php/komunitas/index.html HTTP/1.0" 200 1060 "-" "Mozilla/5.0 (Linux; Android 4.4.4; XT1034 Build/KXB21.14-L1.61) AppleWebKit/537.36 (KHTML, like Gecko) Chrome/59.0.3071.125 Mobile Safari/537.36 PTST/170721.190705"
64.233.173.166 - - [05/Nov/2019:17:24:52 +0700] "GET /2019.php/komunitas/halamanutama.php HTTP/1.0" 302 3387 "-" "Mozilla/5.0 (Linux; U; Android 4.0.3; en-us; LG-L160L Build/IML74K) AppleWebkit/537.36 (KHTML, like Gecko) Version/4.0 Chrome/78.0.3904.74 Mobile Safari/537.36"
64.233.173.166 - - [05/Nov/2019:17:24:52 +0700] "GET /2019.php/komunitas/index.html HTTP/1.0" 200 1060 "-" "Mozilla/5.0 (Linux; U; Android 4.0.3; en-us; LG-L160L Build/IML74K) AppleWebkit/537.36 (KHTML, like Gecko) Version/4.0 Chrome/78.0.3904.74 Mobile Safari/537.36"
64.233.173.166 - - [05/Nov/2019:17:25:00 +0700] "GET /2019.php/komunitas%20/halmanutama.php HTTP/1.0" 404 1047 "-" "Mozilla/5.0 (Linux; Android 4.2.2; Lenovo A369i Build/JDQ39) AppleWebKit/537.36 (KHTML, like Gecko) Chrome/67.0.3396.87 Mobile Safari/537.36"
64.233.173.164 - - [05/Nov/2019:17:25:01 +0700] "GET /error_docs/styles.css HTTP/1.0" 200 2950 "http://santoaloisius.xyz/2019.php/komunitas%20/halmanutama.php" "Mozilla/5.0 (Linux; Android 4.2.2; Lenovo A369i Build/JDQ39) AppleWebKit/537.36 (KHTML, like Gecko) Chrome/67.0.3396.87 Mobile Safari/537.36"
64.233.173.164 - - [05/Nov/2019:17:25:01 +0700] "GET /error_docs/styles.css HTTP/1.0" 200 2950 "http://santoaloisius.xyz/2019.php/komunitas%20/halmanutama.php" "Mozilla/5.0 (Linux; Android 4.2.2; Lenovo A369i Build/JDQ39) AppleWebKit/537.36 (KHTML, like Gecko) Chrome/67.0.3396.87 Mobile Safari/537.36"
64.233.173.161 - - [05/Nov/2019:17:25:01 +0700] "GET /error_docs/server.svg HTTP/1.0" 200 7654 "http://santoaloisius.xyz/error_docs/styles.css" "Mozilla/5.0 (Linux; Android 4.2.2; Lenovo A369i Build/JDQ39) AppleWebKit/537.36 (KHTML, like Gecko) Chrome/67.0.3396.87 Mobile Safari/537.36"
64.233.173.161 - - [05/Nov/2019:17:25:01 +0700] "GET /favicon.ico HTTP/1.0" 404 1047 "http://santoaloisius.xyz/2019.php/komunitas%20/halmanutama.php" "Mozilla/5.0 (Linux; Android 4.2.2; Lenovo A369i Build/JDQ39) AppleWebKit/537.36 (KHTML, like Gecko) Chrome/67.0.3396.87 Mobile Safari/537.36"
64.233.173.166 - - [05/Nov/2019:17:26:23 +0700] "GET /2019.php/komunitas%20/halmanutama.php HTTP/1.0" 404 1047 "-" "Mozilla/5.0 (Linux; Android 4.2.2; Lenovo A369i Build/JDQ39) AppleWebKit/537.36 (KHTML, like Gecko) Chrome/67.0.3396.87 Mobile Safari/537.36"
180.254.240.231 - - [05/Nov/2019:17:26:27 +0700] "GET /2019.php/komunitas/aruskas.php?bl=10 HTTP/1.0" 302 2669 "http://santoaloisius.xyz/2019.php/komunitas/aruskas.php?bl=10" "Mozilla/5.0 (Linux; Android 6.0.1; SM-J510FN) AppleWebKit/537.36 (KHTML, like Gecko) Chrome/74.0.3729.157 Mobile Safari/537.36"
180.254.240.231 - - [05/Nov/2019:17:26:27 +0700] "GET /2019.php/komunitas/index.html HTTP/1.0" 200 1060 "http://santoaloisius.xyz/2019.php/komunitas/aruskas.php?bl=10" "Mozilla/5.0 (Linux; Android 6.0.1; SM-J510FN) AppleWebKit/537.36 (KHTML, like Gecko) Chrome/74.0.3729.157 Mobile Safari/537.36"
180.254.240.231 - - [05/Nov/2019:17:26:28 +0700] "GET /favicon.ico HTTP/1.0" 404 1047 "http://santoaloisius.xyz/2019.php/komunitas/index.html" "Mozilla/5.0 (Linux; Android 6.0.1; SM-J510FN) AppleWebKit/537.36 (KHTML, like Gecko) Chrome/74.0.3729.157 Mobile Safari/537.36"
180.254.240.231 - - [05/Nov/2019:17:26:30 +0700] "POST /2019.php/komunitas/caripassword.php HTTP/1.0" 302 304 "http://santoaloisius.xyz/2019.php/komunitas/index.html" "Mozilla/5.0 (Linux; Android 6.0.1; SM-J510FN) AppleWebKit/537.36 (KHTML, like Gecko) Chrome/74.0.3729.157 Mobile Safari/537.36"
180.254.240.231 - - [05/Nov/2019:17:26:30 +0700] "GET /2019.php/komunitas/halamanutama.php HTTP/1.0" 200 3299 "http://santoaloisius.xyz/2019.php/komunitas/index.html" "Mozilla/5.0 (Linux; Android 6.0.1; SM-J510FN) AppleWebKit/537.36 (KHTML, like Gecko) Chrome/74.0.3729.157 Mobile Safari/537.36"
180.254.240.231 - - [05/Nov/2019:17:26:33 +0700] "GET /2019.php/komunitas HTTP/1.0" 301 480 "android-app://com.google.android.googlequicksearchbox" "Mozilla/5.0 (Linux; Android 8.1.0; vivo 1807) AppleWebKit/537.36 (KHTML, like Gecko) Chrome/78.0.3904.62 Mobile Safari/537.36"
180.254.240.231 - - [05/Nov/2019:17:26:33 +0700] "GET /2019.php/komunitas/ HTTP/1.0" 200 1060 "android-app://com.google.android.googlequicksearchbox" "Mozilla/5.0 (Linux; Android 8.1.0; vivo 1807) AppleWebKit/537.36 (KHTML, like Gecko) Chrome/78.0.3904.62 Mobile Safari/537.36"
180.254.240.231 - - [05/Nov/2019:17:26:33 +0700] "GET /2019.php/komunitas/smart.css HTTP/1.0" 200 941 "http://santoaloisius.xyz/2019.php/komunitas/" "Mozilla/5.0 (Linux; Android 8.1.0; vivo 1807) AppleWebKit/537.36 (KHTML, like Gecko) Chrome/78.0.3904.62 Mobile Safari/537.36"
180.254.240.231 - - [05/Nov/2019:17:26:33 +0700] "GET /2019.php/komunitas/smart.css HTTP/1.0" 200 941 "http://santoaloisius.xyz/2019.php/komunitas/" "Mozilla/5.0 (Linux; Android 8.1.0; vivo 1807) AppleWebKit/537.36 (KHTML, like Gecko) Chrome/78.0.3904.62 Mobile Safari/537.36"
180.254.240.231 - - [05/Nov/2019:17:26:34 +0700] "GET /2019.php/komunitas/aruskas.php?bl=01 HTTP/1.0" 200 11029 "http://santoaloisius.xyz/2019.php/komunitas/halamanutama.php" "Mozilla/5.0 (Linux; Android 6.0.1; SM-J510FN) AppleWebKit/537.36 (KHTML, like Gecko) Chrome/74.0.3729.157 Mobile Safari/537.36"
180.254.240.231 - - [05/Nov/2019:17:26:34 +0700] "GET /favicon.ico HTTP/1.0" 404 1047 "http://santoaloisius.xyz/2019.php/komunitas/" "Mozilla/5.0 (Linux; Android 8.1.0; vivo 1807) AppleWebKit/537.36 (KHTML, like Gecko) Chrome/78.0.3904.62 Mobile Safari/537.36"
180.254.240.231 - - [05/Nov/2019:17:26:43 +0700] "POST /2019.php/komunitas/caripassword.php HTTP/1.0" 302 304 "http://santoaloisius.xyz/2019.php/komunitas/" "Mozilla/5.0 (Linux; Android 7.0; Redmi Note 4) AppleWebKit/537.36 (KHTML, like Gecko) Chrome/78.0.3904.62 Mobile Safari/537.36"
64.233.173.161 - - [05/Nov/2019:17:26:44 +0700] "GET /2019.php/komunitas/halamanutama.php HTTP/1.0" 200 3299 "http://santoaloisius.xyz/2019.php/komunitas/" "Mozilla/5.0 (Linux; Android 7.0; Redmi Note 4) AppleWebKit/537.36 (KHTML, like Gecko) Chrome/78.0.3904.62 Mobile Safari/537.36"
180.254.240.231 - - [05/Nov/2019:17:27:05 +0700] "POST /2019.php/komunitas/caripassword.php HTTP/1.0" 302 362 "http://santoaloisius.xyz/2019.php/komunitas/" "Mozilla/5.0 (Linux; Android 8.1.0; vivo 1807) AppleWebKit/537.36 (KHTML, like Gecko) Chrome/78.0.3904.62 Mobile Safari/537.36"
180.254.240.231 - - [05/Nov/2019:17:27:05 +0700] "GET /2019.php/komunitas/halamanutama.php HTTP/1.0" 200 3299 "http://santoaloisius.xyz/2019.php/komunitas/" "Mozilla/5.0 (Linux; Android 8.1.0; vivo 1807) AppleWebKit/537.36 (KHTML, like Gecko) Chrome/78.0.3904.62 Mobile Safari/537.36"
180.254.240.231 - - [05/Nov/2019:17:27:13 +0700] "POST /2019.php/komunitas/caripassword.php HTTP/1.0" 302 304 "http://santoaloisius.xyz/2019.php/komunitas/index.html" "Mozilla/5.0 (Linux; Android 7.0; Redmi Note 4) AppleWebKit/537.36 (KHTML, like Gecko) Chrome/78.0.3904.62 Mobile Safari/537.36"
64.233.173.161 - - [05/Nov/2019:17:27:13 +0700] "GET /2019.php/komunitas/halamanutama.php HTTP/1.0" 200 3299 "http://santoaloisius.xyz/2019.php/komunitas/index.html" "Mozilla/5.0 (Linux; Android 7.0; Redmi Note 4) AppleWebKit/537.36 (KHTML, like Gecko) Chrome/78.0.3904.62 Mobile Safari/537.36"
180.254.240.231 - - [05/Nov/2019:17:27:25 +0700] "GET /2019.php/komunitas/aruskas.php?bl=01 HTTP/1.0" 200 11029 "http://santoaloisius.xyz/2019.php/komunitas/halamanutama.php" "Mozilla/5.0 (Linux; Android 8.1.0; vivo 1807) AppleWebKit/537.36 (KHTML, like Gecko) Chrome/78.0.3904.62 Mobile Safari/537.36"
180.254.240.231 - - [05/Nov/2019:17:27:43 +0700] "POST /2019.php/komunitas/caripassword.php HTTP/1.0" 302 304 "http://santoaloisius.xyz/2019.php/komunitas/index.html" "Mozilla/5.0 (Linux; Android 7.0; Redmi Note 4) AppleWebKit/537.36 (KHTML, like Gecko) Chrome/78.0.3904.62 Mobile Safari/537.36"
64.233.173.161 - - [05/Nov/2019:17:27:43 +0700] "GET /2019.php/komunitas/halamanutama.php HTTP/1.0" 200 3299 "http://santoaloisius.xyz/2019.php/komunitas/index.html" "Mozilla/5.0 (Linux; Android 7.0; Redmi Note 4) AppleWebKit/537.36 (KHTML, like Gecko) Chrome/78.0.3904.62 Mobile Safari/537.36"
64.233.173.166 - - [05/Nov/2019:17:27:50 +0700] "GET /2019.php/komunitas/menumasuk.php HTTP/1.0" 200 1087 "http://santoaloisius.xyz/2019.php/komunitas/halamanutama.php" "Mozilla/5.0 (Linux; Android 7.0; Redmi Note 4) AppleWebKit/537.36 (KHTML, like Gecko) Chrome/78.0.3904.62 Mobile Safari/537.36"
64.233.173.161 - - [05/Nov/2019:17:27:54 +0700] "GET /2019.php/komunitas/tmasuk.php?id=kas HTTP/1.0" 200 2287 "http://santoaloisius.xyz/2019.php/komunitas/menumasuk.php" "Mozilla/5.0 (Linux; Android 7.0; Redmi Note 4) AppleWebKit/537.36 (KHTML, like Gecko) Chrome/78.0.3904.62 Mobile Safari/537.36"
64.233.173.166 - - [05/Nov/2019:17:27:58 +0700] "GET /2019.php/komunitas/menumasuk.php HTTP/1.0" 200 1087 "http://santoaloisius.xyz/2019.php/komunitas/halamanutama.php" "Mozilla/5.0 (Linux; Android 7.0; Redmi Note 4) AppleWebKit/537.36 (KHTML, like Gecko) Chrome/78.0.3904.62 Mobile Safari/537.36"
64.233.173.161 - - [05/Nov/2019:17:27:59 +0700] "GET /2019.php/komunitas/halamanutama.php HTTP/1.0" 200 3299 "http://santoaloisius.xyz/2019.php/komunitas/index.html" "Mozilla/5.0 (Linux; Android 7.0; Redmi Note 4) AppleWebKit/537.36 (KHTML, like Gecko) Chrome/78.0.3904.62 Mobile Safari/537.36"
64.233.173.161 - - [05/Nov/2019:17:28:04 +0700] "GET /2019.php/komunitas/aruskas.php?bl=01 HTTP/1.0" 200 11029 "http://santoaloisius.xyz/2019.php/komunitas/halamanutama.php" "Mozilla/5.0 (Linux; Android 7.0; Redmi Note 4) AppleWebKit/537.36 (KHTML, like Gecko) Chrome/78.0.3904.62 Mobile Safari/537.36"
64.233.173.166 - - [05/Nov/2019:17:28:15 +0700] "GET /2019.php/komunitas/aruskas.php?bl=10 HTTP/1.0" 200 11246 "http://santoaloisius.xyz/2019.php/komunitas/aruskas.php?bl=01" "Mozilla/5.0 (Linux; Android 7.0; Redmi Note 4) AppleWebKit/537.36 (KHTML, like Gecko) Chrome/78.0.3904.62 Mobile Safari/537.36"
180.254.240.231 - - [05/Nov/2019:17:28:22 +0700] "GET /2019.php/komunitas/aruskas.php?bl=10 HTTP/1.0" 200 11246 "http://santoaloisius.xyz/2019.php/komunitas/aruskas.php?bl=01" "Mozilla/5.0 (Linux; Android 8.1.0; vivo 1807) AppleWebKit/537.36 (KHTML, like Gecko) Chrome/78.0.3904.62 Mobile Safari/537.36"
180.254.240.231 - - [05/Nov/2019:17:28:29 +0700] "GET /2019.php/komunitas/aruskas.php?bl=10 HTTP/1.0" 200 11246 "http://santoaloisius.xyz/2019.php/komunitas/aruskas.php?bl=10" "Mozilla/5.0 (Linux; Android 8.1.0; vivo 1807) AppleWebKit/537.36 (KHTML, like Gecko) Chrome/78.0.3904.62 Mobile Safari/537.36"
180.254.240.231 - - [05/Nov/2019:17:28:31 +0700] "GET /2019.php/komunitas/aruskas.php?bl=01 HTTP/1.0" 200 11029 "http://santoaloisius.xyz/2019.php/komunitas/aruskas.php?bl=10" "Mozilla/5.0 (Linux; Android 8.1.0; vivo 1807) AppleWebKit/537.36 (KHTML, like Gecko) Chrome/78.0.3904.62 Mobile Safari/537.36"
180.254.240.231 - - [05/Nov/2019:17:28:41 +0700] "GET /2019.php/komunitas/aruskas.php?bl=10 HTTP/1.0" 200 11246 "http://santoaloisius.xyz/2019.php/komunitas/aruskas.php?bl=01" "Mozilla/5.0 (Linux; Android 8.1.0; vivo 1807) AppleWebKit/537.36 (KHTML, like Gecko) Chrome/78.0.3904.62 Mobile Safari/537.36"
180.254.240.231 - - [05/Nov/2019:17:28:50 +0700] "GET /2019.php/komunitas/aruskas.php?bl=01 HTTP/1.0" 200 11029 "http://santoaloisius.xyz/2019.php/komunitas/halamanutama.php" "Mozilla/5.0 (Windows NT 6.1; Win64; x64) AppleWebKit/537.36 (KHTML, like Gecko) Chrome/77.0.3865.120 Safari/537.36"
180.254.240.231 - - [05/Nov/2019:17:28:59 +0700] "GET /2019.php/komunitas/aruskas.php?bl=10 HTTP/1.0" 200 11246 "http://santoaloisius.xyz/2019.php/komunitas/aruskas.php?bl=01" "Mozilla/5.0 (Linux; Android 6.0.1; SM-J510FN) AppleWebKit/537.36 (KHTML, like Gecko) Chrome/74.0.3729.157 Mobile Safari/537.36"
180.254.240.231 - - [05/Nov/2019:17:29:01 +0700] "GET /2019.php/komunitas/aruskas.php?bl=10 HTTP/1.0" 200 11246 "http://santoaloisius.xyz/2019.php/komunitas/aruskas.php?bl=01" "Mozilla/5.0 (Windows NT 6.1; Win64; x64) AppleWebKit/537.36 (KHTML, like Gecko) Chrome/77.0.3865.120 Safari/537.36"
104.192.74.18 - - [05/Nov/2019:17:29:10 +0700] "GET /robots.txt HTTP/1.0" 404 1047 "http://www.santoaloisius.xyz/robots.txt" "Mozilla/5.0 (Macintosh; Intel Mac OS X 10_12_1) AppleWebKit/537.36 (KHTML, like Gecko) Chrome/58.0.3029.110 Safari/537.36"
104.192.74.18 - - [05/Nov/2019:17:29:11 +0700] "GET / HTTP/1.0" 200 199 "http://www.santoaloisius.xyz" "Mozilla/5.0 (Macintosh; Intel Mac OS X 10_12_1) AppleWebKit/537.36 (KHTML, like Gecko) Chrome/58.0.3029.110 Safari/537.36"
104.192.74.18 - - [05/Nov/2019:17:29:12 +0700] "GET / HTTP/1.0" 200 199 "-" "Mozilla"
64.233.173.161 - - [05/Nov/2019:17:29:34 +0700] "GET /2019.php/komunitas/halamanutama.php HTTP/1.0" 200 3299 "http://santoaloisius.xyz/2019.php/komunitas/aruskas.php?bl=10" "Mozilla/5.0 (Linux; Android 7.0; Redmi Note 4) AppleWebKit/537.36 (KHTML, like Gecko) Chrome/78.0.3904.62 Mobile Safari/537.36"
180.254.240.231 - - [05/Nov/2019:17:29:37 +0700] "GET /2019.php/komunitas/aruskas.php?bl=01 HTTP/1.0" 200 11029 "http://santoaloisius.xyz/2019.php/komunitas/halamanutama.php" "Mozilla/5.0 (Linux; Android 6.0.1; SM-J510FN) AppleWebKit/537.36 (KHTML, like Gecko) Chrome/74.0.3729.157 Mobile Safari/537.36"
180.254.240.231 - - [05/Nov/2019:17:29:37 +0700] "GET /2019.php/komunitas/halamanutama.php HTTP/1.0" 200 3299 "http://santoaloisius.xyz/2019.php/komunitas/index.html" "Mozilla/5.0 (Linux; Android 6.0.1; SM-J510FN) AppleWebKit/537.36 (KHTML, like Gecko) Chrome/74.0.3729.157 Mobile Safari/537.36"
64.233.173.161 - - [05/Nov/2019:17:30:08 +0700] "GET /2019.php/komunitas HTTP/1.0" 301 480 "-" "Mozilla/5.0 (Linux; Android 4.2.2; Lenovo A369i Build/JDQ39) AppleWebKit/537.36 (KHTML, like Gecko) Chrome/67.0.3396.87 Mobile Safari/537.36"
64.233.173.164 - - [05/Nov/2019:17:30:08 +0700] "GET /2019.php/komunitas/ HTTP/1.0" 200 1060 "-" "Mozilla/5.0 (Linux; Android 4.2.2; Lenovo A369i Build/JDQ39) AppleWebKit/537.36 (KHTML, like Gecko) Chrome/67.0.3396.87 Mobile Safari/537.36"
64.233.173.161 - - [05/Nov/2019:17:30:08 +0700] "GET /2019.php/komunitas/smart.css HTTP/1.0" 200 941 "http://santoaloisius.xyz/2019.php/komunitas/" "Mozilla/5.0 (Linux; Android 4.2.2; Lenovo A369i Build/JDQ39) AppleWebKit/537.36 (KHTML, like Gecko) Chrome/67.0.3396.87 Mobile Safari/537.36"
180.254.240.231 - - [05/Nov/2019:17:30:16 +0700] "GET /2019.php/komunitas/aruskas.php?bl=01 HTTP/1.0" 200 11029 "http://santoaloisius.xyz/2019.php/komunitas/aruskas.php?bl=10" "Mozilla/5.0 (Linux; Android 8.1.0; vivo 1807) AppleWebKit/537.36 (KHTML, like Gecko) Chrome/78.0.3904.62 Mobile Safari/537.36"
180.254.240.231 - - [05/Nov/2019:17:30:17 +0700] "GET /2019.php/komunitas/aruskas.php?bl=10 HTTP/1.0" 200 11246 "http://santoaloisius.xyz/2019.php/komunitas/aruskas.php?bl=10" "Mozilla/5.0 (Linux; Android 8.1.0; vivo 1807) AppleWebKit/537.36 (KHTML, like Gecko) Chrome/78.0.3904.62 Mobile Safari/537.36"
180.254.240.231 - - [05/Nov/2019:17:30:19 +0700] "GET /2019.php/komunitas/aruskas.php?bl=01 HTTP/1.0" 200 11029 "http://santoaloisius.xyz/2019.php/komunitas/halamanutama.php" "Mozilla/5.0 (Linux; Android 8.1.0; vivo 1807) AppleWebKit/537.36 (KHTML, like Gecko) Chrome/78.0.3904.62 Mobile Safari/537.36"
180.254.240.231 - - [05/Nov/2019:17:30:20 +0700] "GET /2019.php/komunitas/halamanutama.php HTTP/1.0" 200 3299 "http://santoaloisius.xyz/2019.php/komunitas/" "Mozilla/5.0 (Linux; Android 8.1.0; vivo 1807) AppleWebKit/537.36 (KHTML, like Gecko) Chrome/78.0.3904.62 Mobile Safari/537.36"
180.254.240.231 - - [05/Nov/2019:17:32:19 +0700] "POST /2019.php/komunitas/caripassword.php HTTP/1.0" 200 657 "http://santoaloisius.xyz/2019.php/komunitas/" "Mozilla/5.0 (Linux; Android 4.2.2; Lenovo A369i Build/JDQ39) AppleWebKit/537.36 (KHTML, like Gecko) Chrome/67.0.3396.87 Mobile Safari/537.36"
180.254.240.231 - - [05/Nov/2019:17:56:31 +0700] "GET /2019.php/komunitas/logout.php HTTP/1.0" 200 636 "http://santoaloisius.xyz/2019.php/komunitas/halamanutama.php" "Mozilla/5.0 (Linux; Android 7.0; Redmi Note 4) AppleWebKit/537.36 (KHTML, like Gecko) Chrome/78.0.3904.62 Mobile Safari/537.36"
64.233.173.166 - - [05/Nov/2019:17:59:06 +0700] "GET /favicon.ico HTTP/1.0" 404 1047 "http://santoaloisius.xyz/2019.php/komunitas/index.html" "Mozilla/5.0 (Linux; Android 5.1.1; SM-J500G) AppleWebKit/537.36 (KHTML, like Gecko) Chrome/78.0.3904.90 Mobile Safari/537.36"
